2026-02-21 18:21:46,969 [INFO] Activator:176 - 


2026-02-21 18:21:46,978 [INFO] Activator:177 - !SESSION log4j initialized
2026-02-21 18:21:53,710 [INFO] LogOutputStream:77 - [STDOUT_REDIRECT] 
2026-02-21 18:21:55,760 [ERROR] LogOutputStream:75 - [STDERR_REDIRECT] 
2026-02-21 18:22:02,888 [INFO] LogOutputStream:77 - [STDOUT_REDIRECT] 
2026-02-21 18:22:04,150 [INFO] ApplicationProperties:184 - Using Application install path: /Applications/STM32CubeIDE.app/Contents/Eclipse/plugins/com.st.stm32cube.common.mx_6.15.0.202507011659
2026-02-21 18:22:04,172 [INFO] DbMcusXml:78 - Set database path to: /Applications/STM32CubeIDE.app/Contents/Eclipse/plugins/com.st.stm32cube.common.mx_6.15.0.202507011659//db//mcu/
2026-02-21 18:22:04,173 [INFO] ApiDb:274 - Set plugin database path to: /Applications/STM32CubeIDE.app/Contents/Eclipse/plugins/com.st.stm32cube.common.mx_6.15.0.202507011659//db//plugins/boardmanager/
2026-02-21 18:22:04,173 [WARN] ApiDb:259 - Overriding images path with different value:  => /Applications/STM32CubeIDE.app/Contents/Eclipse/plugins/com.st.stm32cube.common.mx_6.15.0.202507011659//db//plugins/mcufinder/images/
2026-02-21 18:22:04,182 [INFO] ApiDb:250 - Set database path to: /Users/karthikkurapati/.stmcufinder/plugins/mcufinder//mcu/
2026-02-21 18:22:04,185 [INFO] DbMcusAds:125 - Set database path to: /Users/karthikkurapati/.stmcufinder/plugins/mcufinder//mcu/
2026-02-21 18:22:04,188 [INFO] CrossReferenceDbSqlite:203 - Set database path to: /Users/karthikkurapati/.stmcufinder/plugins/mcufinder//mcu/cs/
2026-02-21 18:22:04,465 [INFO] RulesReader:64 - Compatibility file has been processed (317 Rules)
2026-02-21 18:22:04,618 [INFO] DbMcusXml:78 - Set database path to: /Applications/STM32CubeIDE.app/Contents/Eclipse/plugins/com.st.stm32cube.common.mx_6.15.0.202507011659//db//mcu/
2026-02-21 18:22:04,619 [INFO] ApiDb:274 - Set plugin database path to: /Applications/STM32CubeIDE.app/Contents/Eclipse/plugins/com.st.stm32cube.common.mx_6.15.0.202507011659//db//plugins/boardmanager/
2026-02-21 18:22:04,621 [INFO] ApiDb:261 - Set plugin images path to: /Applications/STM32CubeIDE.app/Contents/Eclipse/plugins/com.st.stm32cube.common.mx_6.15.0.202507011659//db//plugins/mcufinder/images/
2026-02-21 18:22:04,623 [WARN] DbFile:41 - Overriding database path with different value: /Users/karthikkurapati/.stmcufinder/plugins/mcufinder/ => /Users/karthikkurapati/.stmcufinder/plugins/mcufinder
2026-02-21 18:22:04,623 [INFO] ApiDb:250 - Set database path to: /Users/karthikkurapati/.stmcufinder/plugins/mcufinder//mcu/
2026-02-21 18:22:04,623 [WARN] DbFile:41 - Overriding database path with different value: /Users/karthikkurapati/.stmcufinder/plugins/mcufinder/ => /Users/karthikkurapati/.stmcufinder/plugins/mcufinder
2026-02-21 18:22:04,623 [INFO] DbMcusAds:125 - Set database path to: /Users/karthikkurapati/.stmcufinder/plugins/mcufinder//mcu/
2026-02-21 18:22:04,623 [WARN] DbFile:41 - Overriding database path with different value: /Users/karthikkurapati/.stmcufinder/plugins/mcufinder/ => /Users/karthikkurapati/.stmcufinder/plugins/mcufinder
2026-02-21 18:22:04,623 [WARN] DbFile:41 - Overriding database path with different value: /Users/karthikkurapati/.stmcufinder/plugins/mcufinder/ => /Users/karthikkurapati/.stmcufinder/plugins/mcufinder
2026-02-21 18:22:04,624 [INFO] CrossReferenceDbSqlite:203 - Set database path to: /Users/karthikkurapati/.stmcufinder/plugins/mcufinder//mcu/cs/
2026-02-21 18:22:04,789 [INFO] MainPanel:274 - HeapMemory: 294649856
2026-02-21 18:22:05,246 [INFO] DbMcusXml:78 - Set database path to: /Applications/STM32CubeIDE.app/Contents/Eclipse/plugins/com.st.stm32cube.common.mx_6.15.0.202507011659//db//mcu/
2026-02-21 18:22:05,246 [INFO] ApiDb:274 - Set plugin database path to: /Applications/STM32CubeIDE.app/Contents/Eclipse/plugins/com.st.stm32cube.common.mx_6.15.0.202507011659//db//plugins/boardmanager/
2026-02-21 18:22:05,247 [INFO] ApiDb:261 - Set plugin images path to: /Applications/STM32CubeIDE.app/Contents/Eclipse/plugins/com.st.stm32cube.common.mx_6.15.0.202507011659//db//plugins/mcufinder/images/
2026-02-21 18:22:05,247 [WARN] DbFile:41 - Overriding database path with different value: /Users/karthikkurapati/.stmcufinder/plugins/mcufinder/ => /Users/karthikkurapati/.stmcufinder/plugins/mcufinder
2026-02-21 18:22:05,248 [INFO] ApiDb:250 - Set database path to: /Users/karthikkurapati/.stmcufinder/plugins/mcufinder//mcu/
2026-02-21 18:22:05,248 [WARN] DbFile:41 - Overriding database path with different value: /Users/karthikkurapati/.stmcufinder/plugins/mcufinder/ => /Users/karthikkurapati/.stmcufinder/plugins/mcufinder
2026-02-21 18:22:05,248 [INFO] DbMcusAds:125 - Set database path to: /Users/karthikkurapati/.stmcufinder/plugins/mcufinder//mcu/
2026-02-21 18:22:05,248 [WARN] DbFile:41 - Overriding database path with different value: /Users/karthikkurapati/.stmcufinder/plugins/mcufinder/ => /Users/karthikkurapati/.stmcufinder/plugins/mcufinder
2026-02-21 18:22:05,248 [WARN] DbFile:41 - Overriding database path with different value: /Users/karthikkurapati/.stmcufinder/plugins/mcufinder/ => /Users/karthikkurapati/.stmcufinder/plugins/mcufinder
2026-02-21 18:22:05,248 [INFO] CrossReferenceDbSqlite:203 - Set database path to: /Users/karthikkurapati/.stmcufinder/plugins/mcufinder//mcu/cs/
2026-02-21 18:22:05,275 [INFO] ApplicationProperties:184 - Using Application install path: /Applications/STM32CubeIDE.app/Contents/Eclipse/plugins/com.st.stm32cube.common.mx_6.15.0.202507011659
2026-02-21 18:22:05,277 [INFO] PluginManage:196 - Search for loadable plugins [exclusion list=, ]
2026-02-21 18:22:05,279 [INFO] PluginManage:310 - Check plugin analytics
2026-02-21 18:22:05,586 [INFO] AnalyticsPlugin:253 - Accepted Software Licenses: 
2026-02-21 18:22:05,586 [INFO] AnalyticsPlugin:255 - Accepted CMSIS Pack Licenses: 
2026-02-21 18:22:05,586 [INFO] AnalyticsPlugin:257 - Accepted Firmware Licenses: FW.L4.1.18.0
2026-02-21 18:22:05,601 [INFO] PluginManage:359 - Loaded plugin analytics (category:tool,tabindex:-1)
2026-02-21 18:22:05,602 [INFO] PluginManage:310 - Check plugin cadmodel
2026-02-21 18:22:05,622 [INFO] CADModel:105 - Init CAD model plugin
2026-02-21 18:22:05,623 [INFO] PluginManage:359 - Loaded plugin cadmodel (category:power,tabindex:5)
2026-02-21 18:22:05,623 [INFO] PluginManage:310 - Check plugin clock
2026-02-21 18:22:05,642 [INFO] PluginManage:359 - Loaded plugin clock (category:base,tabindex:2)
2026-02-21 18:22:05,642 [INFO] PluginManage:310 - Check plugin ddr
2026-02-21 18:22:05,646 [INFO] PluginManage:359 - Loaded plugin ddr (category:tool,tabindex:6)
2026-02-21 18:22:05,646 [INFO] PluginManage:310 - Check plugin filemanager
2026-02-21 18:22:06,317 [INFO] PluginManage:359 - Loaded plugin filemanager (category:base,tabindex:10)
2026-02-21 18:22:06,318 [INFO] PluginManage:310 - Check plugin ipmanager
2026-02-21 18:22:06,340 [INFO] PluginManage:359 - Loaded plugin ipmanager (category:base,tabindex:5)
2026-02-21 18:22:06,341 [INFO] PluginManage:310 - Check plugin lpbam
2026-02-21 18:22:06,365 [INFO] PluginManage:359 - Loaded plugin lpbam (category:base,tabindex:0)
2026-02-21 18:22:06,366 [INFO] PluginManage:310 - Check plugin memorymap
2026-02-21 18:22:06,384 [INFO] PluginManage:359 - Loaded plugin memorymap (category:base,tabindex:4)
2026-02-21 18:22:06,385 [INFO] PluginManage:310 - Check plugin pinoutandconfiguration
2026-02-21 18:22:06,397 [INFO] PluginManage:359 - Loaded plugin pinoutandconfiguration (category:base,tabindex:1)
2026-02-21 18:22:06,397 [INFO] PluginManage:310 - Check plugin pinoutconfig
2026-02-21 18:22:06,551 [WARN] SupportedApi:132 - Cannot load RTOS API schema: s4s-elt-must-match.1: The content of 'definitions' must match (annotation?, (simpleType | complexType)?, (unique | key | keyref)*)). A problem was found starting at: attribute.
2026-02-21 18:22:07,660 [INFO] PluginManage:359 - Loaded plugin pinoutconfig (category:base,tabindex:0)
2026-02-21 18:22:07,665 [INFO] PluginManage:310 - Check plugin power
2026-02-21 18:22:07,722 [INFO] PluginManage:359 - Loaded plugin power (category:power,tabindex:4)
2026-02-21 18:22:07,725 [INFO] PluginManage:310 - Check plugin projectmanager
2026-02-21 18:22:07,799 [INFO] PluginManage:359 - Loaded plugin projectmanager (category:projectmanager,tabindex:4)
2026-02-21 18:22:07,800 [INFO] PluginManage:310 - Check plugin rif
2026-02-21 18:22:07,813 [INFO] PluginManage:359 - Loaded plugin rif (category:base,tabindex:3)
2026-02-21 18:22:07,815 [INFO] PluginManage:310 - Check plugin thirdparty
2026-02-21 18:22:08,064 [INFO] PluginManage:359 - Loaded plugin thirdparty (category:base,tabindex:-1)
2026-02-21 18:22:08,065 [INFO] PluginManage:310 - Check plugin tools
2026-02-21 18:22:08,072 [INFO] PluginManage:359 - Loaded plugin tools (category:base,tabindex:7)
2026-02-21 18:22:08,072 [INFO] PluginManage:310 - Check plugin tutovideos
2026-02-21 18:22:08,064 [WARN] IntegrityCheckThread:84 - waiting for thirdparty lock release [integrity check]
2026-02-21 18:22:08,074 [INFO] IntegrityCheckThread:86 - entering critical section [integrity check]
2026-02-21 18:22:08,076 [INFO] ThirdPartyUpdaterWithRetryManager:70 - Updater plugin not ready yet. [1/15]
2026-02-21 18:22:08,363 [INFO] PluginManage:359 - Loaded plugin tutovideos (category:base,tabindex:-1)
2026-02-21 18:22:08,363 [INFO] PluginManage:310 - Check plugin updater
2026-02-21 18:22:08,403 [INFO] PluginManage:359 - Loaded plugin updater (category:base,tabindex:12)
2026-02-21 18:22:08,403 [INFO] PluginManage:310 - Check plugin userauth
2026-02-21 18:22:08,410 [INFO] UserAuth:118 - Init User Auth plugin
2026-02-21 18:22:08,411 [INFO] PluginManage:359 - Loaded plugin userauth (category:base,tabindex:14)
2026-02-21 18:22:08,413 [INFO] PluginManage:283 - PluginManage : Loaded plugins [18]
2026-02-21 18:22:08,784 [INFO] PinOutPanel:1589 - setPackage(No Configuration,No Configuration)
2026-02-21 18:22:08,909 [INFO] CADModel:165 - CPN selected for project level
2026-02-21 18:22:08,909 [INFO] CADModel:114 - Register for checkConnection events
2026-02-21 18:22:08,927 [INFO] IPUIPlugin:80 - create IPUIPlugin
2026-02-21 18:22:08,928 [INFO] PluginManager:220 - loadIPPluginJar : add mdma
2026-02-21 18:22:08,938 [INFO] IPUIPlugin:80 - create IPUIPlugin
2026-02-21 18:22:08,938 [INFO] PluginManager:220 - loadIPPluginJar : add freertos
2026-02-21 18:22:08,945 [INFO] IPUIPlugin:80 - create IPUIPlugin
2026-02-21 18:22:08,945 [INFO] PluginManager:220 - loadIPPluginJar : add gic
2026-02-21 18:22:08,957 [INFO] IPUIPlugin:80 - create IPUIPlugin
2026-02-21 18:22:08,957 [INFO] PluginManager:220 - loadIPPluginJar : add adc
2026-02-21 18:22:08,960 [INFO] IPUIPlugin:80 - create IPUIPlugin
2026-02-21 18:22:08,960 [INFO] PluginManager:220 - loadIPPluginJar : add gtzc
2026-02-21 18:22:08,962 [INFO] IPUIPlugin:80 - create IPUIPlugin
2026-02-21 18:22:08,962 [INFO] PluginManager:220 - loadIPPluginJar : add quadspi
2026-02-21 18:22:08,964 [INFO] IPUIPlugin:80 - create IPUIPlugin
2026-02-21 18:22:08,964 [INFO] PluginManager:220 - loadIPPluginJar : add aes
2026-02-21 18:22:08,967 [INFO] IPUIPlugin:80 - create IPUIPlugin
2026-02-21 18:22:08,967 [INFO] PluginManager:220 - loadIPPluginJar : add pdm2pcm
2026-02-21 18:22:08,970 [INFO] IPUIPlugin:80 - create IPUIPlugin
2026-02-21 18:22:08,970 [INFO] PluginManager:220 - loadIPPluginJar : add hash
2026-02-21 18:22:08,974 [INFO] IPUIPlugin:80 - create IPUIPlugin
2026-02-21 18:22:08,974 [INFO] PluginManager:220 - loadIPPluginJar : add tim
2026-02-21 18:22:08,977 [INFO] IPUIPlugin:80 - create IPUIPlugin
2026-02-21 18:22:08,977 [INFO] PluginManager:220 - loadIPPluginJar : add tsc
2026-02-21 18:22:08,979 [INFO] IPUIPlugin:80 - create IPUIPlugin
2026-02-21 18:22:08,980 [INFO] PluginManager:220 - loadIPPluginJar : add extmemmanager
2026-02-21 18:22:08,982 [INFO] IPUIPlugin:80 - create IPUIPlugin
2026-02-21 18:22:08,983 [INFO] PluginManager:220 - loadIPPluginJar : add ts
2026-02-21 18:22:08,984 [INFO] IPUIPlugin:80 - create IPUIPlugin
2026-02-21 18:22:08,985 [INFO] PluginManager:220 - loadIPPluginJar : add radio
2026-02-21 18:22:08,987 [INFO] IPUIPlugin:80 - create IPUIPlugin
2026-02-21 18:22:08,987 [INFO] PluginManager:220 - loadIPPluginJar : add can
2026-02-21 18:22:08,989 [INFO] IPUIPlugin:80 - create IPUIPlugin
2026-02-21 18:22:08,989 [INFO] PluginManager:220 - loadIPPluginJar : add dma3
2026-02-21 18:22:08,997 [INFO] IPUIPlugin:80 - create IPUIPlugin
2026-02-21 18:22:08,997 [INFO] PluginManager:220 - loadIPPluginJar : add dfsdm
2026-02-21 18:22:09,003 [INFO] IPUIPlugin:80 - create IPUIPlugin
2026-02-21 18:22:09,003 [INFO] PluginManager:220 - loadIPPluginJar : add spi
2026-02-21 18:22:09,005 [INFO] IPUIPlugin:80 - create IPUIPlugin
2026-02-21 18:22:09,006 [INFO] PluginManager:220 - loadIPPluginJar : add gfxmmu
2026-02-21 18:22:09,008 [INFO] IPUIPlugin:80 - create IPUIPlugin
2026-02-21 18:22:09,008 [INFO] PluginManager:220 - loadIPPluginJar : add genericplugin
2026-02-21 18:22:09,010 [INFO] IPUIPlugin:80 - create IPUIPlugin
2026-02-21 18:22:09,010 [INFO] PluginManager:220 - loadIPPluginJar : add cryp
2026-02-21 18:22:09,016 [INFO] IPUIPlugin:80 - create IPUIPlugin
2026-02-21 18:22:09,017 [INFO] PluginManager:220 - loadIPPluginJar : add gpio
2026-02-21 18:22:09,020 [INFO] IPUIPlugin:80 - create IPUIPlugin
2026-02-21 18:22:09,020 [INFO] PluginManager:220 - loadIPPluginJar : add ddr_ctrl_phy
2026-02-21 18:22:09,022 [INFO] IPUIPlugin:80 - create IPUIPlugin
2026-02-21 18:22:09,022 [INFO] PluginManager:220 - loadIPPluginJar : add comp
2026-02-21 18:22:09,025 [INFO] IPUIPlugin:80 - create IPUIPlugin
2026-02-21 18:22:09,026 [INFO] PluginManager:220 - loadIPPluginJar : add tracer_emb
2026-02-21 18:22:09,029 [INFO] IPUIPlugin:80 - create IPUIPlugin
2026-02-21 18:22:09,029 [INFO] PluginManager:220 - loadIPPluginJar : add openamp
2026-02-21 18:22:09,035 [INFO] IPUIPlugin:80 - create IPUIPlugin
2026-02-21 18:22:09,036 [INFO] PluginManager:220 - loadIPPluginJar : add stm32_wpan
2026-02-21 18:22:09,042 [INFO] IPUIPlugin:80 - create IPUIPlugin
2026-02-21 18:22:09,049 [INFO] PluginManager:220 - loadIPPluginJar : add plateformsettings
2026-02-21 18:22:09,054 [INFO] IPUIPlugin:80 - create IPUIPlugin
2026-02-21 18:22:09,055 [INFO] PluginManager:220 - loadIPPluginJar : add ipddr
2026-02-21 18:22:09,058 [INFO] IPUIPlugin:80 - create IPUIPlugin
2026-02-21 18:22:09,058 [INFO] PluginManager:220 - loadIPPluginJar : add usart
2026-02-21 18:22:09,059 [INFO] IPUIPlugin:80 - create IPUIPlugin
2026-02-21 18:22:09,059 [INFO] PluginManager:220 - loadIPPluginJar : add ltdc
2026-02-21 18:22:09,063 [INFO] IPUIPlugin:80 - create IPUIPlugin
2026-02-21 18:22:09,063 [INFO] PluginManager:220 - loadIPPluginJar : add nvic
2026-02-21 18:22:09,064 [INFO] IPUIPlugin:80 - create IPUIPlugin
2026-02-21 18:22:09,064 [INFO] PluginManager:220 - loadIPPluginJar : add fatfs
2026-02-21 18:22:09,072 [INFO] IPUIPlugin:80 - create IPUIPlugin
2026-02-21 18:22:09,073 [INFO] PluginManager:220 - loadIPPluginJar : add linkedlist
2026-02-21 18:22:09,080 [INFO] IPUIPlugin:80 - create IPUIPlugin
2026-02-21 18:22:09,081 [INFO] PluginManager:220 - loadIPPluginJar : add dma
2026-02-21 18:22:09,086 [INFO] IPUIPlugin:80 - create IPUIPlugin
2026-02-21 18:22:09,086 [INFO] PluginManager:220 - loadIPPluginJar : add fmc
2026-02-21 18:22:09,090 [INFO] IPUIPlugin:80 - create IPUIPlugin
2026-02-21 18:22:09,090 [INFO] PluginManager:220 - loadIPPluginJar : add i2s
2026-02-21 18:22:09,092 [INFO] IPUIPlugin:80 - create IPUIPlugin
2026-02-21 18:22:09,093 [INFO] PluginManager:220 - loadIPPluginJar : add ucpd
2026-02-21 18:22:09,096 [INFO] IPUIPlugin:80 - create IPUIPlugin
2026-02-21 18:22:09,096 [INFO] PluginManager:220 - loadIPPluginJar : add lorawan
2026-02-21 18:22:09,100 [INFO] IPUIPlugin:80 - create IPUIPlugin
2026-02-21 18:22:09,100 [INFO] PluginManager:220 - loadIPPluginJar : add opamp
2026-02-21 18:22:09,103 [INFO] IPUIPlugin:80 - create IPUIPlugin
2026-02-21 18:22:09,103 [INFO] PluginManager:220 - loadIPPluginJar : add i3c
2026-02-21 18:22:09,107 [INFO] IPUIPlugin:80 - create IPUIPlugin
2026-02-21 18:22:09,108 [INFO] PluginManager:220 - loadIPPluginJar : add touchsensing
2026-02-21 18:22:09,111 [INFO] IPUIPlugin:80 - create IPUIPlugin
2026-02-21 18:22:09,111 [INFO] PluginManager:220 - loadIPPluginJar : add i2c
2026-02-21 18:22:09,116 [INFO] IPUIPlugin:80 - create IPUIPlugin
2026-02-21 18:22:09,116 [INFO] PluginManager:220 - loadIPPluginJar : add resmgrutility
2026-02-21 18:22:09,119 [INFO] IPUIPlugin:80 - create IPUIPlugin
2026-02-21 18:22:09,119 [INFO] PluginManager:220 - loadIPPluginJar : add sai
2026-02-21 18:22:09,124 [INFO] IPUIPlugin:80 - create IPUIPlugin
2026-02-21 18:22:09,124 [INFO] PluginManager:220 - loadIPPluginJar : add usbx
2026-02-21 18:22:09,269 [FATAL] Updater:351 - Updater called before beeing initialized
2026-02-21 18:22:09,357 [INFO] RulesReader:64 - Compatibility file has been processed (317 Rules)
2026-02-21 18:22:09,388 [INFO] RulesReader:64 - Compatibility file has been processed (317 Rules)
2026-02-21 18:22:09,401 [INFO] CADModel:165 - CPN selected for project level
2026-02-21 18:22:09,402 [INFO] CADModel:114 - Register for checkConnection events
2026-02-21 18:22:09,402 [FATAL] Updater:351 - Updater called before beeing initialized
2026-02-21 18:22:09,402 [ERROR] CADModel:125 - Updater not yet initialized, retry later 
2026-02-21 18:22:09,844 [FATAL] Updater:351 - Updater called before beeing initialized
2026-02-21 18:22:09,847 [INFO] CADModel:165 - CPN selected for project level
2026-02-21 18:22:09,852 [INFO] CADModel:114 - Register for checkConnection events
2026-02-21 18:22:09,853 [FATAL] Updater:351 - Updater called before beeing initialized
2026-02-21 18:22:09,854 [ERROR] CADModel:125 - Updater not yet initialized, retry later 
2026-02-21 18:22:09,862 [FATAL] Updater:351 - Updater called before beeing initialized
2026-02-21 18:22:10,199 [FATAL] Updater:351 - Updater called before beeing initialized
2026-02-21 18:22:10,210 [INFO] DbMcusAds:53 - JSON generation date=Thu Jan 08 09:57:51 CST 2026 (1767887871456)
2026-02-21 18:22:10,210 [FATAL] Updater:351 - Updater called before beeing initialized
2026-02-21 18:22:10,638 [WARN] DetailPanel:346 - Failed to get advertising image, set to default
2026-02-21 18:22:10,848 [FATAL] Updater:351 - Updater called before beeing initialized
2026-02-21 18:22:10,852 [FATAL] Updater:351 - Updater called before beeing initialized
2026-02-21 18:22:10,853 [FATAL] Updater:351 - Updater called before beeing initialized
2026-02-21 18:22:10,853 [WARN] DetailPanel:346 - Failed to get advertising image, set to default
2026-02-21 18:22:10,856 [FATAL] Updater:351 - Updater called before beeing initialized
2026-02-21 18:22:10,942 [ERROR] Updater:1198 - MainUpdater not yet initialized. External WinMGr cannot be set.
2026-02-21 18:22:10,957 [INFO] Updater:1134 - Updater Version found : 6.15.0
2026-02-21 18:22:10,979 [INFO] ApplicationProperties:184 - Using Application install path: /Applications/STM32CubeIDE.app/Contents/Eclipse/plugins/com.st.stm32cube.common.mx_6.15.0.202507011659
2026-02-21 18:22:11,081 [INFO] ThirdPartyUpdaterWithRetryManager:70 - Updater plugin not ready yet. [2/15]
2026-02-21 18:22:11,509 [INFO] MainUpdater:2872 - connection check result : 10
2026-02-21 18:22:11,510 [INFO] MainUpdater:3604 - Updater definition file requires update
2026-02-21 18:22:11,512 [INFO] MainUpdater:289 - Updater Check For Update Now.
2026-02-21 18:22:11,512 [INFO] MicroXplorer:498 - Change Database Version : DB.6.0.150
2026-02-21 18:22:11,525 [INFO] McuFinderGlobals:63 - Set McuFinder mode to 2 (CubeIDE integrated)
2026-02-21 18:22:11,529 [INFO] UserAuth:487 - Internet connection configuration mode: 1
2026-02-21 18:22:11,545 [INFO] ServerAccessManage:452 - Complete download http(s) 200
2026-02-21 18:22:11,550 [INFO] ServerAccessManage:509 - Download File updaters.zip
2026-02-21 18:22:11,561 [INFO] JxBrowserEngine:152 - Initiate JxBrowser Engine with user profile folder
2026-02-21 18:22:11,714 [INFO] FileExtend:248 - Unzip File : updaters.zip
2026-02-21 18:22:11,714 [INFO] FileExtend:263 - Standard Zip Deflate
2026-02-21 18:22:12,525 [INFO] ServerAccessManage:452 - Complete download http(s) 200
2026-02-21 18:22:12,534 [INFO] ServerAccessManage:509 - Download File PacksControlFlags.xml
2026-02-21 18:22:12,696 [INFO] ServerAccessManage:452 - Complete download http(s) 200
2026-02-21 18:22:12,697 [INFO] ServerAccessManage:509 - Download File cubemx.pidx
2026-02-21 18:22:13,483 [INFO] ServerAccessManage:452 - Complete download http(s) 200
2026-02-21 18:22:13,484 [INFO] ServerAccessManage:509 - Download File STMicroelectronics.FP-SNS-MOTENVWB1.pdsc
2026-02-21 18:22:14,090 [WARN] MainUpdater:1193 - Updater busy. Cannot search thirdparties
2026-02-21 18:22:14,091 [INFO] ThirdPartyUpdaterWithRetryManager:96 - Updater plugin is busy. [1/15]
2026-02-21 18:22:15,997 [WARN] PackLoader:240 - Cannot read IP mode file for STMicroelectronics.FP-SNS-MOTENVWB1.1.5.0
2026-02-21 18:22:16,070 [INFO] PopulateThirdPartyThread:66 - Ending populate Thread
2026-02-21 18:22:16,085 [INFO] ThirdParty:1030 - CMSIS Pack Vendor :STMicroelectronics FP-SNS-MOTENVWB1 1.5.0
2026-02-21 18:22:16,087 [INFO] LoadServerUpdatesThread:375 - End of LoadServerUpdate Thread
2026-02-21 18:22:16,286 [INFO] CheckServerUpdateThread:120 - End of CheckServer Thread
2026-02-21 18:22:17,404 [WARN] PackLoader:240 - Cannot read IP mode file for STMicroelectronics.FP-SNS-MOTENVWB1.1.4.0
2026-02-21 18:22:17,477 [WARN] PackLoader:240 - Cannot read IP mode file for STMicroelectronics.FP-ATR-ASTRA1.2.0.2
2026-02-21 18:22:17,537 [WARN] PackLoader:240 - Cannot read IP mode file for STMicroelectronics.X-CUBE-SMBUS.2.1.0
2026-02-21 18:22:17,573 [WARN] PackLoader:240 - Cannot read IP mode file for STMicroelectronics.X-CUBE-ST60.1.0.0
2026-02-21 18:22:17,652 [WARN] PackLoader:240 - Cannot read IP mode file for STMicroelectronics.X-CUBE-AZRTOS-F7.1.1.0
2026-02-21 18:22:17,726 [WARN] PackLoader:240 - Cannot read IP mode file for STMicroelectronics.FP-SNS-MOTENV1.5.1.0
2026-02-21 18:22:17,770 [WARN] PackLoader:240 - Cannot read IP mode file for WES.I-CUBE-Cesium.1.4.0
2026-02-21 18:22:17,858 [WARN] PackLoader:240 - Cannot read IP mode file for Infineon.AIROC-Wi-Fi-Bluetooth-STM32.1.7.1
2026-02-21 18:22:17,982 [WARN] PackLoader:240 - Cannot read IP mode file for STMicroelectronics.X-CUBE-AZRTOS-H7.3.4.0
2026-02-21 18:22:18,035 [WARN] PackLoader:240 - Cannot read IP mode file for STMicroelectronics.X-CUBE-DISPLAY.3.0.0
2026-02-21 18:22:18,083 [WARN] PackLoader:240 - Cannot read IP mode file for STMicroelectronics.FP-SNS-MOTENVWB1.1.5.0
2026-02-21 18:22:18,113 [WARN] PackLoader:240 - Cannot read IP mode file for STMicroelectronics.X-CUBE-NFC10.1.0.0
2026-02-21 18:22:18,132 [WARN] PackLoader:240 - Cannot read IP mode file for STMicroelectronics.X-CUBE-ST60.1.1.0
2026-02-21 18:22:18,162 [WARN] PackLoader:240 - Cannot read IP mode file for emotas.I-CUBE-CANOPEN.1.3.0
2026-02-21 18:22:18,198 [WARN] PackLoader:240 - Cannot read IP mode file for STMicroelectronics.X-CUBE-GNSS1.7.1.0
2026-02-21 18:22:18,247 [WARN] PackLoader:240 - Cannot read IP mode file for STMicroelectronics.FP-SNS-STBOX1.2.1.0
2026-02-21 18:22:18,275 [WARN] PackLoader:240 - Cannot read IP mode file for STMicroelectronics.FP-SNS-SMARTAG2.1.2.0
2026-02-21 18:22:18,283 [WARN] PackLoader:240 - Cannot read IP mode file for STMicroelectronics.FP-SNS-FLIGHT1.5.1.0
2026-02-21 18:22:18,303 [INFO] LogOutputStream:77 - [STDOUT_REDIRECT] 1 : Invalid condition id : UX_CORESTACK_Condition cause : null
2026-02-21 18:22:18,307 [INFO] LogOutputStream:77 - [STDOUT_REDIRECT] 1 : Invalid condition id : UX_CORESTACK_Condition cause : null
2026-02-21 18:22:18,308 [INFO] LogOutputStream:77 - [STDOUT_REDIRECT] 1 : Invalid condition id : UX_CORESTACK_Condition cause : null
2026-02-21 18:22:18,309 [INFO] LogOutputStream:77 - [STDOUT_REDIRECT] 1 : Invalid condition id : UX_CORESTACK_Condition cause : null
2026-02-21 18:22:18,311 [INFO] LogOutputStream:77 - [STDOUT_REDIRECT] 1 : Invalid condition id : UX_CORESTACK_Condition cause : null
2026-02-21 18:22:18,323 [WARN] PackLoader:240 - Cannot read IP mode file for STMicroelectronics.X-CUBE-AZRTOS-WL.2.0.0
2026-02-21 18:22:18,335 [WARN] PackLoader:240 - Cannot read IP mode file for STMicroelectronics.FP-SNS-MOTENV1.5.0.0
2026-02-21 18:22:18,408 [WARN] PackLoader:240 - Cannot read IP mode file for STMicroelectronics.X-CUBE-AZRTOS-H7RS.1.2.0
2026-02-21 18:22:18,430 [WARN] PackLoader:240 - Cannot read IP mode file for STMicroelectronics.X-CUBE-BLE2.3.3.0
2026-02-21 18:22:18,627 [WARN] PackLoader:240 - Cannot read IP mode file for STMicroelectronics.X-CUBE-NFC9.1.0.0
2026-02-21 18:22:18,660 [WARN] PackLoader:240 - Cannot read IP mode file for wolfSSL.I-CUBE-wolfSSL.5.8.2
2026-02-21 18:22:18,701 [WARN] PackLoader:240 - Cannot read IP mode file for STMicroelectronics.X-CUBE-BLE1.7.1.0
2026-02-21 18:22:18,727 [WARN] PackLoader:240 - Cannot read IP mode file for wolfSSL.I-CUBE-wolfMQTT.1.19.2
2026-02-21 18:22:18,766 [WARN] PackLoader:240 - Cannot read IP mode file for STMicroelectronics.X-CUBE-FREERTOS.1.4.0
2026-02-21 18:22:18,793 [WARN] PackLoader:240 - Cannot read IP mode file for STMicroelectronics.X-CUBE-EEPRMA1.5.2.0
2026-02-21 18:22:18,817 [WARN] PackLoader:240 - Cannot read IP mode file for STMicroelectronics.X-CUBE-ST67W61.1.1.0
2026-02-21 18:22:19,050 [WARN] PackLoader:240 - Cannot read IP mode file for STMicroelectronics.X-CUBE-MEMS1.12.0.0
2026-02-21 18:22:19,265 [WARN] PackLoader:240 - Cannot read IP mode file for STMicroelectronics.X-CUBE-AZRTOS-G0.1.1.0
2026-02-21 18:22:19,283 [WARN] PackLoader:240 - Cannot read IP mode file for STMicroelectronics.X-CUBE-SAFEA1.1.2.2
2026-02-21 18:22:19,294 [WARN] PackLoader:240 - Cannot read IP mode file for STMicroelectronics.X-CUBE-NFC4.3.0.0
2026-02-21 18:22:19,316 [WARN] PackLoader:240 - Cannot read IP mode file for EmbeddedOffice.I-CUBE-FS-RTOS.1.0.1
2026-02-21 18:22:19,337 [WARN] PackLoader:240 - Cannot read IP mode file for STMicroelectronics.X-CUBE-WB05N.2.0.0
2026-02-21 18:22:19,344 [WARN] PackLoader:240 - Cannot read IP mode file for wolfSSL.I-CUBE-wolfTPM.3.8.0
2026-02-21 18:22:19,353 [WARN] PackLoader:240 - Cannot read IP mode file for STMicroelectronics.X-CUBE-TCPP.4.2.0
2026-02-21 18:22:19,361 [WARN] PackLoader:240 - Cannot read IP mode file for RealThread.X-CUBE-RT-Thread_Nano.4.1.1
2026-02-21 18:22:19,366 [WARN] PackLoader:240 - Cannot read IP mode file for STMicroelectronics.FP-ATR-SIGFOX1.3.2.0
2026-02-21 18:22:19,375 [WARN] PackLoader:240 - Cannot read IP mode file for ITTIA_DB.I-CUBE-ITTIADB.8.9.0
2026-02-21 18:22:19,391 [WARN] PackLoader:240 - Cannot read IP mode file for STMicroelectronics.X-CUBE-NFC6.3.2.0
2026-02-21 18:22:19,408 [WARN] PackLoader:240 - Cannot read IP mode file for STMicroelectronics.X-CUBE-ST67W61.1.0.0
2026-02-21 18:22:19,424 [WARN] PackLoader:240 - Cannot read IP mode file for STMicroelectronics.X-CUBE-AI.10.2.0
2026-02-21 18:22:19,484 [WARN] PackLoader:240 - Cannot read IP mode file for SEGGER.I-CUBE-embOS.1.3.1
2026-02-21 18:22:20,094 [WARN] PackLoader:240 - Cannot read IP mode file for STMicroelectronics.X-CUBE-ALGOBUILD.1.4.0
2026-02-21 18:22:20,344 [WARN] PackLoader:240 - Cannot read IP mode file for STMicroelectronics.X-CUBE-MEMS1.11.3.0
2026-02-21 18:22:20,500 [WARN] PackLoader:240 - Cannot read IP mode file for STMicroelectronics.X-CUBE-PM33A1.1.0.0
2026-02-21 18:22:20,550 [WARN] PackLoader:240 - Cannot read IP mode file for STMicroelectronics.X-CUBE-AZRTOS-F4.1.1.0
2026-02-21 18:22:20,564 [WARN] PackLoader:240 - Cannot read IP mode file for Avnet-IotConnect.X-CUBE-IoTC-DA16k-PMOD.1.0.0
2026-02-21 18:22:20,573 [WARN] PackLoader:240 - Cannot read IP mode file for STMicroelectronics.X-CUBE-ISPU.2.1.0
2026-02-21 18:22:20,602 [WARN] PackLoader:240 - Cannot read IP mode file for STMicroelectronics.X-CUBE-IPS.3.2.0
2026-02-21 18:22:20,623 [WARN] PackLoader:240 - Cannot read IP mode file for STMicroelectronics.X-CUBE-NFC12.1.0.0
2026-02-21 18:22:20,663 [WARN] PackLoader:240 - Cannot read IP mode file for STMicroelectronics.X-CUBE-AZRTOS-L5.2.0.0
2026-02-21 18:22:20,681 [WARN] PackLoader:240 - Cannot read IP mode file for STMicroelectronics.X-CUBE-NFC6.3.1.0
2026-02-21 18:22:20,702 [WARN] PackLoader:240 - Cannot read IP mode file for STMicroelectronics.X-CUBE-FREERTOS.1.3.1
2026-02-21 18:22:20,736 [WARN] PackLoader:240 - Cannot read IP mode file for STMicroelectronics.X-CUBE-TOUCHGFX.4.26.0
2026-02-21 18:22:20,747 [WARN] PackLoader:240 - Cannot read IP mode file for STMicroelectronics.FP-SNS-STAIOTCFT.1.0.0
2026-02-21 18:22:20,756 [WARN] PackLoader:240 - Cannot read IP mode file for STMicroelectronics.X-CUBE-DPower.1.3.0
2026-02-21 18:22:20,792 [WARN] ConditionMgr:438 - getConditionDescription Invalid condition id : LAN8742 Phy interface Condition cause : null
2026-02-21 18:22:20,794 [WARN] PackLoader:240 - Cannot read IP mode file for STMicroelectronics.X-CUBE-AZRTOS-L4.2.0.0
2026-02-21 18:22:20,798 [WARN] ConditionMgr:1044 - genDependencies : Invalid condition id : LAN8742 Phy interface Condition cause : null
2026-02-21 18:22:20,799 [WARN] ConditionMgr:1044 - genDependencies : Invalid condition id : LAN8742 Phy interface Condition cause : null
2026-02-21 18:22:20,801 [WARN] ConditionMgr:1044 - genDependencies : Invalid condition id : LAN8742 Phy interface Condition cause : null
2026-02-21 18:22:20,826 [WARN] PackLoader:240 - Cannot read IP mode file for STMicroelectronics.X-CUBE-SFXS2LP1.4.0.0
2026-02-21 18:22:20,840 [WARN] PackLoader:240 - Cannot read IP mode file for STMicroelectronics.X-CUBE-ST67W61.1.2.0
2026-02-21 18:22:20,866 [WARN] PackLoader:240 - Cannot read IP mode file for STMicroelectronics.X-CUBE-BLEMGR.4.1.0
2026-02-21 18:22:20,905 [WARN] ConditionMgr:438 - getConditionDescription Invalid condition id : UX DEVICE CLASS RTOS Condition cause : null
2026-02-21 18:22:20,905 [WARN] ConditionMgr:438 - getConditionDescription Invalid condition id : UX DEVICE CLASS RTOS Condition cause : null
2026-02-21 18:22:20,910 [WARN] PackLoader:240 - Cannot read IP mode file for STMicroelectronics.X-CUBE-AZRTOS-WB.2.0.0
2026-02-21 18:22:20,912 [WARN] ConditionMgr:1044 - genDependencies : Invalid condition id : UX DEVICE CLASS RTOS Condition cause : null
2026-02-21 18:22:20,912 [WARN] ConditionMgr:1044 - genDependencies : Invalid condition id : UX DEVICE CLASS RTOS Condition cause : null
2026-02-21 18:22:20,913 [WARN] ConditionMgr:1044 - genDependencies : Invalid condition id : UX DEVICE CLASS RTOS Condition cause : null
2026-02-21 18:22:20,914 [WARN] ConditionMgr:1044 - genDependencies : Invalid condition id : UX DEVICE CLASS RTOS Condition cause : null
2026-02-21 18:22:20,914 [WARN] ConditionMgr:1044 - genDependencies : Invalid condition id : UX DEVICE CLASS RTOS Condition cause : null
2026-02-21 18:22:20,926 [WARN] PackLoader:240 - Cannot read IP mode file for STMicroelectronics.X-CUBE-GNSS1.7.0.1
2026-02-21 18:22:20,931 [WARN] PackLoader:240 - Cannot read IP mode file for STMicroelectronics.X-CUBE-TOUCHGFX.4.25.0
2026-02-21 18:22:20,935 [WARN] ConditionMgr:438 - getConditionDescription Invalid condition id : Cortex-A Device cause : null
2026-02-21 18:22:20,982 [WARN] ConditionMgr:1044 - genDependencies : Invalid condition id : Cortex-A Device cause : null
2026-02-21 18:22:20,982 [WARN] ConditionMgr:1044 - genDependencies : Invalid condition id : Cortex-A Device cause : null
2026-02-21 18:22:20,982 [WARN] ConditionMgr:1044 - genDependencies : Invalid condition id : Cortex-A Device cause : null
2026-02-21 18:22:21,023 [WARN] PackLoader:240 - Cannot read IP mode file for STMicroelectronics.X-CUBE-STSE01.2.0.0
2026-02-21 18:22:21,047 [WARN] PackLoader:240 - Cannot read IP mode file for STMicroelectronics.X-CUBE-SUBG2.5.0.0
2026-02-21 18:22:21,102 [WARN] PackLoader:240 - Cannot read IP mode file for STMicroelectronics.X-CUBE-AZRTOS-H7RS.1.1.0
2026-02-21 18:22:21,113 [WARN] PackLoader:240 - Cannot read IP mode file for Cesanta.I-CUBE-Mongoose.7.13.0
2026-02-21 18:22:21,143 [WARN] PackLoader:240 - Cannot read IP mode file for STMicroelectronics.X-CUBE-AZRTOS-G4.2.0.0
2026-02-21 18:22:21,152 [WARN] PackLoader:240 - Cannot read IP mode file for wolfSSL.I-CUBE-wolfSSH.1.4.20
2026-02-21 18:22:21,158 [WARN] PackLoader:240 - Cannot read IP mode file for STMicroelectronics.X-CUBE-NFC7.2.0.0
2026-02-21 18:22:21,174 [WARN] PackLoader:240 - Cannot read IP mode file for STMicroelectronics.X-CUBE-IPS.3.1.0
2026-02-21 18:22:21,185 [WARN] PackLoader:240 - Cannot read IP mode file for STMicroelectronics.X-CUBE-ALS.1.0.2
2026-02-21 18:22:21,199 [WARN] PackLoader:240 - Cannot read IP mode file for STMicroelectronics.X-CUBE-STSE01.1.0.0
2026-02-21 18:22:21,221 [WARN] PackLoader:240 - Cannot read IP mode file for STMicroelectronics.X-CUBE-TOF1.3.4.3
2026-02-21 18:22:21,245 [INFO] ThirdParty:978 - Integrity check success = true
2026-02-21 18:22:21,246 [INFO] IntegrityCheckThread:100 - exiting critical section [integrity check]
2026-02-21 18:22:21,246 [INFO] IntegrityCheckThread:103 - End integrity checks thread
2026-02-21 18:22:23,108 [INFO] WebApp:169 - Instantiating new browser for Auth
2026-02-21 18:22:24,994 [ERROR] LogOutputStream:75 - [STDERR_REDIRECT] 
