2025-12-23 14:21:55,031 [INFO] Activator:176 - 


2025-12-23 14:21:55,032 [INFO] Activator:177 - !SESSION log4j initialized
2025-12-23 14:21:55,881 [ERROR] LogOutputStream:75 - [STDERR_REDIRECT] 
2025-12-23 14:21:57,285 [INFO] LogOutputStream:77 - [STDOUT_REDIRECT] 
2025-12-23 14:21:58,764 [INFO] ApplicationProperties:184 - Using Application install path: /Applications/STM32CubeIDE.app/Contents/Eclipse/plugins/com.st.stm32cube.common.mx_6.15.0.202507011659
2025-12-23 14:21:58,776 [INFO] DbMcusXml:78 - Set database path to: /Applications/STM32CubeIDE.app/Contents/Eclipse/plugins/com.st.stm32cube.common.mx_6.15.0.202507011659//db//mcu/
2025-12-23 14:21:58,776 [INFO] ApiDb:274 - Set plugin database path to: /Applications/STM32CubeIDE.app/Contents/Eclipse/plugins/com.st.stm32cube.common.mx_6.15.0.202507011659//db//plugins/boardmanager/
2025-12-23 14:21:58,777 [WARN] ApiDb:259 - Overriding images path with different value:  => /Applications/STM32CubeIDE.app/Contents/Eclipse/plugins/com.st.stm32cube.common.mx_6.15.0.202507011659//db//plugins/mcufinder/images/
2025-12-23 14:21:58,781 [INFO] ApiDb:250 - Set database path to: /Users/karthikkurapati/.stmcufinder/plugins/mcufinder//mcu/
2025-12-23 14:21:58,782 [INFO] DbMcusAds:125 - Set database path to: /Users/karthikkurapati/.stmcufinder/plugins/mcufinder//mcu/
2025-12-23 14:21:58,784 [INFO] CrossReferenceDbSqlite:203 - Set database path to: /Users/karthikkurapati/.stmcufinder/plugins/mcufinder//mcu/cs/
2025-12-23 14:21:58,862 [INFO] RulesReader:64 - Compatibility file has been processed (317 Rules)
2025-12-23 14:21:58,906 [INFO] DbMcusXml:78 - Set database path to: /Applications/STM32CubeIDE.app/Contents/Eclipse/plugins/com.st.stm32cube.common.mx_6.15.0.202507011659//db//mcu/
2025-12-23 14:21:58,906 [INFO] ApiDb:274 - Set plugin database path to: /Applications/STM32CubeIDE.app/Contents/Eclipse/plugins/com.st.stm32cube.common.mx_6.15.0.202507011659//db//plugins/boardmanager/
2025-12-23 14:21:58,906 [INFO] ApiDb:261 - Set plugin images path to: /Applications/STM32CubeIDE.app/Contents/Eclipse/plugins/com.st.stm32cube.common.mx_6.15.0.202507011659//db//plugins/mcufinder/images/
2025-12-23 14:21:58,906 [WARN] DbFile:41 - Overriding database path with different value: /Users/karthikkurapati/.stmcufinder/plugins/mcufinder/ => /Users/karthikkurapati/.stmcufinder/plugins/mcufinder
2025-12-23 14:21:58,907 [INFO] ApiDb:250 - Set database path to: /Users/karthikkurapati/.stmcufinder/plugins/mcufinder//mcu/
2025-12-23 14:21:58,907 [WARN] DbFile:41 - Overriding database path with different value: /Users/karthikkurapati/.stmcufinder/plugins/mcufinder/ => /Users/karthikkurapati/.stmcufinder/plugins/mcufinder
2025-12-23 14:21:58,907 [INFO] DbMcusAds:125 - Set database path to: /Users/karthikkurapati/.stmcufinder/plugins/mcufinder//mcu/
2025-12-23 14:21:58,907 [WARN] DbFile:41 - Overriding database path with different value: /Users/karthikkurapati/.stmcufinder/plugins/mcufinder/ => /Users/karthikkurapati/.stmcufinder/plugins/mcufinder
2025-12-23 14:21:58,907 [WARN] DbFile:41 - Overriding database path with different value: /Users/karthikkurapati/.stmcufinder/plugins/mcufinder/ => /Users/karthikkurapati/.stmcufinder/plugins/mcufinder
2025-12-23 14:21:58,907 [INFO] CrossReferenceDbSqlite:203 - Set database path to: /Users/karthikkurapati/.stmcufinder/plugins/mcufinder//mcu/cs/
2025-12-23 14:21:58,965 [INFO] MainPanel:274 - HeapMemory: 268435456
2025-12-23 14:21:59,468 [INFO] DbMcusXml:78 - Set database path to: /Applications/STM32CubeIDE.app/Contents/Eclipse/plugins/com.st.stm32cube.common.mx_6.15.0.202507011659//db//mcu/
2025-12-23 14:21:59,468 [INFO] ApiDb:274 - Set plugin database path to: /Applications/STM32CubeIDE.app/Contents/Eclipse/plugins/com.st.stm32cube.common.mx_6.15.0.202507011659//db//plugins/boardmanager/
2025-12-23 14:21:59,468 [INFO] ApiDb:261 - Set plugin images path to: /Applications/STM32CubeIDE.app/Contents/Eclipse/plugins/com.st.stm32cube.common.mx_6.15.0.202507011659//db//plugins/mcufinder/images/
2025-12-23 14:21:59,469 [WARN] DbFile:41 - Overriding database path with different value: /Users/karthikkurapati/.stmcufinder/plugins/mcufinder/ => /Users/karthikkurapati/.stmcufinder/plugins/mcufinder
2025-12-23 14:21:59,469 [INFO] ApiDb:250 - Set database path to: /Users/karthikkurapati/.stmcufinder/plugins/mcufinder//mcu/
2025-12-23 14:21:59,469 [WARN] DbFile:41 - Overriding database path with different value: /Users/karthikkurapati/.stmcufinder/plugins/mcufinder/ => /Users/karthikkurapati/.stmcufinder/plugins/mcufinder
2025-12-23 14:21:59,469 [INFO] DbMcusAds:125 - Set database path to: /Users/karthikkurapati/.stmcufinder/plugins/mcufinder//mcu/
2025-12-23 14:21:59,469 [WARN] DbFile:41 - Overriding database path with different value: /Users/karthikkurapati/.stmcufinder/plugins/mcufinder/ => /Users/karthikkurapati/.stmcufinder/plugins/mcufinder
2025-12-23 14:21:59,469 [WARN] DbFile:41 - Overriding database path with different value: /Users/karthikkurapati/.stmcufinder/plugins/mcufinder/ => /Users/karthikkurapati/.stmcufinder/plugins/mcufinder
2025-12-23 14:21:59,469 [INFO] CrossReferenceDbSqlite:203 - Set database path to: /Users/karthikkurapati/.stmcufinder/plugins/mcufinder//mcu/cs/
2025-12-23 14:21:59,483 [INFO] ApplicationProperties:184 - Using Application install path: /Applications/STM32CubeIDE.app/Contents/Eclipse/plugins/com.st.stm32cube.common.mx_6.15.0.202507011659
2025-12-23 14:21:59,485 [INFO] PluginManage:196 - Search for loadable plugins [exclusion list=, ]
2025-12-23 14:21:59,485 [INFO] PluginManage:310 - Check plugin analytics
2025-12-23 14:21:59,613 [INFO] AnalyticsPlugin:253 - Accepted Software Licenses: 
2025-12-23 14:21:59,613 [INFO] AnalyticsPlugin:255 - Accepted CMSIS Pack Licenses: 
2025-12-23 14:21:59,613 [INFO] AnalyticsPlugin:257 - Accepted Firmware Licenses: 
2025-12-23 14:21:59,615 [INFO] PluginManage:359 - Loaded plugin analytics (category:tool,tabindex:-1)
2025-12-23 14:21:59,616 [INFO] PluginManage:310 - Check plugin cadmodel
2025-12-23 14:21:59,620 [INFO] CADModel:105 - Init CAD model plugin
2025-12-23 14:21:59,621 [INFO] PluginManage:359 - Loaded plugin cadmodel (category:power,tabindex:5)
2025-12-23 14:21:59,621 [INFO] PluginManage:310 - Check plugin clock
2025-12-23 14:21:59,629 [INFO] PluginManage:359 - Loaded plugin clock (category:base,tabindex:2)
2025-12-23 14:21:59,629 [INFO] PluginManage:310 - Check plugin ddr
2025-12-23 14:21:59,631 [INFO] PluginManage:359 - Loaded plugin ddr (category:tool,tabindex:6)
2025-12-23 14:21:59,631 [INFO] PluginManage:310 - Check plugin filemanager
2025-12-23 14:21:59,782 [INFO] PluginManage:359 - Loaded plugin filemanager (category:base,tabindex:10)
2025-12-23 14:21:59,782 [INFO] PluginManage:310 - Check plugin ipmanager
2025-12-23 14:21:59,787 [INFO] PluginManage:359 - Loaded plugin ipmanager (category:base,tabindex:5)
2025-12-23 14:21:59,787 [INFO] PluginManage:310 - Check plugin lpbam
2025-12-23 14:21:59,795 [INFO] PluginManage:359 - Loaded plugin lpbam (category:base,tabindex:0)
2025-12-23 14:21:59,795 [INFO] PluginManage:310 - Check plugin memorymap
2025-12-23 14:21:59,805 [INFO] PluginManage:359 - Loaded plugin memorymap (category:base,tabindex:4)
2025-12-23 14:21:59,805 [INFO] PluginManage:310 - Check plugin pinoutandconfiguration
2025-12-23 14:21:59,811 [INFO] PluginManage:359 - Loaded plugin pinoutandconfiguration (category:base,tabindex:1)
2025-12-23 14:21:59,811 [INFO] PluginManage:310 - Check plugin pinoutconfig
2025-12-23 14:21:59,875 [WARN] SupportedApi:132 - Cannot load RTOS API schema: s4s-elt-must-match.1: The content of 'definitions' must match (annotation?, (simpleType | complexType)?, (unique | key | keyref)*)). A problem was found starting at: attribute.
2025-12-23 14:21:59,963 [INFO] PluginManage:359 - Loaded plugin pinoutconfig (category:base,tabindex:0)
2025-12-23 14:21:59,963 [INFO] PluginManage:310 - Check plugin power
2025-12-23 14:21:59,969 [INFO] PluginManage:359 - Loaded plugin power (category:power,tabindex:4)
2025-12-23 14:21:59,970 [INFO] PluginManage:310 - Check plugin projectmanager
2025-12-23 14:21:59,980 [INFO] PluginManage:359 - Loaded plugin projectmanager (category:projectmanager,tabindex:4)
2025-12-23 14:21:59,981 [INFO] PluginManage:310 - Check plugin rif
2025-12-23 14:21:59,987 [INFO] PluginManage:359 - Loaded plugin rif (category:base,tabindex:3)
2025-12-23 14:21:59,987 [INFO] PluginManage:310 - Check plugin thirdparty
2025-12-23 14:22:00,084 [INFO] PluginManage:359 - Loaded plugin thirdparty (category:base,tabindex:-1)
2025-12-23 14:22:00,084 [INFO] PluginManage:310 - Check plugin tools
2025-12-23 14:22:00,084 [WARN] IntegrityCheckThread:84 - waiting for thirdparty lock release [integrity check]
2025-12-23 14:22:00,084 [INFO] IntegrityCheckThread:86 - entering critical section [integrity check]
2025-12-23 14:22:00,085 [INFO] ThirdPartyUpdaterWithRetryManager:70 - Updater plugin not ready yet. [1/15]
2025-12-23 14:22:00,087 [INFO] PluginManage:359 - Loaded plugin tools (category:base,tabindex:7)
2025-12-23 14:22:00,087 [INFO] PluginManage:310 - Check plugin tutovideos
2025-12-23 14:22:00,238 [INFO] PluginManage:359 - Loaded plugin tutovideos (category:base,tabindex:-1)
2025-12-23 14:22:00,238 [INFO] PluginManage:310 - Check plugin updater
2025-12-23 14:22:00,252 [INFO] PluginManage:359 - Loaded plugin updater (category:base,tabindex:12)
2025-12-23 14:22:00,253 [INFO] PluginManage:310 - Check plugin userauth
2025-12-23 14:22:00,255 [INFO] UserAuth:118 - Init User Auth plugin
2025-12-23 14:22:00,256 [INFO] PluginManage:359 - Loaded plugin userauth (category:base,tabindex:14)
2025-12-23 14:22:00,256 [INFO] PluginManage:283 - PluginManage : Loaded plugins [18]
2025-12-23 14:22:00,383 [INFO] PinOutPanel:1589 - setPackage(No Configuration,No Configuration)
2025-12-23 14:22:00,443 [INFO] CADModel:165 - CPN selected for project level
2025-12-23 14:22:00,443 [INFO] CADModel:114 - Register for checkConnection events
2025-12-23 14:22:00,456 [INFO] IPUIPlugin:80 - create IPUIPlugin
2025-12-23 14:22:00,456 [INFO] PluginManager:220 - loadIPPluginJar : add mdma
2025-12-23 14:22:00,465 [INFO] IPUIPlugin:80 - create IPUIPlugin
2025-12-23 14:22:00,465 [INFO] PluginManager:220 - loadIPPluginJar : add freertos
2025-12-23 14:22:00,470 [INFO] IPUIPlugin:80 - create IPUIPlugin
2025-12-23 14:22:00,470 [INFO] PluginManager:220 - loadIPPluginJar : add gic
2025-12-23 14:22:00,479 [INFO] IPUIPlugin:80 - create IPUIPlugin
2025-12-23 14:22:00,479 [INFO] PluginManager:220 - loadIPPluginJar : add adc
2025-12-23 14:22:00,483 [INFO] IPUIPlugin:80 - create IPUIPlugin
2025-12-23 14:22:00,483 [INFO] PluginManager:220 - loadIPPluginJar : add gtzc
2025-12-23 14:22:00,485 [INFO] IPUIPlugin:80 - create IPUIPlugin
2025-12-23 14:22:00,485 [INFO] PluginManager:220 - loadIPPluginJar : add quadspi
2025-12-23 14:22:00,488 [INFO] IPUIPlugin:80 - create IPUIPlugin
2025-12-23 14:22:00,488 [INFO] PluginManager:220 - loadIPPluginJar : add aes
2025-12-23 14:22:00,492 [INFO] IPUIPlugin:80 - create IPUIPlugin
2025-12-23 14:22:00,492 [INFO] PluginManager:220 - loadIPPluginJar : add pdm2pcm
2025-12-23 14:22:00,495 [INFO] IPUIPlugin:80 - create IPUIPlugin
2025-12-23 14:22:00,495 [INFO] PluginManager:220 - loadIPPluginJar : add hash
2025-12-23 14:22:00,497 [INFO] IPUIPlugin:80 - create IPUIPlugin
2025-12-23 14:22:00,497 [INFO] PluginManager:220 - loadIPPluginJar : add tim
2025-12-23 14:22:00,498 [INFO] IPUIPlugin:80 - create IPUIPlugin
2025-12-23 14:22:00,499 [INFO] PluginManager:220 - loadIPPluginJar : add tsc
2025-12-23 14:22:00,501 [INFO] IPUIPlugin:80 - create IPUIPlugin
2025-12-23 14:22:00,501 [INFO] PluginManager:220 - loadIPPluginJar : add extmemmanager
2025-12-23 14:22:00,502 [INFO] IPUIPlugin:80 - create IPUIPlugin
2025-12-23 14:22:00,503 [INFO] PluginManager:220 - loadIPPluginJar : add ts
2025-12-23 14:22:00,504 [INFO] IPUIPlugin:80 - create IPUIPlugin
2025-12-23 14:22:00,504 [INFO] PluginManager:220 - loadIPPluginJar : add radio
2025-12-23 14:22:00,506 [INFO] IPUIPlugin:80 - create IPUIPlugin
2025-12-23 14:22:00,506 [INFO] PluginManager:220 - loadIPPluginJar : add can
2025-12-23 14:22:00,508 [INFO] IPUIPlugin:80 - create IPUIPlugin
2025-12-23 14:22:00,508 [INFO] PluginManager:220 - loadIPPluginJar : add dma3
2025-12-23 14:22:00,509 [INFO] IPUIPlugin:80 - create IPUIPlugin
2025-12-23 14:22:00,509 [INFO] PluginManager:220 - loadIPPluginJar : add dfsdm
2025-12-23 14:22:00,511 [INFO] IPUIPlugin:80 - create IPUIPlugin
2025-12-23 14:22:00,511 [INFO] PluginManager:220 - loadIPPluginJar : add spi
2025-12-23 14:22:00,513 [INFO] IPUIPlugin:80 - create IPUIPlugin
2025-12-23 14:22:00,514 [INFO] PluginManager:220 - loadIPPluginJar : add gfxmmu
2025-12-23 14:22:00,515 [INFO] IPUIPlugin:80 - create IPUIPlugin
2025-12-23 14:22:00,515 [INFO] PluginManager:220 - loadIPPluginJar : add genericplugin
2025-12-23 14:22:00,516 [INFO] IPUIPlugin:80 - create IPUIPlugin
2025-12-23 14:22:00,516 [INFO] PluginManager:220 - loadIPPluginJar : add cryp
2025-12-23 14:22:00,520 [INFO] IPUIPlugin:80 - create IPUIPlugin
2025-12-23 14:22:00,520 [INFO] PluginManager:220 - loadIPPluginJar : add gpio
2025-12-23 14:22:00,523 [INFO] IPUIPlugin:80 - create IPUIPlugin
2025-12-23 14:22:00,523 [INFO] PluginManager:220 - loadIPPluginJar : add ddr_ctrl_phy
2025-12-23 14:22:00,525 [INFO] IPUIPlugin:80 - create IPUIPlugin
2025-12-23 14:22:00,525 [INFO] PluginManager:220 - loadIPPluginJar : add comp
2025-12-23 14:22:00,526 [INFO] IPUIPlugin:80 - create IPUIPlugin
2025-12-23 14:22:00,527 [INFO] PluginManager:220 - loadIPPluginJar : add tracer_emb
2025-12-23 14:22:00,530 [INFO] IPUIPlugin:80 - create IPUIPlugin
2025-12-23 14:22:00,530 [INFO] PluginManager:220 - loadIPPluginJar : add openamp
2025-12-23 14:22:00,536 [INFO] IPUIPlugin:80 - create IPUIPlugin
2025-12-23 14:22:00,536 [INFO] PluginManager:220 - loadIPPluginJar : add stm32_wpan
2025-12-23 14:22:00,541 [INFO] IPUIPlugin:80 - create IPUIPlugin
2025-12-23 14:22:00,542 [INFO] PluginManager:220 - loadIPPluginJar : add plateformsettings
2025-12-23 14:22:00,547 [INFO] IPUIPlugin:80 - create IPUIPlugin
2025-12-23 14:22:00,547 [INFO] PluginManager:220 - loadIPPluginJar : add ipddr
2025-12-23 14:22:00,550 [INFO] IPUIPlugin:80 - create IPUIPlugin
2025-12-23 14:22:00,550 [INFO] PluginManager:220 - loadIPPluginJar : add usart
2025-12-23 14:22:00,551 [INFO] IPUIPlugin:80 - create IPUIPlugin
2025-12-23 14:22:00,551 [INFO] PluginManager:220 - loadIPPluginJar : add ltdc
2025-12-23 14:22:00,554 [INFO] IPUIPlugin:80 - create IPUIPlugin
2025-12-23 14:22:00,554 [INFO] PluginManager:220 - loadIPPluginJar : add nvic
2025-12-23 14:22:00,555 [INFO] IPUIPlugin:80 - create IPUIPlugin
2025-12-23 14:22:00,555 [INFO] PluginManager:220 - loadIPPluginJar : add fatfs
2025-12-23 14:22:00,560 [INFO] IPUIPlugin:80 - create IPUIPlugin
2025-12-23 14:22:00,560 [INFO] PluginManager:220 - loadIPPluginJar : add linkedlist
2025-12-23 14:22:00,564 [INFO] IPUIPlugin:80 - create IPUIPlugin
2025-12-23 14:22:00,564 [INFO] PluginManager:220 - loadIPPluginJar : add dma
2025-12-23 14:22:00,567 [INFO] IPUIPlugin:80 - create IPUIPlugin
2025-12-23 14:22:00,567 [INFO] PluginManager:220 - loadIPPluginJar : add fmc
2025-12-23 14:22:00,568 [INFO] IPUIPlugin:80 - create IPUIPlugin
2025-12-23 14:22:00,568 [INFO] PluginManager:220 - loadIPPluginJar : add i2s
2025-12-23 14:22:00,569 [INFO] IPUIPlugin:80 - create IPUIPlugin
2025-12-23 14:22:00,569 [INFO] PluginManager:220 - loadIPPluginJar : add ucpd
2025-12-23 14:22:00,571 [INFO] IPUIPlugin:80 - create IPUIPlugin
2025-12-23 14:22:00,571 [INFO] PluginManager:220 - loadIPPluginJar : add lorawan
2025-12-23 14:22:00,572 [INFO] IPUIPlugin:80 - create IPUIPlugin
2025-12-23 14:22:00,572 [INFO] PluginManager:220 - loadIPPluginJar : add opamp
2025-12-23 14:22:00,574 [INFO] IPUIPlugin:80 - create IPUIPlugin
2025-12-23 14:22:00,574 [INFO] PluginManager:220 - loadIPPluginJar : add i3c
2025-12-23 14:22:00,576 [INFO] IPUIPlugin:80 - create IPUIPlugin
2025-12-23 14:22:00,576 [INFO] PluginManager:220 - loadIPPluginJar : add touchsensing
2025-12-23 14:22:00,578 [INFO] IPUIPlugin:80 - create IPUIPlugin
2025-12-23 14:22:00,578 [INFO] PluginManager:220 - loadIPPluginJar : add i2c
2025-12-23 14:22:00,581 [INFO] IPUIPlugin:80 - create IPUIPlugin
2025-12-23 14:22:00,581 [INFO] PluginManager:220 - loadIPPluginJar : add resmgrutility
2025-12-23 14:22:00,582 [INFO] IPUIPlugin:80 - create IPUIPlugin
2025-12-23 14:22:00,582 [INFO] PluginManager:220 - loadIPPluginJar : add sai
2025-12-23 14:22:00,584 [INFO] IPUIPlugin:80 - create IPUIPlugin
2025-12-23 14:22:00,584 [INFO] PluginManager:220 - loadIPPluginJar : add usbx
2025-12-23 14:22:00,681 [FATAL] Updater:351 - Updater called before beeing initialized
2025-12-23 14:22:00,700 [INFO] RulesReader:64 - Compatibility file has been processed (317 Rules)
2025-12-23 14:22:00,709 [INFO] RulesReader:64 - Compatibility file has been processed (317 Rules)
2025-12-23 14:22:00,717 [INFO] CADModel:165 - CPN selected for project level
2025-12-23 14:22:00,717 [INFO] CADModel:114 - Register for checkConnection events
2025-12-23 14:22:00,717 [FATAL] Updater:351 - Updater called before beeing initialized
2025-12-23 14:22:00,717 [ERROR] CADModel:125 - Updater not yet initialized, retry later 
2025-12-23 14:22:00,856 [FATAL] Updater:351 - Updater called before beeing initialized
2025-12-23 14:22:00,858 [INFO] CADModel:165 - CPN selected for project level
2025-12-23 14:22:00,859 [INFO] CADModel:114 - Register for checkConnection events
2025-12-23 14:22:00,859 [FATAL] Updater:351 - Updater called before beeing initialized
2025-12-23 14:22:00,859 [ERROR] CADModel:125 - Updater not yet initialized, retry later 
2025-12-23 14:22:00,863 [FATAL] Updater:351 - Updater called before beeing initialized
2025-12-23 14:22:00,945 [FATAL] Updater:351 - Updater called before beeing initialized
2025-12-23 14:22:00,948 [INFO] DbMcusAds:53 - JSON generation date=Mon Dec 15 17:11:46 CST 2025 (1765840306612)
2025-12-23 14:22:00,948 [FATAL] Updater:351 - Updater called before beeing initialized
2025-12-23 14:22:01,002 [WARN] DetailPanel:346 - Failed to get advertising image, set to default
2025-12-23 14:22:01,072 [FATAL] Updater:351 - Updater called before beeing initialized
2025-12-23 14:22:01,073 [FATAL] Updater:351 - Updater called before beeing initialized
2025-12-23 14:22:01,074 [FATAL] Updater:351 - Updater called before beeing initialized
2025-12-23 14:22:01,074 [WARN] DetailPanel:346 - Failed to get advertising image, set to default
2025-12-23 14:22:01,074 [FATAL] Updater:351 - Updater called before beeing initialized
2025-12-23 14:22:01,098 [ERROR] Updater:1198 - MainUpdater not yet initialized. External WinMGr cannot be set.
2025-12-23 14:22:01,100 [INFO] Updater:1134 - Updater Version found : 6.15.0
2025-12-23 14:22:01,114 [INFO] ApplicationProperties:184 - Using Application install path: /Applications/STM32CubeIDE.app/Contents/Eclipse/plugins/com.st.stm32cube.common.mx_6.15.0.202507011659
2025-12-23 14:22:01,394 [INFO] MainUpdater:2872 - connection check result : 10
2025-12-23 14:22:01,394 [INFO] MainUpdater:289 - Updater Check For Update Now.
2025-12-23 14:22:01,395 [INFO] MicroXplorer:498 - Change Database Version : DB.6.0.150
2025-12-23 14:22:01,399 [INFO] McuFinderGlobals:63 - Set McuFinder mode to 2 (CubeIDE integrated)
2025-12-23 14:22:01,400 [INFO] UserAuth:171 - activating auth plugin
2025-12-23 14:22:01,403 [INFO] UserAuth:487 - Internet connection configuration mode: 1
2025-12-23 14:22:01,426 [INFO] JxBrowserEngine:152 - Initiate JxBrowser Engine with user profile folder
2025-12-23 14:22:01,581 [INFO] CheckServerUpdateThread:120 - End of CheckServer Thread
2025-12-23 14:22:02,775 [INFO] WebApp:169 - Instantiating new browser for Auth
2025-12-23 14:22:03,710 [INFO] WebApp:463 - Apply proxy settings
2025-12-23 14:22:03,729 [INFO] WebApp:508 - Chromium authenticates against Manually configured proxy
2025-12-23 14:22:03,751 [INFO] WebApp:516 - Username used for proxy authentication: 
2025-12-23 14:22:03,800 [INFO] WebApp:900 - Register for checkConnection events
2025-12-23 14:22:03,802 [INFO] WebApp:463 - Apply proxy settings
2025-12-23 14:22:03,826 [INFO] WebApp:508 - Chromium authenticates against Manually configured proxy
2025-12-23 14:22:03,842 [INFO] WebApp:516 - Username used for proxy authentication: 
2025-12-23 14:22:03,993 [INFO] WebApp:225 - Starting web application
2025-12-23 14:22:04,034 [INFO] WebApp:593 - Web application path used /Applications/STM32CubeIDE.app/Contents/Eclipse/plugins/com.st.stm32cube.common.mx_6.15.0.202507011659/db/plugins/mcufinder/reactClient1/index.html
2025-12-23 14:22:04,807 [INFO] WebApp:191 - Connection restablished
2025-12-23 14:22:07,516 [WARN] PackLoader:240 - Cannot read IP mode file for STMicroelectronics.FP-SNS-MOTENVWB1.1.4.0
2025-12-23 14:22:07,585 [WARN] PackLoader:240 - Cannot read IP mode file for STMicroelectronics.FP-ATR-ASTRA1.2.0.2
2025-12-23 14:22:07,661 [WARN] PackLoader:240 - Cannot read IP mode file for STMicroelectronics.X-CUBE-SMBUS.2.1.0
2025-12-23 14:22:07,749 [WARN] PackLoader:240 - Cannot read IP mode file for STMicroelectronics.X-CUBE-AZRTOS-F7.1.1.0
2025-12-23 14:22:07,795 [WARN] PackLoader:240 - Cannot read IP mode file for STMicroelectronics.FP-SNS-MOTENV1.5.1.0
2025-12-23 14:22:07,893 [WARN] PackLoader:240 - Cannot read IP mode file for WES.I-CUBE-Cesium.1.4.0
2025-12-23 14:22:07,944 [WARN] PackLoader:240 - Cannot read IP mode file for STMicroelectronics.X-CUBE-AZRTOS-H7.3.4.0
2025-12-23 14:22:07,960 [WARN] PackLoader:240 - Cannot read IP mode file for STMicroelectronics.X-CUBE-DISPLAY.3.0.0
2025-12-23 14:22:07,975 [WARN] PackLoader:240 - Cannot read IP mode file for STMicroelectronics.X-CUBE-NFC10.1.0.0
2025-12-23 14:22:07,983 [WARN] PackLoader:240 - Cannot read IP mode file for STMicroelectronics.X-CUBE-ST60.1.1.0
2025-12-23 14:22:07,992 [WARN] PackLoader:240 - Cannot read IP mode file for emotas.I-CUBE-CANOPEN.1.3.0
2025-12-23 14:22:08,000 [WARN] PackLoader:240 - Cannot read IP mode file for STMicroelectronics.X-CUBE-GNSS1.7.1.0
2025-12-23 14:22:08,008 [WARN] PackLoader:240 - Cannot read IP mode file for STMicroelectronics.FP-SNS-STBOX1.2.1.0
2025-12-23 14:22:08,016 [WARN] PackLoader:240 - Cannot read IP mode file for STMicroelectronics.FP-SNS-SMARTAG2.1.2.0
2025-12-23 14:22:08,021 [WARN] PackLoader:240 - Cannot read IP mode file for STMicroelectronics.FP-SNS-FLIGHT1.5.1.0
2025-12-23 14:22:08,031 [INFO] LogOutputStream:77 - [STDOUT_REDIRECT] 1 : Invalid condition id : UX_CORESTACK_Condition cause : null
2025-12-23 14:22:08,032 [INFO] LogOutputStream:77 - [STDOUT_REDIRECT] 1 : Invalid condition id : UX_CORESTACK_Condition cause : null
2025-12-23 14:22:08,032 [INFO] LogOutputStream:77 - [STDOUT_REDIRECT] 1 : Invalid condition id : UX_CORESTACK_Condition cause : null
2025-12-23 14:22:08,032 [INFO] LogOutputStream:77 - [STDOUT_REDIRECT] 1 : Invalid condition id : UX_CORESTACK_Condition cause : null
2025-12-23 14:22:08,032 [INFO] LogOutputStream:77 - [STDOUT_REDIRECT] 1 : Invalid condition id : UX_CORESTACK_Condition cause : null
2025-12-23 14:22:08,035 [WARN] PackLoader:240 - Cannot read IP mode file for STMicroelectronics.X-CUBE-AZRTOS-WL.2.0.0
2025-12-23 14:22:08,053 [WARN] PackLoader:240 - Cannot read IP mode file for STMicroelectronics.X-CUBE-AZRTOS-H7RS.1.2.0
2025-12-23 14:22:08,063 [WARN] PackLoader:240 - Cannot read IP mode file for STMicroelectronics.X-CUBE-BLE2.3.3.0
2025-12-23 14:22:08,104 [WARN] PackLoader:240 - Cannot read IP mode file for Infineon.AIROC-Wi-Fi-Bluetooth-STM32.1.8.0
2025-12-23 14:22:08,115 [WARN] PackLoader:240 - Cannot read IP mode file for STMicroelectronics.X-CUBE-NFC9.1.0.0
2025-12-23 14:22:08,124 [WARN] PackLoader:240 - Cannot read IP mode file for STMicroelectronics.X-CUBE-BLE1.7.1.0
2025-12-23 14:22:08,128 [WARN] PackLoader:240 - Cannot read IP mode file for wolfSSL.I-CUBE-wolfMQTT.1.19.2
2025-12-23 14:22:08,134 [WARN] PackLoader:240 - Cannot read IP mode file for STMicroelectronics.X-CUBE-FREERTOS.1.4.0
2025-12-23 14:22:08,140 [WARN] PackLoader:240 - Cannot read IP mode file for STMicroelectronics.X-CUBE-EEPRMA1.5.2.0
2025-12-23 14:22:08,148 [WARN] PackLoader:240 - Cannot read IP mode file for wolfSSL.I-CUBE-wolfSSL.5.8.4
2025-12-23 14:22:08,153 [WARN] PackLoader:240 - Cannot read IP mode file for Cesanta.I-CUBE-Mongoose.7.20.0
2025-12-23 14:22:08,161 [WARN] PackLoader:240 - Cannot read IP mode file for STMicroelectronics.X-CUBE-ST67W61.1.1.0
2025-12-23 14:22:08,204 [WARN] PackLoader:240 - Cannot read IP mode file for STMicroelectronics.X-CUBE-MEMS1.12.0.0
2025-12-23 14:22:08,318 [WARN] PackLoader:240 - Cannot read IP mode file for STMicroelectronics.X-CUBE-AZRTOS-G0.1.1.0
2025-12-23 14:22:08,329 [WARN] PackLoader:240 - Cannot read IP mode file for STMicroelectronics.X-CUBE-NFC4.3.0.0
2025-12-23 14:22:08,340 [WARN] PackLoader:240 - Cannot read IP mode file for EmbeddedOffice.I-CUBE-FS-RTOS.1.0.1
2025-12-23 14:22:08,348 [WARN] PackLoader:240 - Cannot read IP mode file for STMicroelectronics.X-CUBE-WB05N.2.0.0
2025-12-23 14:22:08,356 [WARN] PackLoader:240 - Cannot read IP mode file for wolfSSL.I-CUBE-wolfTPM.3.8.0
2025-12-23 14:22:08,365 [WARN] PackLoader:240 - Cannot read IP mode file for STMicroelectronics.X-CUBE-TCPP.4.2.0
2025-12-23 14:22:08,375 [WARN] PackLoader:240 - Cannot read IP mode file for RealThread.X-CUBE-RT-Thread_Nano.4.1.1
2025-12-23 14:22:08,398 [WARN] PackLoader:240 - Cannot read IP mode file for STMicroelectronics.FP-ATR-SIGFOX1.3.2.0
2025-12-23 14:22:08,413 [WARN] PackLoader:240 - Cannot read IP mode file for ITTIA_DB.I-CUBE-ITTIADB.8.9.0
2025-12-23 14:22:08,421 [WARN] PackLoader:240 - Cannot read IP mode file for STMicroelectronics.X-CUBE-AI.10.2.0
2025-12-23 14:22:08,454 [WARN] PackLoader:240 - Cannot read IP mode file for SEGGER.I-CUBE-embOS.1.3.1
2025-12-23 14:22:08,506 [WARN] PackLoader:240 - Cannot read IP mode file for STMicroelectronics.X-CUBE-ALGOBUILD.1.4.0
2025-12-23 14:22:08,512 [WARN] PackLoader:240 - Cannot read IP mode file for STMicroelectronics.X-CUBE-PM33A1.1.0.0
2025-12-23 14:22:08,540 [WARN] PackLoader:240 - Cannot read IP mode file for STMicroelectronics.X-CUBE-AZRTOS-F4.1.1.0
2025-12-23 14:22:08,548 [WARN] PackLoader:240 - Cannot read IP mode file for STMicroelectronics.X-CUBE-ISPU.2.1.0
2025-12-23 14:22:08,565 [WARN] PackLoader:240 - Cannot read IP mode file for STMicroelectronics.X-CUBE-IPS.3.2.0
2025-12-23 14:22:08,583 [WARN] PackLoader:240 - Cannot read IP mode file for STMicroelectronics.X-CUBE-NFC12.1.0.0
2025-12-23 14:22:08,604 [WARN] PackLoader:240 - Cannot read IP mode file for STMicroelectronics.X-CUBE-AZRTOS-L5.2.0.0
2025-12-23 14:22:08,618 [WARN] PackLoader:240 - Cannot read IP mode file for STMicroelectronics.X-CUBE-NFC6.3.1.0
2025-12-23 14:22:08,626 [WARN] PackLoader:240 - Cannot read IP mode file for STMicroelectronics.X-CUBE-TOUCHGFX.4.26.0
2025-12-23 14:22:08,634 [WARN] PackLoader:240 - Cannot read IP mode file for STMicroelectronics.FP-SNS-STAIOTCFT.1.0.0
2025-12-23 14:22:08,640 [WARN] PackLoader:240 - Cannot read IP mode file for STMicroelectronics.X-CUBE-DPower.1.3.0
2025-12-23 14:22:08,660 [WARN] ConditionMgr:438 - getConditionDescription Invalid condition id : LAN8742 Phy interface Condition cause : null
2025-12-23 14:22:08,661 [WARN] PackLoader:240 - Cannot read IP mode file for STMicroelectronics.X-CUBE-AZRTOS-L4.2.0.0
2025-12-23 14:22:08,664 [WARN] ConditionMgr:1044 - genDependencies : Invalid condition id : LAN8742 Phy interface Condition cause : null
2025-12-23 14:22:08,665 [WARN] ConditionMgr:1044 - genDependencies : Invalid condition id : LAN8742 Phy interface Condition cause : null
2025-12-23 14:22:08,666 [WARN] ConditionMgr:1044 - genDependencies : Invalid condition id : LAN8742 Phy interface Condition cause : null
2025-12-23 14:22:08,675 [WARN] PackLoader:240 - Cannot read IP mode file for STMicroelectronics.X-CUBE-SFXS2LP1.4.0.0
2025-12-23 14:22:08,687 [WARN] PackLoader:240 - Cannot read IP mode file for STMicroelectronics.X-CUBE-BLEMGR.4.1.0
2025-12-23 14:22:08,707 [WARN] ConditionMgr:438 - getConditionDescription Invalid condition id : UX DEVICE CLASS RTOS Condition cause : null
2025-12-23 14:22:08,708 [WARN] ConditionMgr:438 - getConditionDescription Invalid condition id : UX DEVICE CLASS RTOS Condition cause : null
2025-12-23 14:22:08,710 [WARN] PackLoader:240 - Cannot read IP mode file for STMicroelectronics.X-CUBE-AZRTOS-WB.2.0.0
2025-12-23 14:22:08,711 [WARN] ConditionMgr:1044 - genDependencies : Invalid condition id : UX DEVICE CLASS RTOS Condition cause : null
2025-12-23 14:22:08,712 [WARN] ConditionMgr:1044 - genDependencies : Invalid condition id : UX DEVICE CLASS RTOS Condition cause : null
2025-12-23 14:22:08,712 [WARN] ConditionMgr:1044 - genDependencies : Invalid condition id : UX DEVICE CLASS RTOS Condition cause : null
2025-12-23 14:22:08,713 [WARN] ConditionMgr:1044 - genDependencies : Invalid condition id : UX DEVICE CLASS RTOS Condition cause : null
2025-12-23 14:22:08,713 [WARN] ConditionMgr:1044 - genDependencies : Invalid condition id : UX DEVICE CLASS RTOS Condition cause : null
2025-12-23 14:22:08,719 [WARN] ConditionMgr:438 - getConditionDescription Invalid condition id : Cortex-A Device cause : null
2025-12-23 14:22:08,732 [WARN] ConditionMgr:1044 - genDependencies : Invalid condition id : Cortex-A Device cause : null
2025-12-23 14:22:08,733 [WARN] ConditionMgr:1044 - genDependencies : Invalid condition id : Cortex-A Device cause : null
2025-12-23 14:22:08,733 [WARN] ConditionMgr:1044 - genDependencies : Invalid condition id : Cortex-A Device cause : null
2025-12-23 14:22:08,748 [WARN] PackLoader:240 - Cannot read IP mode file for STMicroelectronics.X-CUBE-SUBG2.5.0.0
2025-12-23 14:22:08,770 [WARN] PackLoader:240 - Cannot read IP mode file for STMicroelectronics.X-CUBE-AZRTOS-G4.2.0.0
2025-12-23 14:22:08,777 [WARN] PackLoader:240 - Cannot read IP mode file for wolfSSL.I-CUBE-wolfSSH.1.4.20
2025-12-23 14:22:08,784 [WARN] PackLoader:240 - Cannot read IP mode file for STMicroelectronics.X-CUBE-NFC7.2.0.0
2025-12-23 14:22:08,792 [WARN] PackLoader:240 - Cannot read IP mode file for STMicroelectronics.X-CUBE-ALS.1.0.2
2025-12-23 14:22:08,801 [WARN] PackLoader:240 - Cannot read IP mode file for STMicroelectronics.X-CUBE-STSE01.1.0.0
2025-12-23 14:22:08,814 [WARN] PackLoader:240 - Cannot read IP mode file for STMicroelectronics.X-CUBE-TOF1.3.4.3
2025-12-23 14:22:08,829 [INFO] ThirdParty:978 - Integrity check success = true
2025-12-23 14:22:08,829 [INFO] IntegrityCheckThread:100 - exiting critical section [integrity check]
2025-12-23 14:22:08,830 [INFO] IntegrityCheckThread:103 - End integrity checks thread
2025-12-23 14:22:11,020 [ERROR] LogOutputStream:75 - [STDERR_REDIRECT] 
