../Core/Src/main.c:85:5:main	576	static
../Core/Src/main.c:236:6:SystemClock_Config	96	static
../Core/Src/main.c:286:13:MX_ADC1_Init	32	static
../Core/Src/main.c:348:13:MX_CAN1_Init	8	static
../Core/Src/main.c:385:13:MX_I2C1_Init	8	static
../Core/Src/main.c:433:13:MX_TIM2_Init	40	static
../Core/Src/main.c:478:13:MX_USART1_UART_Init	8	static
../Core/Src/main.c:513:13:MX_GPIO_Init	40	static
../Core/Src/main.c:553:6:HAL_TIM_PeriodElapsedCallback	16	static
../Core/Src/main.c:566:6:Error_Handler	4	static,ignoring_inline_asm
