../Core/Src/main.c:79:6:proccess_adc_reading	24	static
../Core/Src/main.c:116:5:main	96	static,ignoring_inline_asm
../Core/Src/main.c:253:6:SystemClock_Config	96	static
../Core/Src/main.c:303:13:MX_ADC1_Init	32	static
../Core/Src/main.c:365:13:MX_CAN1_Init	8	static
../Core/Src/main.c:402:13:MX_I2C1_Init	8	static
../Core/Src/main.c:450:13:MX_TIM2_Init	40	static
../Core/Src/main.c:494:13:MX_USART1_UART_Init	8	static
../Core/Src/main.c:529:13:MX_GPIO_Init	40	static
../Core/Src/main.c:567:6:HAL_TIM_PeriodElapsedCallback	24	static
../Core/Src/main.c:580:6:HAL_CAN_RxFifo0MsgPendingCallback	56	static
../Core/Src/main.c:598:6:Error_Handler	4	static,ignoring_inline_asm
