../Core/Src/main.c:94:9:readADC	2
../Core/Src/main.c:105:6:proccess_adc_reading	2
../Core/Src/main.c:137:9:fifo_init	1
../Core/Src/main.c:146:9:fifo_is_empty	1
../Core/Src/main.c:150:9:fifo_is_full	2
../Core/Src/main.c:158:9:fifo_enqueue	3
../Core/Src/main.c:172:9:fifo_dequeue	3
../Core/Src/main.c:184:6:fifo_reset	1
../Core/Src/main.c:197:5:main	8
../Core/Src/main.c:336:6:SystemClock_Config	4
../Core/Src/main.c:386:13:MX_ADC1_Init	3
../Core/Src/main.c:448:13:MX_CAN1_Init	2
../Core/Src/main.c:485:13:MX_I2C1_Init	4
../Core/Src/main.c:533:13:MX_TIM2_Init	4
../Core/Src/main.c:577:13:MX_USART1_UART_Init	2
../Core/Src/main.c:612:13:MX_GPIO_Init	1
../Core/Src/main.c:649:9:calculateTimings	6
../Core/Src/main.c:671:6:HAL_TIM_PeriodElapsedCallback	3
../Core/Src/main.c:685:6:HAL_CAN_RxFifo0MsgPendingCallback	4
../Core/Src/main.c:703:6:Error_Handler	1
