../Core/Src/main.c:82:6:proccess_adc_reading	24	static
../Core/Src/main.c:119:5:main	96	static,ignoring_inline_asm
../Core/Src/main.c:256:6:SystemClock_Config	96	static
../Core/Src/main.c:306:13:MX_ADC1_Init	32	static
../Core/Src/main.c:368:13:MX_CAN1_Init	8	static
../Core/Src/main.c:405:13:MX_I2C1_Init	8	static
../Core/Src/main.c:453:13:MX_TIM2_Init	40	static
../Core/Src/main.c:497:13:MX_USART1_UART_Init	8	static
../Core/Src/main.c:532:13:MX_GPIO_Init	40	static
../Core/Src/main.c:570:6:HAL_TIM_PeriodElapsedCallback	24	static
../Core/Src/main.c:583:6:HAL_CAN_RxFifo0MsgPendingCallback	56	static
../Core/Src/main.c:601:6:Error_Handler	4	static,ignoring_inline_asm
