../Core/Src/main.c:90:9:readADC	2
../Core/Src/main.c:101:6:proccess_adc_reading	2
../Core/Src/main.c:134:9:fifo_init	1
../Core/Src/main.c:143:9:fifo_is_empty	1
../Core/Src/main.c:147:9:fifo_is_full	2
../Core/Src/main.c:155:9:fifo_enqueue	3
../Core/Src/main.c:168:9:fifo_dequeue	3
../Core/Src/main.c:180:6:fifo_reset	1
../Core/Src/main.c:193:5:main	3
../Core/Src/main.c:276:6:SystemClock_Config	4
../Core/Src/main.c:321:13:MX_ADC1_Init	3
../Core/Src/main.c:383:13:MX_CAN1_Init	2
../Core/Src/main.c:420:13:MX_I2C1_Init	4
../Core/Src/main.c:468:13:MX_TIM2_Init	4
../Core/Src/main.c:513:13:MX_USART1_UART_Init	2
../Core/Src/main.c:548:13:MX_GPIO_Init	1
../Core/Src/main.c:592:6:Error_Handler	1
