Archive member included to satisfy reference by file (symbol)

/Applications/STM32CubeIDE.app/Contents/Eclipse/plugins/com.st.stm32cube.ide.mcu.externaltools.gnu-tools-for-stm32.13.3.rel1.macos64_1.0.0.202411102158/tools/bin/../lib/gcc/arm-none-eabi/13.3.1/../../../../arm-none-eabi/lib/thumb/v7e-m+fp/hard/libc_nano.a(libc_a-exit.o)
                              /Applications/STM32CubeIDE.app/Contents/Eclipse/plugins/com.st.stm32cube.ide.mcu.externaltools.gnu-tools-for-stm32.13.3.rel1.macos64_1.0.0.202411102158/tools/bin/../lib/gcc/arm-none-eabi/13.3.1/../../../../arm-none-eabi/lib/thumb/v7e-m+fp/hard/crt0.o (exit)
/Applications/STM32CubeIDE.app/Contents/Eclipse/plugins/com.st.stm32cube.ide.mcu.externaltools.gnu-tools-for-stm32.13.3.rel1.macos64_1.0.0.202411102158/tools/bin/../lib/gcc/arm-none-eabi/13.3.1/../../../../arm-none-eabi/lib/thumb/v7e-m+fp/hard/libc_nano.a(libc_a-sprintf.o)
                              ./Core/Src/main.o (sprintf)
/Applications/STM32CubeIDE.app/Contents/Eclipse/plugins/com.st.stm32cube.ide.mcu.externaltools.gnu-tools-for-stm32.13.3.rel1.macos64_1.0.0.202411102158/tools/bin/../lib/gcc/arm-none-eabi/13.3.1/../../../../arm-none-eabi/lib/thumb/v7e-m+fp/hard/libc_nano.a(libc_a-findfp.o)
                              /Applications/STM32CubeIDE.app/Contents/Eclipse/plugins/com.st.stm32cube.ide.mcu.externaltools.gnu-tools-for-stm32.13.3.rel1.macos64_1.0.0.202411102158/tools/bin/../lib/gcc/arm-none-eabi/13.3.1/../../../../arm-none-eabi/lib/thumb/v7e-m+fp/hard/libc_nano.a(libc_a-exit.o) (__stdio_exit_handler)
/Applications/STM32CubeIDE.app/Contents/Eclipse/plugins/com.st.stm32cube.ide.mcu.externaltools.gnu-tools-for-stm32.13.3.rel1.macos64_1.0.0.202411102158/tools/bin/../lib/gcc/arm-none-eabi/13.3.1/../../../../arm-none-eabi/lib/thumb/v7e-m+fp/hard/libc_nano.a(libc_a-fwalk.o)
                              /Applications/STM32CubeIDE.app/Contents/Eclipse/plugins/com.st.stm32cube.ide.mcu.externaltools.gnu-tools-for-stm32.13.3.rel1.macos64_1.0.0.202411102158/tools/bin/../lib/gcc/arm-none-eabi/13.3.1/../../../../arm-none-eabi/lib/thumb/v7e-m+fp/hard/libc_nano.a(libc_a-findfp.o) (_fwalk_sglue)
/Applications/STM32CubeIDE.app/Contents/Eclipse/plugins/com.st.stm32cube.ide.mcu.externaltools.gnu-tools-for-stm32.13.3.rel1.macos64_1.0.0.202411102158/tools/bin/../lib/gcc/arm-none-eabi/13.3.1/../../../../arm-none-eabi/lib/thumb/v7e-m+fp/hard/libc_nano.a(libc_a-memset.o)
                              /Applications/STM32CubeIDE.app/Contents/Eclipse/plugins/com.st.stm32cube.ide.mcu.externaltools.gnu-tools-for-stm32.13.3.rel1.macos64_1.0.0.202411102158/tools/bin/../lib/gcc/arm-none-eabi/13.3.1/../../../../arm-none-eabi/lib/thumb/v7e-m+fp/hard/crt0.o (memset)
/Applications/STM32CubeIDE.app/Contents/Eclipse/plugins/com.st.stm32cube.ide.mcu.externaltools.gnu-tools-for-stm32.13.3.rel1.macos64_1.0.0.202411102158/tools/bin/../lib/gcc/arm-none-eabi/13.3.1/../../../../arm-none-eabi/lib/thumb/v7e-m+fp/hard/libc_nano.a(libc_a-errno.o)
                              ./Core/Src/syscalls.o (__errno)
/Applications/STM32CubeIDE.app/Contents/Eclipse/plugins/com.st.stm32cube.ide.mcu.externaltools.gnu-tools-for-stm32.13.3.rel1.macos64_1.0.0.202411102158/tools/bin/../lib/gcc/arm-none-eabi/13.3.1/../../../../arm-none-eabi/lib/thumb/v7e-m+fp/hard/libc_nano.a(libc_a-init.o)
                              /Applications/STM32CubeIDE.app/Contents/Eclipse/plugins/com.st.stm32cube.ide.mcu.externaltools.gnu-tools-for-stm32.13.3.rel1.macos64_1.0.0.202411102158/tools/bin/../lib/gcc/arm-none-eabi/13.3.1/../../../../arm-none-eabi/lib/thumb/v7e-m+fp/hard/crt0.o (__libc_init_array)
/Applications/STM32CubeIDE.app/Contents/Eclipse/plugins/com.st.stm32cube.ide.mcu.externaltools.gnu-tools-for-stm32.13.3.rel1.macos64_1.0.0.202411102158/tools/bin/../lib/gcc/arm-none-eabi/13.3.1/../../../../arm-none-eabi/lib/thumb/v7e-m+fp/hard/libc_nano.a(libc_a-lock.o)
                              /Applications/STM32CubeIDE.app/Contents/Eclipse/plugins/com.st.stm32cube.ide.mcu.externaltools.gnu-tools-for-stm32.13.3.rel1.macos64_1.0.0.202411102158/tools/bin/../lib/gcc/arm-none-eabi/13.3.1/../../../../arm-none-eabi/lib/thumb/v7e-m+fp/hard/libc_nano.a(libc_a-findfp.o) (__retarget_lock_init_recursive)
/Applications/STM32CubeIDE.app/Contents/Eclipse/plugins/com.st.stm32cube.ide.mcu.externaltools.gnu-tools-for-stm32.13.3.rel1.macos64_1.0.0.202411102158/tools/bin/../lib/gcc/arm-none-eabi/13.3.1/../../../../arm-none-eabi/lib/thumb/v7e-m+fp/hard/libc_nano.a(libc_a-impure.o)
                              /Applications/STM32CubeIDE.app/Contents/Eclipse/plugins/com.st.stm32cube.ide.mcu.externaltools.gnu-tools-for-stm32.13.3.rel1.macos64_1.0.0.202411102158/tools/bin/../lib/gcc/arm-none-eabi/13.3.1/../../../../arm-none-eabi/lib/thumb/v7e-m+fp/hard/libc_nano.a(libc_a-sprintf.o) (_impure_ptr)
[...]
Memory Configuration

Name             Origin             Length             Attributes
RAM              0x20000000         0x0000c000         xrw
RAM2             0x10000000         0x00004000         xrw
FLASH            0x08000000         0x00020000         xr
*default*        0x00000000         0xffffffff

Linker script and memory map

LOAD /Applications/STM32CubeIDE.app/Contents/Eclipse/plugins/com.st.stm32cube.ide.mcu.externaltools.gnu-tools-for-stm32.13.3.rel1.macos64_1.0.0.202411102158/tools/bin/../lib/gcc/arm-none-eabi/13.3.1/thumb/v7e-m+fp/hard/crti.o
LOAD /Applications/STM32CubeIDE.app/Contents/Eclipse/plugins/com.st.stm32cube.ide.mcu.externaltools.gnu-tools-for-stm32.13.3.rel1.macos64_1.0.0.202411102158/tools/bin/../lib/gcc/arm-none-eabi/13.3.1/thumb/v7e-m+fp/hard/crtbegin.o
LOAD /Applications/STM32CubeIDE.app/Contents/Eclipse/plugins/com.st.stm32cube.ide.mcu.externaltools.gnu-tools-for-stm32.13.3.rel1.macos64_1.0.0.202411102158/tools/bin/../lib/gcc/arm-none-eabi/13.3.1/../../../../arm-none-eabi/lib/thumb/v7e-m+fp/hard/crt0.o
LOAD ./Core/Src/main.o
LOAD ./Core/Src/stm32l4xx_hal_msp.o
LOAD ./Core/Src/stm32l4xx_it.o
LOAD ./Core/Src/syscalls.o
LOAD ./Core/Src/sysmem.o
LOAD ./Core/Src/system_stm32l4xx.o
LOAD ./Core/Startup/startup_stm32l431cbtx.o
LOAD ./Drivers/STM32L4xx_HAL_Driver/Src/stm32l4xx_hal.o
LOAD ./Drivers/STM32L4xx_HAL_Driver/Src/stm32l4xx_hal_adc.o
LOAD ./Drivers/STM32L4xx_HAL_Driver/Src/stm32l4xx_hal_adc_ex.o
LOAD ./Drivers/STM32L4xx_HAL_Driver/Src/stm32l4xx_hal_can.o
LOAD ./Drivers/STM32L4xx_HAL_Driver/Src/stm32l4xx_hal_cortex.o
LOAD ./Drivers/STM32L4xx_HAL_Driver/Src/stm32l4xx_hal_dma.o
LOAD ./Drivers/STM32L4xx_HAL_Driver/Src/stm32l4xx_hal_dma_ex.o
LOAD ./Drivers/STM32L4xx_HAL_Driver/Src/stm32l4xx_hal_exti.o
LOAD ./Drivers/STM32L4xx_HAL_Driver/Src/stm32l4xx_hal_flash.o
LOAD ./Drivers/STM32L4xx_HAL_Driver/Src/stm32l4xx_hal_flash_ex.o
LOAD ./Drivers/STM32L4xx_HAL_Driver/Src/stm32l4xx_hal_flash_ramfunc.o
LOAD ./Drivers/STM32L4xx_HAL_Driver/Src/stm32l4xx_hal_gpio.o
LOAD ./Drivers/STM32L4xx_HAL_Driver/Src/stm32l4xx_hal_i2c.o
LOAD ./Drivers/STM32L4xx_HAL_Driver/Src/stm32l4xx_hal_i2c_ex.o
LOAD ./Drivers/STM32L4xx_HAL_Driver/Src/stm32l4xx_hal_pwr.o
LOAD ./Drivers/STM32L4xx_HAL_Driver/Src/stm32l4xx_hal_pwr_ex.o
LOAD ./Drivers/STM32L4xx_HAL_Driver/Src/stm32l4xx_hal_rcc.o
LOAD ./Drivers/STM32L4xx_HAL_Driver/Src/stm32l4xx_hal_rcc_ex.o
LOAD ./Drivers/STM32L4xx_HAL_Driver/Src/stm32l4xx_hal_tim.o
LOAD ./Drivers/STM32L4xx_HAL_Driver/Src/stm32l4xx_hal_tim_ex.o
LOAD ./Drivers/STM32L4xx_HAL_Driver/Src/stm32l4xx_hal_uart.o
LOAD ./Drivers/STM32L4xx_HAL_Driver/Src/stm32l4xx_hal_uart_ex.o
LOAD ./Drivers/VL5/core/src/vl53l0x_api.o
LOAD ./Drivers/VL5/core/src/vl53l0x_api_calibration.o
LOAD ./Drivers/VL5/core/src/vl53l0x_api_core.o
LOAD ./Drivers/VL5/core/src/vl53l0x_api_ranging.o
LOAD ./Drivers/VL5/core/src/vl53l0x_api_strings.o
LOAD ./Drivers/VL5/platform/src/vl53l0x_platform.o
START GROUP
LOAD /Applications/STM32CubeIDE.app/Contents/Eclipse/plugins/com.st.stm32cube.ide.mcu.externaltools.gnu-tools-for-stm32.13.3.rel1.macos64_1.0.0.202411102158/tools/bin/../lib/gcc/arm-none-eabi/13.3.1/../../../../arm-none-eabi/lib/thumb/v7e-m+fp/hard/libc_nano.a
LOAD /Applications/STM32CubeIDE.app/Contents/Eclipse/plugins/com.st.stm32cube.ide.mcu.externaltools.gnu-tools-for-stm32.13.3.rel1.macos64_1.0.0.202411102158/tools/bin/../lib/gcc/arm-none-eabi/13.3.1/../../../../arm-none-eabi/lib/thumb/v7e-m+fp/hard/libm.a
END GROUP
START GROUP
LOAD /Applications/STM32CubeIDE.app/Contents/Eclipse/plugins/com.st.stm32cube.ide.mcu.externaltools.gnu-tools-for-stm32.13.3.rel1.macos64_1.0.0.202411102158/tools/bin/../lib/gcc/arm-none-eabi/13.3.1/thumb/v7e-m+fp/hard/libgcc.a
LOAD /Applications/STM32CubeIDE.app/Contents/Eclipse/plugins/com.st.stm32cube.ide.mcu.externaltools.gnu-tools-for-stm32.13.3.rel1.macos64_1.0.0.202411102158/tools/bin/../lib/gcc/arm-none-eabi/13.3.1/../../../../arm-none-eabi/lib/thumb/v7e-m+fp/hard/libc_nano.a
END GROUP
START GROUP
LOAD /Applications/STM32CubeIDE.app/Contents/Eclipse/plugins/com.st.stm32cube.ide.mcu.externaltools.gnu-tools-for-stm32.13.3.rel1.macos64_1.0.0.202411102158/tools/bin/../lib/gcc/arm-none-eabi/13.3.1/thumb/v7e-m+fp/hard/libgcc.a
LOAD /Applications/STM32CubeIDE.app/Contents/Eclipse/plugins/com.st.stm32cube.ide.mcu.externaltools.gnu-tools-for-stm32.13.3.rel1.macos64_1.0.0.202411102158/tools/bin/../lib/gcc/arm-none-eabi/13.3.1/../../../../arm-none-eabi/lib/thumb/v7e-m+fp/hard/libc_nano.a
LOAD /Applications/STM32CubeIDE.app/Contents/Eclipse/plugins/com.st.stm32cube.ide.mcu.externaltools.gnu-tools-for-stm32.13.3.rel1.macos64_1.0.0.202411102158/tools/bin/../lib/gcc/arm-none-eabi/13.3.1/../../../../arm-none-eabi/lib/thumb/v7e-m+fp/hard/libnosys.a
END GROUP
START GROUP
LOAD /Applications/STM32CubeIDE.app/Contents/Eclipse/plugins/com.st.stm32cube.ide.mcu.externaltools.gnu-tools-for-stm32.13.3.rel1.macos64_1.0.0.202411102158/tools/bin/../lib/gcc/arm-none-eabi/13.3.1/thumb/v7e-m+fp/hard/libgcc.a
LOAD /Applications/STM32CubeIDE.app/Contents/Eclipse/plugins/com.st.stm32cube.ide.mcu.externaltools.gnu-tools-for-stm32.13.3.rel1.macos64_1.0.0.202411102158/tools/bin/../lib/gcc/arm-none-eabi/13.3.1/../../../../arm-none-eabi/lib/thumb/v7e-m+fp/hard/libc_nano.a
LOAD /Applications/STM32CubeIDE.app/Contents/Eclipse/plugins/com.st.stm32cube.ide.mcu.externaltools.gnu-tools-for-stm32.13.3.rel1.macos64_1.0.0.202411102158/tools/bin/../lib/gcc/arm-none-eabi/13.3.1/../../../../arm-none-eabi/lib/thumb/v7e-m+fp/hard/libnosys.a
END GROUP
LOAD /Applications/STM32CubeIDE.app/Contents/Eclipse/plugins/com.st.stm32cube.ide.mcu.externaltools.gnu-tools-for-stm32.13.3.rel1.macos64_1.0.0.202411102158/tools/bin/../lib/gcc/arm-none-eabi/13.3.1/thumb/v7e-m+fp/hard/crtend.o
LOAD /Applications/STM32CubeIDE.app/Contents/Eclipse/plugins/com.st.stm32cube.ide.mcu.externaltools.gnu-tools-for-stm32.13.3.rel1.macos64_1.0.0.202411102158/tools/bin/../lib/gcc/arm-none-eabi/13.3.1/thumb/v7e-m+fp/hard/crtn.o
                0x2000c000                        _estack = (ORIGIN (RAM) + LENGTH (RAM))
                0x00000200                        _Min_Heap_Size = 0x200
                0x00000400                        _Min_Stack_Size = 0x400

.isr_vector     0x08000000      0x18c
                0x08000000                        . = ALIGN (0x4)
 *(.isr_vector)
 .isr_vector    0x08000000      0x18c ./Core/Startup/startup_stm32l431cbtx.o
                0x08000000                g_pfnVectors
                0x0800018c                        . = ALIGN (0x4)

.text           0x08000190     0xafa4
                0x08000190                        . = ALIGN (0x4)
 *(.text)
 .text          0x08000190       0x40 /Applications/STM32CubeIDE.app/Contents/Eclipse/plugins/com.st.stm32cube.ide.mcu.externaltools.gnu-tools-for-stm32.13.3.rel1.macos64_1.0.0.202411102158/tools/bin/../lib/gcc/arm-none-eabi/13.3.1/thumb/v7e-m+fp/hard/crtbegin.o
 .text          0x080001d0       0x10 /Applications/STM32CubeIDE.app/Contents/Eclipse/plugins/com.st.stm32cube.ide.mcu.externaltools.gnu-tools-for-stm32.13.3.rel1.macos64_1.0.0.202411102158/tools/bin/../lib/gcc/arm-none-eabi/13.3.1/../../../../arm-none-eabi/lib/thumb/v7e-m+fp/hard/libc_nano.a(libc_a-strlen.o)
                0x080001d0                strlen
 .text          0x080001e0       0xa0 /Applications/STM32CubeIDE.app/Contents/Eclipse/plugins/com.st.stm32cube.ide.mcu.externaltools.gnu-tools-for-stm32.13.3.rel1.macos64_1.0.0.202411102158/tools/bin/../lib/gcc/arm-none-eabi/13.3.1/../../../../arm-none-eabi/lib/thumb/v7e-m+fp/hard/libc_nano.a(libc_a-memchr.o)
                0x080001e0                memchr
 .text          0x08000280       0x30 /Applications/STM32CubeIDE.app/Contents/Eclipse/plugins/com.st.stm32cube.ide.mcu.externaltools.gnu-tools-for-stm32.13.3.rel1.macos64_1.0.0.202411102158/tools/bin/../lib/gcc/arm-none-eabi/13.3.1/thumb/v7e-m+fp/hard/libgcc.a(_aeabi_uldivmod.o)
                0x08000280                __aeabi_uldivmod
 .text          0x080002b0      0x2f8 /Applications/STM32CubeIDE.app/Contents/Eclipse/plugins/com.st.stm32cube.ide.mcu.externaltools.gnu-tools-for-stm32.13.3.rel1.macos64_1.0.0.202411102158/tools/bin/../lib/gcc/arm-none-eabi/13.3.1/thumb/v7e-m+fp/hard/libgcc.a(_udivmoddi4.o)
                0x080002b0                __udivmoddi4
 .text          0x080005a8        0x4 /Applications/STM32CubeIDE.app/Contents/Eclipse/plugins/com.st.stm32cube.ide.mcu.externaltools.gnu-tools-for-stm32.13.3.rel1.macos64_1.0.0.202411102158/tools/bin/../lib/gcc/arm-none-eabi/13.3.1/thumb/v7e-m+fp/hard/libgcc.a(_dvmd_tls.o)
                0x080005a8                __aeabi_ldiv0
                0x080005a8                __aeabi_idiv0
 *(.text*)
 .text.vl5init  0x080005ac       0x78 ./Core/Src/main.o
                0x080005ac                vl5init
 .text.main     0x08000624       0xe8 ./Core/Src/main.o
                0x08000624                main
 .text.SystemClock_Config
                0x0800070c       0xa2 ./Core/Src/main.o
                0x0800070c                SystemClock_Config
 *fill*         0x080007ae        0x2 
 .text.MX_ADC1_Init
                0x080007b0       0xe0 ./Core/Src/main.o
 .text.MX_CAN1_Init
                0x08000890       0x6c ./Core/Src/main.o
 .text.MX_I2C1_Init
                0x080008fc       0x80 ./Core/Src/main.o
 .text.MX_TIM2_Init
                0x0800097c       0x9c ./Core/Src/main.o
 .text.MX_USART1_UART_Init
                0x08000a18       0x60 ./Core/Src/main.o
 .text.MX_GPIO_Init
                0x08000a78       0xdc ./Core/Src/main.o
 .text.Error_Handler
                0x08000b54        0xc ./Core/Src/main.o
                0x08000b54                Error_Handler
 .text.HAL_MspInit
                0x08000b60       0x48 ./Core/Src/stm32l4xx_hal_msp.o
                0x08000b60                HAL_MspInit
 .text.HAL_ADC_MspInit
                0x08000ba8       0xc8 ./Core/Src/stm32l4xx_hal_msp.o
                0x08000ba8                HAL_ADC_MspInit
 .text.HAL_CAN_MspInit
                0x08000c70       0xc8 ./Core/Src/stm32l4xx_hal_msp.o
                0x08000c70                HAL_CAN_MspInit
 .text.HAL_I2C_MspInit
                0x08000d38       0xb0 ./Core/Src/stm32l4xx_hal_msp.o
                0x08000d38                HAL_I2C_MspInit
 .text.HAL_TIM_Base_MspInit
                0x08000de8       0x48 ./Core/Src/stm32l4xx_hal_msp.o
                0x08000de8                HAL_TIM_Base_MspInit
 .text.HAL_UART_MspInit
                0x08000e30       0xb0 ./Core/Src/stm32l4xx_hal_msp.o
                0x08000e30                HAL_UART_MspInit
 .text.NMI_Handler
                0x08000ee0        0x8 ./Core/Src/stm32l4xx_it.o
                0x08000ee0                NMI_Handler
 .text.HardFault_Handler
                0x08000ee8        0x8 ./Core/Src/stm32l4xx_it.o
                0x08000ee8                HardFault_Handler
 .text.MemManage_Handler
                0x08000ef0        0x8 ./Core/Src/stm32l4xx_it.o
                0x08000ef0                MemManage_Handler
 .text.BusFault_Handler
                0x08000ef8        0x8 ./Core/Src/stm32l4xx_it.o
                0x08000ef8                BusFault_Handler
 .text.UsageFault_Handler
                0x08000f00        0x8 ./Core/Src/stm32l4xx_it.o
                0x08000f00                UsageFault_Handler
 .text.SVC_Handler
                0x08000f08        0xe ./Core/Src/stm32l4xx_it.o
                0x08000f08                SVC_Handler
 .text.DebugMon_Handler
                0x08000f16        0xe ./Core/Src/stm32l4xx_it.o
                0x08000f16                DebugMon_Handler
 .text.PendSV_Handler
                0x08000f24        0xe ./Core/Src/stm32l4xx_it.o
                0x08000f24                PendSV_Handler
 .text.SysTick_Handler
                0x08000f32        0xc ./Core/Src/stm32l4xx_it.o
                0x08000f32                SysTick_Handler
 *fill*         0x08000f3e        0x2 
 .text.CAN1_TX_IRQHandler
                0x08000f40       0x14 ./Core/Src/stm32l4xx_it.o
                0x08000f40                CAN1_TX_IRQHandler
 .text.CAN1_RX0_IRQHandler
                0x08000f54       0x14 ./Core/Src/stm32l4xx_it.o
                0x08000f54                CAN1_RX0_IRQHandler
 .text.CAN1_RX1_IRQHandler
                0x08000f68       0x14 ./Core/Src/stm32l4xx_it.o
                0x08000f68                CAN1_RX1_IRQHandler
 .text.CAN1_SCE_IRQHandler
                0x08000f7c       0x14 ./Core/Src/stm32l4xx_it.o
                0x08000f7c                CAN1_SCE_IRQHandler
 .text.TIM2_IRQHandler
                0x08000f90       0x14 ./Core/Src/stm32l4xx_it.o
                0x08000f90                TIM2_IRQHandler
 .text.EXTI15_10_IRQHandler
                0x08000fa4       0x10 ./Core/Src/stm32l4xx_it.o
                0x08000fa4                EXTI15_10_IRQHandler
 .text._sbrk    0x08000fb4       0x6c ./Core/Src/sysmem.o
                0x08000fb4                _sbrk
 .text.SystemInit
                0x08001020       0x24 ./Core/Src/system_stm32l4xx.o
                0x08001020                SystemInit
 .text.Reset_Handler
                0x08001044       0x50 ./Core/Startup/startup_stm32l431cbtx.o
                0x08001044                Reset_Handler
 .text.Default_Handler
                0x08001094        0x2 ./Core/Startup/startup_stm32l431cbtx.o
                0x08001094                TIM1_BRK_TIM15_IRQHandler
                0x08001094                EXTI2_IRQHandler
                0x08001094                TIM1_CC_IRQHandler
                0x08001094                TSC_IRQHandler
                0x08001094                TAMP_STAMP_IRQHandler
                0x08001094                EXTI3_IRQHandler
                0x08001094                LPTIM2_IRQHandler
                0x08001094                I2C3_ER_IRQHandler
                0x08001094                EXTI0_IRQHandler
                0x08001094                I2C2_EV_IRQHandler
                0x08001094                FPU_IRQHandler
                0x08001094                TIM1_UP_TIM16_IRQHandler
                0x08001094                SPI1_IRQHandler
                0x08001094                TIM6_DAC_IRQHandler
                0x08001094                DMA2_Channel2_IRQHandler
                0x08001094                DMA1_Channel4_IRQHandler
                0x08001094                ADC1_IRQHandler
                0x08001094                USART3_IRQHandler
                0x08001094                DMA1_Channel7_IRQHandler
                0x08001094                DMA2_Channel1_IRQHandler
                0x08001094                QUADSPI_IRQHandler
                0x08001094                I2C1_EV_IRQHandler
                0x08001094                DMA1_Channel6_IRQHandler
                0x08001094                DMA2_Channel4_IRQHandler
                0x08001094                RCC_IRQHandler
                0x08001094                TIM1_TRG_COM_IRQHandler
                0x08001094                DMA1_Channel1_IRQHandler
                0x08001094                Default_Handler
                0x08001094                DMA2_Channel7_IRQHandler
                0x08001094                TIM7_IRQHandler
                0x08001094                SDMMC1_IRQHandler
                0x08001094                I2C3_EV_IRQHandler
                0x08001094                EXTI9_5_IRQHandler
                0x08001094                RTC_WKUP_IRQHandler
                0x08001094                PVD_PVM_IRQHandler
                0x08001094                SPI2_IRQHandler
                0x08001094                DMA2_Channel5_IRQHandler
                0x08001094                CRS_IRQHandler
                0x08001094                DMA1_Channel5_IRQHandler
                0x08001094                EXTI4_IRQHandler
                0x08001094                RNG_IRQHandler
                0x08001094                DMA1_Channel3_IRQHandler
                0x08001094                COMP_IRQHandler
                0x08001094                WWDG_IRQHandler
                0x08001094                LPUART1_IRQHandler
                0x08001094                DMA2_Channel6_IRQHandler
                0x08001094                EXTI1_IRQHandler
                0x08001094                USART2_IRQHandler
                0x08001094                I2C2_ER_IRQHandler
                0x08001094                DMA1_Channel2_IRQHandler
                0x08001094                FLASH_IRQHandler
                0x08001094                USART1_IRQHandler
                0x08001094                SPI3_IRQHandler
                0x08001094                I2C1_ER_IRQHandler
                0x08001094                SWPMI1_IRQHandler
                0x08001094                LPTIM1_IRQHandler
                0x08001094                SAI1_IRQHandler
                0x08001094                DMA2_Channel3_IRQHandler
                0x08001094                RTC_Alarm_IRQHandler
 .text.HAL_Init
                0x08001096       0x30 ./Drivers/STM32L4xx_HAL_Driver/Src/stm32l4xx_hal.o
                0x08001096                HAL_Init
 *fill*         0x080010c6        0x2 
 .text.HAL_InitTick
                0x080010c8       0x78 ./Drivers/STM32L4xx_HAL_Driver/Src/stm32l4xx_hal.o
                0x080010c8                HAL_InitTick
 .text.HAL_IncTick
                0x08001140       0x28 ./Drivers/STM32L4xx_HAL_Driver/Src/stm32l4xx_hal.o
                0x08001140                HAL_IncTick
 .text.HAL_GetTick
                0x08001168       0x18 ./Drivers/STM32L4xx_HAL_Driver/Src/stm32l4xx_hal.o
                0x08001168                HAL_GetTick
 .text.HAL_Delay
                0x08001180       0x48 ./Drivers/STM32L4xx_HAL_Driver/Src/stm32l4xx_hal.o
                0x08001180                HAL_Delay
 .text.LL_ADC_SetCommonClock
                0x080011c8       0x26 ./Drivers/STM32L4xx_HAL_Driver/Src/stm32l4xx_hal_adc.o
 .text.LL_ADC_SetCommonPathInternalCh
                0x080011ee       0x26 ./Drivers/STM32L4xx_HAL_Driver/Src/stm32l4xx_hal_adc.o
 .text.LL_ADC_GetCommonPathInternalCh
                0x08001214       0x1c ./Drivers/STM32L4xx_HAL_Driver/Src/stm32l4xx_hal_adc.o
 .text.LL_ADC_SetOffset
                0x08001230       0x48 ./Drivers/STM32L4xx_HAL_Driver/Src/stm32l4xx_hal_adc.o
 .text.LL_ADC_GetOffsetChannel
                0x08001278       0x2c ./Drivers/STM32L4xx_HAL_Driver/Src/stm32l4xx_hal_adc.o
 .text.LL_ADC_SetOffsetState
                0x080012a4       0x36 ./Drivers/STM32L4xx_HAL_Driver/Src/stm32l4xx_hal_adc.o
 .text.LL_ADC_REG_SetSequencerRanks
                0x080012da       0x58 ./Drivers/STM32L4xx_HAL_Driver/Src/stm32l4xx_hal_adc.o
 .text.LL_ADC_SetChannelSamplingTime
                0x08001332       0x56 ./Drivers/STM32L4xx_HAL_Driver/Src/stm32l4xx_hal_adc.o
 .text.LL_ADC_SetChannelSingleDiff
                0x08001388       0x48 ./Drivers/STM32L4xx_HAL_Driver/Src/stm32l4xx_hal_adc.o
 .text.LL_ADC_DisableDeepPowerDown
                0x080013d0       0x24 ./Drivers/STM32L4xx_HAL_Driver/Src/stm32l4xx_hal_adc.o
 .text.LL_ADC_IsDeepPowerDownEnabled
                0x080013f4       0x28 ./Drivers/STM32L4xx_HAL_Driver/Src/stm32l4xx_hal_adc.o
 .text.LL_ADC_EnableInternalRegulator
                0x0800141c       0x28 ./Drivers/STM32L4xx_HAL_Driver/Src/stm32l4xx_hal_adc.o
 .text.LL_ADC_IsInternalRegulatorEnabled
                0x08001444       0x28 ./Drivers/STM32L4xx_HAL_Driver/Src/stm32l4xx_hal_adc.o
 .text.LL_ADC_IsEnabled
                0x0800146c       0x26 ./Drivers/STM32L4xx_HAL_Driver/Src/stm32l4xx_hal_adc.o
 .text.LL_ADC_REG_IsConversionOngoing
                0x08001492       0x26 ./Drivers/STM32L4xx_HAL_Driver/Src/stm32l4xx_hal_adc.o
 .text.LL_ADC_INJ_IsConversionOngoing
                0x080014b8       0x26 ./Drivers/STM32L4xx_HAL_Driver/Src/stm32l4xx_hal_adc.o
 *fill*         0x080014de        0x2 
 .text.HAL_ADC_Init
                0x080014e0      0x284 ./Drivers/STM32L4xx_HAL_Driver/Src/stm32l4xx_hal_adc.o
                0x080014e0                HAL_ADC_Init
 .text.HAL_ADC_ConfigChannel
                0x08001764      0x7c4 ./Drivers/STM32L4xx_HAL_Driver/Src/stm32l4xx_hal_adc.o
                0x08001764                HAL_ADC_ConfigChannel
 .text.HAL_CAN_Init
                0x08001f28      0x1f6 ./Drivers/STM32L4xx_HAL_Driver/Src/stm32l4xx_hal_can.o
                0x08001f28                HAL_CAN_Init
 .text.HAL_CAN_IRQHandler
                0x0800211e      0x36e ./Drivers/STM32L4xx_HAL_Driver/Src/stm32l4xx_hal_can.o
                0x0800211e                HAL_CAN_IRQHandler
 .text.HAL_CAN_TxMailbox0CompleteCallback
                0x0800248c       0x14 ./Drivers/STM32L4xx_HAL_Driver/Src/stm32l4xx_hal_can.o
                0x0800248c                HAL_CAN_TxMailbox0CompleteCallback
 .text.HAL_CAN_TxMailbox1CompleteCallback
                0x080024a0       0x14 ./Drivers/STM32L4xx_HAL_Driver/Src/stm32l4xx_hal_can.o
                0x080024a0                HAL_CAN_TxMailbox1CompleteCallback
 .text.HAL_CAN_TxMailbox2CompleteCallback
                0x080024b4       0x14 ./Drivers/STM32L4xx_HAL_Driver/Src/stm32l4xx_hal_can.o
                0x080024b4                HAL_CAN_TxMailbox2CompleteCallback
 .text.HAL_CAN_TxMailbox0AbortCallback
                0x080024c8       0x14 ./Drivers/STM32L4xx_HAL_Driver/Src/stm32l4xx_hal_can.o
                0x080024c8                HAL_CAN_TxMailbox0AbortCallback
 .text.HAL_CAN_TxMailbox1AbortCallback
                0x080024dc       0x14 ./Drivers/STM32L4xx_HAL_Driver/Src/stm32l4xx_hal_can.o
                0x080024dc                HAL_CAN_TxMailbox1AbortCallback
 .text.HAL_CAN_TxMailbox2AbortCallback
                0x080024f0       0x14 ./Drivers/STM32L4xx_HAL_Driver/Src/stm32l4xx_hal_can.o
                0x080024f0                HAL_CAN_TxMailbox2AbortCallback
 .text.HAL_CAN_RxFifo0MsgPendingCallback
                0x08002504       0x14 ./Drivers/STM32L4xx_HAL_Driver/Src/stm32l4xx_hal_can.o
                0x08002504                HAL_CAN_RxFifo0MsgPendingCallback
 .text.HAL_CAN_RxFifo0FullCallback
                0x08002518       0x14 ./Drivers/STM32L4xx_HAL_Driver/Src/stm32l4xx_hal_can.o
                0x08002518                HAL_CAN_RxFifo0FullCallback
 .text.HAL_CAN_RxFifo1MsgPendingCallback
                0x0800252c       0x14 ./Drivers/STM32L4xx_HAL_Driver/Src/stm32l4xx_hal_can.o
                0x0800252c                HAL_CAN_RxFifo1MsgPendingCallback
 .text.HAL_CAN_RxFifo1FullCallback
                0x08002540       0x14 ./Drivers/STM32L4xx_HAL_Driver/Src/stm32l4xx_hal_can.o
                0x08002540                HAL_CAN_RxFifo1FullCallback
 .text.HAL_CAN_SleepCallback
                0x08002554       0x14 ./Drivers/STM32L4xx_HAL_Driver/Src/stm32l4xx_hal_can.o
                0x08002554                HAL_CAN_SleepCallback
 .text.HAL_CAN_WakeUpFromRxMsgCallback
                0x08002568       0x14 ./Drivers/STM32L4xx_HAL_Driver/Src/stm32l4xx_hal_can.o
                0x08002568                HAL_CAN_WakeUpFromRxMsgCallback
 .text.HAL_CAN_ErrorCallback
                0x0800257c       0x14 ./Drivers/STM32L4xx_HAL_Driver/Src/stm32l4xx_hal_can.o
                0x0800257c                HAL_CAN_ErrorCallback
 .text.__NVIC_SetPriorityGrouping
                0x08002590       0x48 ./Drivers/STM32L4xx_HAL_Driver/Src/stm32l4xx_hal_cortex.o
 .text.__NVIC_GetPriorityGrouping
                0x080025d8       0x1c ./Drivers/STM32L4xx_HAL_Driver/Src/stm32l4xx_hal_cortex.o
 .text.__NVIC_EnableIRQ
                0x080025f4       0x3c ./Drivers/STM32L4xx_HAL_Driver/Src/stm32l4xx_hal_cortex.o
 .text.__NVIC_SetPriority
                0x08002630       0x54 ./Drivers/STM32L4xx_HAL_Driver/Src/stm32l4xx_hal_cortex.o
 .text.NVIC_EncodePriority
                0x08002684       0x66 ./Drivers/STM32L4xx_HAL_Driver/Src/stm32l4xx_hal_cortex.o
 *fill*         0x080026ea        0x2 
 .text.SysTick_Config
                0x080026ec       0x44 ./Drivers/STM32L4xx_HAL_Driver/Src/stm32l4xx_hal_cortex.o
 .text.HAL_NVIC_SetPriorityGrouping
                0x08002730       0x16 ./Drivers/STM32L4xx_HAL_Driver/Src/stm32l4xx_hal_cortex.o
                0x08002730                HAL_NVIC_SetPriorityGrouping
 .text.HAL_NVIC_SetPriority
                0x08002746       0x38 ./Drivers/STM32L4xx_HAL_Driver/Src/stm32l4xx_hal_cortex.o
                0x08002746                HAL_NVIC_SetPriority
 .text.HAL_NVIC_EnableIRQ
                0x0800277e       0x1c ./Drivers/STM32L4xx_HAL_Driver/Src/stm32l4xx_hal_cortex.o
                0x0800277e                HAL_NVIC_EnableIRQ
 .text.HAL_SYSTICK_Config
                0x0800279a       0x18 ./Drivers/STM32L4xx_HAL_Driver/Src/stm32l4xx_hal_cortex.o
                0x0800279a                HAL_SYSTICK_Config
 *fill*         0x080027b2        0x2 
 .text.HAL_GPIO_Init
                0x080027b4      0x2f4 ./Drivers/STM32L4xx_HAL_Driver/Src/stm32l4xx_hal_gpio.o
                0x080027b4                HAL_GPIO_Init
 .text.HAL_GPIO_ReadPin
                0x08002aa8       0x30 ./Drivers/STM32L4xx_HAL_Driver/Src/stm32l4xx_hal_gpio.o
                0x08002aa8                HAL_GPIO_ReadPin
 .text.HAL_GPIO_WritePin
                0x08002ad8       0x30 ./Drivers/STM32L4xx_HAL_Driver/Src/stm32l4xx_hal_gpio.o
                0x08002ad8                HAL_GPIO_WritePin
 .text.HAL_GPIO_TogglePin
                0x08002b08       0x34 ./Drivers/STM32L4xx_HAL_Driver/Src/stm32l4xx_hal_gpio.o
                0x08002b08                HAL_GPIO_TogglePin
 .text.HAL_GPIO_EXTI_IRQHandler
                0x08002b3c       0x30 ./Drivers/STM32L4xx_HAL_Driver/Src/stm32l4xx_hal_gpio.o
                0x08002b3c                HAL_GPIO_EXTI_IRQHandler
 .text.HAL_GPIO_EXTI_Callback
                0x08002b6c       0x16 ./Drivers/STM32L4xx_HAL_Driver/Src/stm32l4xx_hal_gpio.o
                0x08002b6c                HAL_GPIO_EXTI_Callback
 .text.HAL_I2C_Init
                0x08002b82      0x136 ./Drivers/STM32L4xx_HAL_Driver/Src/stm32l4xx_hal_i2c.o
                0x08002b82                HAL_I2C_Init
 .text.HAL_I2C_Mem_Write
                0x08002cb8      0x228 ./Drivers/STM32L4xx_HAL_Driver/Src/stm32l4xx_hal_i2c.o
                0x08002cb8                HAL_I2C_Mem_Write
 .text.HAL_I2C_Mem_Read
                0x08002ee0      0x234 ./Drivers/STM32L4xx_HAL_Driver/Src/stm32l4xx_hal_i2c.o
                0x08002ee0                HAL_I2C_Mem_Read
 .text.I2C_RequestMemoryWrite
                0x08003114       0xa8 ./Drivers/STM32L4xx_HAL_Driver/Src/stm32l4xx_hal_i2c.o
 .text.I2C_RequestMemoryRead
                0x080031bc       0xa8 ./Drivers/STM32L4xx_HAL_Driver/Src/stm32l4xx_hal_i2c.o
 .text.I2C_Flush_TXDR
                0x08003264       0x48 ./Drivers/STM32L4xx_HAL_Driver/Src/stm32l4xx_hal_i2c.o
 .text.I2C_WaitOnFlagUntilTimeout
                0x080032ac       0xb2 ./Drivers/STM32L4xx_HAL_Driver/Src/stm32l4xx_hal_i2c.o
 .text.I2C_WaitOnTXISFlagUntilTimeout
                0x0800335e       0x8e ./Drivers/STM32L4xx_HAL_Driver/Src/stm32l4xx_hal_i2c.o
 .text.I2C_WaitOnSTOPFlagUntilTimeout
                0x080033ec       0x86 ./Drivers/STM32L4xx_HAL_Driver/Src/stm32l4xx_hal_i2c.o
 *fill*         0x08003472        0x2 
 .text.I2C_IsErrorOccurred
                0x08003474      0x1c0 ./Drivers/STM32L4xx_HAL_Driver/Src/stm32l4xx_hal_i2c.o
 .text.I2C_TransferConfig
                0x08003634       0x64 ./Drivers/STM32L4xx_HAL_Driver/Src/stm32l4xx_hal_i2c.o
 .text.HAL_I2CEx_ConfigAnalogFilter
                0x08003698       0x96 ./Drivers/STM32L4xx_HAL_Driver/Src/stm32l4xx_hal_i2c_ex.o
                0x08003698                HAL_I2CEx_ConfigAnalogFilter
 .text.HAL_I2CEx_ConfigDigitalFilter
                0x0800372e       0x98 ./Drivers/STM32L4xx_HAL_Driver/Src/stm32l4xx_hal_i2c_ex.o
                0x0800372e                HAL_I2CEx_ConfigDigitalFilter
 *fill*         0x080037c6        0x2 
 .text.HAL_PWREx_GetVoltageRange
                0x080037c8       0x1c ./Drivers/STM32L4xx_HAL_Driver/Src/stm32l4xx_hal_pwr_ex.o
                0x080037c8                HAL_PWREx_GetVoltageRange
 .text.HAL_PWREx_ControlVoltageScaling
                0x080037e4       0xac ./Drivers/STM32L4xx_HAL_Driver/Src/stm32l4xx_hal_pwr_ex.o
                0x080037e4                HAL_PWREx_ControlVoltageScaling
 .text.HAL_RCC_OscConfig
                0x08003890      0x828 ./Drivers/STM32L4xx_HAL_Driver/Src/stm32l4xx_hal_rcc.o
                0x08003890                HAL_RCC_OscConfig
 .text.HAL_RCC_ClockConfig
                0x080040b8      0x200 ./Drivers/STM32L4xx_HAL_Driver/Src/stm32l4xx_hal_rcc.o
                0x080040b8                HAL_RCC_ClockConfig
 .text.HAL_RCC_GetSysClockFreq
                0x080042b8      0x118 ./Drivers/STM32L4xx_HAL_Driver/Src/stm32l4xx_hal_rcc.o
                0x080042b8                HAL_RCC_GetSysClockFreq
 .text.HAL_RCC_GetHCLKFreq
                0x080043d0       0x18 ./Drivers/STM32L4xx_HAL_Driver/Src/stm32l4xx_hal_rcc.o
                0x080043d0                HAL_RCC_GetHCLKFreq
 .text.HAL_RCC_GetPCLK1Freq
                0x080043e8       0x2c ./Drivers/STM32L4xx_HAL_Driver/Src/stm32l4xx_hal_rcc.o
                0x080043e8                HAL_RCC_GetPCLK1Freq
 .text.HAL_RCC_GetPCLK2Freq
                0x08004414       0x2c ./Drivers/STM32L4xx_HAL_Driver/Src/stm32l4xx_hal_rcc.o
                0x08004414                HAL_RCC_GetPCLK2Freq
 .text.RCC_SetFlashLatencyFromMSIRange
                0x08004440       0xc0 ./Drivers/STM32L4xx_HAL_Driver/Src/stm32l4xx_hal_rcc.o
 .text.HAL_RCCEx_PeriphCLKConfig
                0x08004500      0x430 ./Drivers/STM32L4xx_HAL_Driver/Src/stm32l4xx_hal_rcc_ex.o
                0x08004500                HAL_RCCEx_PeriphCLKConfig
 .text.RCCEx_PLLSAI1_Config
                0x08004930      0x1e4 ./Drivers/STM32L4xx_HAL_Driver/Src/stm32l4xx_hal_rcc_ex.o
 .text.HAL_TIM_Base_Init
                0x08004b14       0xae ./Drivers/STM32L4xx_HAL_Driver/Src/stm32l4xx_hal_tim.o
                0x08004b14                HAL_TIM_Base_Init
 .text.HAL_TIM_IRQHandler
                0x08004bc2      0x20e ./Drivers/STM32L4xx_HAL_Driver/Src/stm32l4xx_hal_tim.o
                0x08004bc2                HAL_TIM_IRQHandler
 .text.HAL_TIM_ConfigClockSource
                0x08004dd0      0x192 ./Drivers/STM32L4xx_HAL_Driver/Src/stm32l4xx_hal_tim.o
                0x08004dd0                HAL_TIM_ConfigClockSource
 .text.HAL_TIM_PeriodElapsedCallback
                0x08004f62       0x14 ./Drivers/STM32L4xx_HAL_Driver/Src/stm32l4xx_hal_tim.o
                0x08004f62                HAL_TIM_PeriodElapsedCallback
 .text.HAL_TIM_OC_DelayElapsedCallback
                0x08004f76       0x14 ./Drivers/STM32L4xx_HAL_Driver/Src/stm32l4xx_hal_tim.o
                0x08004f76                HAL_TIM_OC_DelayElapsedCallback
 .text.HAL_TIM_IC_CaptureCallback
                0x08004f8a       0x14 ./Drivers/STM32L4xx_HAL_Driver/Src/stm32l4xx_hal_tim.o
                0x08004f8a                HAL_TIM_IC_CaptureCallback
 .text.HAL_TIM_PWM_PulseFinishedCallback
                0x08004f9e       0x14 ./Drivers/STM32L4xx_HAL_Driver/Src/stm32l4xx_hal_tim.o
                0x08004f9e                HAL_TIM_PWM_PulseFinishedCallback
 .text.HAL_TIM_TriggerCallback
                0x08004fb2       0x14 ./Drivers/STM32L4xx_HAL_Driver/Src/stm32l4xx_hal_tim.o
                0x08004fb2                HAL_TIM_TriggerCallback
 *fill*         0x08004fc6        0x2 
 .text.TIM_Base_SetConfig
                0x08004fc8       0xd4 ./Drivers/STM32L4xx_HAL_Driver/Src/stm32l4xx_hal_tim.o
                0x08004fc8                TIM_Base_SetConfig
 .text.TIM_TI1_ConfigInputStage
                0x0800509c       0x90 ./Drivers/STM32L4xx_HAL_Driver/Src/stm32l4xx_hal_tim.o
 .text.TIM_TI2_ConfigInputStage
                0x0800512c       0x78 ./Drivers/STM32L4xx_HAL_Driver/Src/stm32l4xx_hal_tim.o
 .text.TIM_ITRx_SetConfig
                0x080051a4       0x36 ./Drivers/STM32L4xx_HAL_Driver/Src/stm32l4xx_hal_tim.o
 .text.TIM_ETR_SetConfig
                0x080051da       0x40 ./Drivers/STM32L4xx_HAL_Driver/Src/stm32l4xx_hal_tim.o
                0x080051da                TIM_ETR_SetConfig
 *fill*         0x0800521a        0x2 
 .text.HAL_TIMEx_MasterConfigSynchronization
                0x0800521c       0xcc ./Drivers/STM32L4xx_HAL_Driver/Src/stm32l4xx_hal_tim_ex.o
                0x0800521c                HAL_TIMEx_MasterConfigSynchronization
 .text.HAL_TIMEx_CommutCallback
                0x080052e8       0x14 ./Drivers/STM32L4xx_HAL_Driver/Src/stm32l4xx_hal_tim_ex.o
                0x080052e8                HAL_TIMEx_CommutCallback
 .text.HAL_TIMEx_BreakCallback
                0x080052fc       0x14 ./Drivers/STM32L4xx_HAL_Driver/Src/stm32l4xx_hal_tim_ex.o
                0x080052fc                HAL_TIMEx_BreakCallback
 .text.HAL_TIMEx_Break2Callback
                0x08005310       0x14 ./Drivers/STM32L4xx_HAL_Driver/Src/stm32l4xx_hal_tim_ex.o
                0x08005310                HAL_TIMEx_Break2Callback
 .text.HAL_UART_Init
                0x08005324       0x9c ./Drivers/STM32L4xx_HAL_Driver/Src/stm32l4xx_hal_uart.o
                0x08005324                HAL_UART_Init
 .text.HAL_UART_Transmit
                0x080053c0      0x126 ./Drivers/STM32L4xx_HAL_Driver/Src/stm32l4xx_hal_uart.o
                0x080053c0                HAL_UART_Transmit
 *fill*         0x080054e6        0x2 
 .text.UART_SetConfig
                0x080054e8      0x4b4 ./Drivers/STM32L4xx_HAL_Driver/Src/stm32l4xx_hal_uart.o
                0x080054e8                UART_SetConfig
 .text.UART_AdvFeatureConfig
                0x0800599c      0x144 ./Drivers/STM32L4xx_HAL_Driver/Src/stm32l4xx_hal_uart.o
                0x0800599c                UART_AdvFeatureConfig
 .text.UART_CheckIdleState
                0x08005ae0      0x150 ./Drivers/STM32L4xx_HAL_Driver/Src/stm32l4xx_hal_uart.o
                0x08005ae0                UART_CheckIdleState
 .text.UART_WaitOnFlagUntilTimeout
                0x08005c30       0xda ./Drivers/STM32L4xx_HAL_Driver/Src/stm32l4xx_hal_uart.o
                0x08005c30                UART_WaitOnFlagUntilTimeout
 .text.UART_EndRxTransfer
                0x08005d0a       0xc8 ./Drivers/STM32L4xx_HAL_Driver/Src/stm32l4xx_hal_uart.o
 .text.VL53L0X_GetOffsetCalibrationDataMicroMeter
                0x08005dd2       0x26 ./Drivers/VL5/core/src/vl53l0x_api.o
                0x08005dd2                VL53L0X_GetOffsetCalibrationDataMicroMeter
 .text.VL53L0X_DataInit
                0x08005df8      0x30c ./Drivers/VL5/core/src/vl53l0x_api.o
                0x08005df8                VL53L0X_DataInit
 .text.VL53L0X_StaticInit
                0x08006104      0x304 ./Drivers/VL5/core/src/vl53l0x_api.o
                0x08006104                VL53L0X_StaticInit
 .text.VL53L0X_GetDeviceParameters
                0x08006408      0x16a ./Drivers/VL5/core/src/vl53l0x_api.o
                0x08006408                VL53L0X_GetDeviceParameters
 *fill*         0x08006572        0x2 
 .text.VL53L0X_SetDeviceMode
                0x08006574       0x58 ./Drivers/VL5/core/src/vl53l0x_api.o
                0x08006574                VL53L0X_SetDeviceMode
 .text.VL53L0X_GetDeviceMode
                0x080065cc       0x26 ./Drivers/VL5/core/src/vl53l0x_api.o
                0x080065cc                VL53L0X_GetDeviceMode
 .text.VL53L0X_GetFractionEnable
                0x080065f2       0x3e ./Drivers/VL5/core/src/vl53l0x_api.o
                0x080065f2                VL53L0X_GetFractionEnable
 .text.VL53L0X_SetMeasurementTimingBudgetMicroSeconds
                0x08006630       0x26 ./Drivers/VL5/core/src/vl53l0x_api.o
                0x08006630                VL53L0X_SetMeasurementTimingBudgetMicroSeconds
 .text.VL53L0X_GetMeasurementTimingBudgetMicroSeconds
                0x08006656       0x26 ./Drivers/VL5/core/src/vl53l0x_api.o
                0x08006656                VL53L0X_GetMeasurementTimingBudgetMicroSeconds
 .text.VL53L0X_GetVcselPulsePeriod
                0x0800667c       0x2e ./Drivers/VL5/core/src/vl53l0x_api.o
                0x0800667c                VL53L0X_GetVcselPulsePeriod
 *fill*         0x080066aa        0x2 
 .text.VL53L0X_SetSequenceStepEnable
                0x080066ac      0x140 ./Drivers/VL5/core/src/vl53l0x_api.o
                0x080066ac                VL53L0X_SetSequenceStepEnable
 .text.sequence_step_enabled
                0x080067ec       0xa4 ./Drivers/VL5/core/src/vl53l0x_api.o
                0x080067ec                sequence_step_enabled
 .text.VL53L0X_GetSequenceStepEnables
                0x08006890       0xb0 ./Drivers/VL5/core/src/vl53l0x_api.o
                0x08006890                VL53L0X_GetSequenceStepEnables
 .text.VL53L0X_GetInterMeasurementPeriodMilliSeconds
                0x08006940       0x68 ./Drivers/VL5/core/src/vl53l0x_api.o
                0x08006940                VL53L0X_GetInterMeasurementPeriodMilliSeconds
 .text.VL53L0X_GetXTalkCompensationEnable
                0x080069a8       0x2a ./Drivers/VL5/core/src/vl53l0x_api.o
                0x080069a8                VL53L0X_GetXTalkCompensationEnable
 .text.VL53L0X_GetXTalkCompensationRateMegaCps
                0x080069d2       0x66 ./Drivers/VL5/core/src/vl53l0x_api.o
                0x080069d2                VL53L0X_GetXTalkCompensationRateMegaCps
 .text.VL53L0X_SetLimitCheckEnable
                0x08006a38      0x118 ./Drivers/VL5/core/src/vl53l0x_api.o
                0x08006a38                VL53L0X_SetLimitCheckEnable
 .text.VL53L0X_GetLimitCheckEnable
                0x08006b50       0x46 ./Drivers/VL5/core/src/vl53l0x_api.o
                0x08006b50                VL53L0X_GetLimitCheckEnable
 *fill*         0x08006b96        0x2 
 .text.VL53L0X_SetLimitCheckValue
                0x08006b98       0xc4 ./Drivers/VL5/core/src/vl53l0x_api.o
                0x08006b98                VL53L0X_SetLimitCheckValue
 .text.VL53L0X_GetLimitCheckValue
                0x08006c5c      0x11c ./Drivers/VL5/core/src/vl53l0x_api.o
                0x08006c5c                VL53L0X_GetLimitCheckValue
 .text.VL53L0X_GetWrapAroundCheckEnable
                0x08006d78       0x64 ./Drivers/VL5/core/src/vl53l0x_api.o
                0x08006d78                VL53L0X_GetWrapAroundCheckEnable
 .text.VL53L0X_PerformSingleMeasurement
                0x08006ddc       0x68 ./Drivers/VL5/core/src/vl53l0x_api.o
                0x08006ddc                VL53L0X_PerformSingleMeasurement
 .text.VL53L0X_PerformRefCalibration
                0x08006e44       0x2c ./Drivers/VL5/core/src/vl53l0x_api.o
                0x08006e44                VL53L0X_PerformRefCalibration
 .text.VL53L0X_CheckAndLoadInterruptSettings
                0x08006e70      0x1e4 ./Drivers/VL5/core/src/vl53l0x_api.o
                0x08006e70                VL53L0X_CheckAndLoadInterruptSettings
 .text.VL53L0X_StartMeasurement
                0x08007054      0x184 ./Drivers/VL5/core/src/vl53l0x_api.o
                0x08007054                VL53L0X_StartMeasurement
 .text.VL53L0X_GetMeasurementDataReady
                0x080071d8       0x80 ./Drivers/VL5/core/src/vl53l0x_api.o
                0x080071d8                VL53L0X_GetMeasurementDataReady
 .text.VL53L0X_GetRangingMeasurementData
                0x08007258      0x238 ./Drivers/VL5/core/src/vl53l0x_api.o
                0x08007258                VL53L0X_GetRangingMeasurementData
 .text.VL53L0X_PerformSingleRangingMeasurement
                0x08007490       0x60 ./Drivers/VL5/core/src/vl53l0x_api.o
                0x08007490                VL53L0X_PerformSingleRangingMeasurement
 .text.VL53L0X_SetGpioConfig
                0x080074f0      0x244 ./Drivers/VL5/core/src/vl53l0x_api.o
                0x080074f0                VL53L0X_SetGpioConfig
 .text.VL53L0X_GetInterruptThresholds
                0x08007734       0x68 ./Drivers/VL5/core/src/vl53l0x_api.o
                0x08007734                VL53L0X_GetInterruptThresholds
 .text.VL53L0X_ClearInterruptMask
                0x0800779c       0x80 ./Drivers/VL5/core/src/vl53l0x_api.o
                0x0800779c                VL53L0X_ClearInterruptMask
 .text.VL53L0X_GetInterruptMaskStatus
                0x0800781c       0x44 ./Drivers/VL5/core/src/vl53l0x_api.o
                0x0800781c                VL53L0X_GetInterruptMaskStatus
 .text.VL53L0X_PerformRefSpadManagement
                0x08007860       0x2a ./Drivers/VL5/core/src/vl53l0x_api.o
                0x08007860                VL53L0X_PerformRefSpadManagement
 .text.VL53L0X_get_offset_calibration_data_micro_meter
                0x0800788a       0x7e ./Drivers/VL5/core/src/vl53l0x_api_calibration.o
                0x0800788a                VL53L0X_get_offset_calibration_data_micro_meter
 .text.get_next_good_spad
                0x08007908       0xbc ./Drivers/VL5/core/src/vl53l0x_api_calibration.o
                0x08007908                get_next_good_spad
 .text.is_aperture
                0x080079c4       0x34 ./Drivers/VL5/core/src/vl53l0x_api_calibration.o
                0x080079c4                is_aperture
 .text.enable_spad_bit
                0x080079f8       0x70 ./Drivers/VL5/core/src/vl53l0x_api_calibration.o
                0x080079f8                enable_spad_bit
 .text.set_ref_spad_map
                0x08007a68       0x26 ./Drivers/VL5/core/src/vl53l0x_api_calibration.o
                0x08007a68                set_ref_spad_map
 .text.get_ref_spad_map
                0x08007a8e       0x26 ./Drivers/VL5/core/src/vl53l0x_api_calibration.o
                0x08007a8e                get_ref_spad_map
 .text.enable_ref_spads
                0x08007ab4       0xf8 ./Drivers/VL5/core/src/vl53l0x_api_calibration.o
                0x08007ab4                enable_ref_spads
 .text.perform_ref_signal_measurement
                0x08007bac       0xd4 ./Drivers/VL5/core/src/vl53l0x_api_calibration.o
                0x08007bac                perform_ref_signal_measurement
 .text.VL53L0X_perform_ref_spad_management
                0x08007c80      0x418 ./Drivers/VL5/core/src/vl53l0x_api_calibration.o
                0x08007c80                VL53L0X_perform_ref_spad_management
 .text.VL53L0X_set_reference_spads
                0x08008098      0x14a ./Drivers/VL5/core/src/vl53l0x_api_calibration.o
                0x08008098                VL53L0X_set_reference_spads
 .text.VL53L0X_perform_single_ref_calibration
                0x080081e2       0x76 ./Drivers/VL5/core/src/vl53l0x_api_calibration.o
                0x080081e2                VL53L0X_perform_single_ref_calibration
 .text.VL53L0X_ref_calibration_io
                0x08008258      0x132 ./Drivers/VL5/core/src/vl53l0x_api_calibration.o
                0x08008258                VL53L0X_ref_calibration_io
 .text.VL53L0X_perform_vhv_calibration
                0x0800838a       0xce ./Drivers/VL5/core/src/vl53l0x_api_calibration.o
                0x0800838a                VL53L0X_perform_vhv_calibration
 .text.VL53L0X_perform_phase_calibration
                0x08008458       0xca ./Drivers/VL5/core/src/vl53l0x_api_calibration.o
                0x08008458                VL53L0X_perform_phase_calibration
 .text.VL53L0X_perform_ref_calibration
                0x08008522       0x7a ./Drivers/VL5/core/src/vl53l0x_api_calibration.o
                0x08008522                VL53L0X_perform_ref_calibration
 .text.VL53L0X_measurement_poll_for_completion
                0x0800859c       0x60 ./Drivers/VL5/core/src/vl53l0x_api_core.o
                0x0800859c                VL53L0X_measurement_poll_for_completion
 .text.VL53L0X_decode_vcsel_period
                0x080085fc       0x26 ./Drivers/VL5/core/src/vl53l0x_api_core.o
                0x080085fc                VL53L0X_decode_vcsel_period
 .text.VL53L0X_isqrt
                0x08008622       0x68 ./Drivers/VL5/core/src/vl53l0x_api_core.o
                0x08008622                VL53L0X_isqrt
 .text.VL53L0X_device_read_strobe
                0x0800868a       0x86 ./Drivers/VL5/core/src/vl53l0x_api_core.o
                0x0800868a                VL53L0X_device_read_strobe
 .text.VL53L0X_get_info_from_device
                0x08008710      0x99c ./Drivers/VL5/core/src/vl53l0x_api_core.o
                0x08008710                VL53L0X_get_info_from_device
 .text.VL53L0X_calc_macro_period_ps
                0x080090ac       0x3c ./Drivers/VL5/core/src/vl53l0x_api_core.o
                0x080090ac                VL53L0X_calc_macro_period_ps
 .text.VL53L0X_encode_timeout
                0x080090e8       0x54 ./Drivers/VL5/core/src/vl53l0x_api_core.o
                0x080090e8                VL53L0X_encode_timeout
 .text.VL53L0X_decode_timeout
                0x0800913c       0x2c ./Drivers/VL5/core/src/vl53l0x_api_core.o
                0x0800913c                VL53L0X_decode_timeout
 .text.VL53L0X_calc_timeout_mclks
                0x08009168       0x54 ./Drivers/VL5/core/src/vl53l0x_api_core.o
                0x08009168                VL53L0X_calc_timeout_mclks
 .text.VL53L0X_calc_timeout_us
                0x080091bc       0x54 ./Drivers/VL5/core/src/vl53l0x_api_core.o
                0x080091bc                VL53L0X_calc_timeout_us
 .text.get_sequence_step_timeout
                0x08009210      0x1c0 ./Drivers/VL5/core/src/vl53l0x_api_core.o
                0x08009210                get_sequence_step_timeout
 .text.set_sequence_step_timeout
                0x080093d0      0x1e4 ./Drivers/VL5/core/src/vl53l0x_api_core.o
                0x080093d0                set_sequence_step_timeout
 .text.VL53L0X_get_vcsel_pulse_period
                0x080095b4       0x6e ./Drivers/VL5/core/src/vl53l0x_api_core.o
                0x080095b4                VL53L0X_get_vcsel_pulse_period
 .text.VL53L0X_set_measurement_timing_budget_micro_seconds
                0x08009622      0x1a6 ./Drivers/VL5/core/src/vl53l0x_api_core.o
                0x08009622                VL53L0X_set_measurement_timing_budget_micro_seconds
 .text.VL53L0X_get_measurement_timing_budget_micro_seconds
                0x080097c8      0x162 ./Drivers/VL5/core/src/vl53l0x_api_core.o
                0x080097c8                VL53L0X_get_measurement_timing_budget_micro_seconds
 *fill*         0x0800992a        0x2 
 .text.VL53L0X_load_tuning_settings
                0x0800992c      0x1c4 ./Drivers/VL5/core/src/vl53l0x_api_core.o
                0x0800992c                VL53L0X_load_tuning_settings
 .text.VL53L0X_get_total_xtalk_rate
                0x08009af0       0x5e ./Drivers/VL5/core/src/vl53l0x_api_core.o
                0x08009af0                VL53L0X_get_total_xtalk_rate
 .text.VL53L0X_get_total_signal_rate
                0x08009b4e       0x4a ./Drivers/VL5/core/src/vl53l0x_api_core.o
                0x08009b4e                VL53L0X_get_total_signal_rate
 .text.get_dmax_lut_points
                0x08009b98       0x8e ./Drivers/VL5/core/src/vl53l0x_api_core.o
                0x08009b98                get_dmax_lut_points
 .text.VL53L0X_calc_dmax
                0x08009c26      0x14c ./Drivers/VL5/core/src/vl53l0x_api_core.o
                0x08009c26                VL53L0X_calc_dmax
 *fill*         0x08009d72        0x2 
 .text.VL53L0X_calc_sigma_estimate
                0x08009d74      0x45c ./Drivers/VL5/core/src/vl53l0x_api_core.o
                0x08009d74                VL53L0X_calc_sigma_estimate
 .text.VL53L0X_get_pal_range_status
                0x0800a1d0      0x3c4 ./Drivers/VL5/core/src/vl53l0x_api_core.o
                0x0800a1d0                VL53L0X_get_pal_range_status
 .text.VL53L0X_WriteMulti
                0x0800a594       0x54 ./Drivers/VL5/platform/src/vl53l0x_platform.o
                0x0800a594                VL53L0X_WriteMulti
 .text.VL53L0X_ReadMulti
                0x0800a5e8       0x54 ./Drivers/VL5/platform/src/vl53l0x_platform.o
                0x0800a5e8                VL53L0X_ReadMulti
 .text.VL53L0X_WrByte
                0x0800a63c       0x26 ./Drivers/VL5/platform/src/vl53l0x_platform.o
                0x0800a63c                VL53L0X_WrByte
 .text.VL53L0X_WrWord
                0x0800a662       0x38 ./Drivers/VL5/platform/src/vl53l0x_platform.o
                0x0800a662                VL53L0X_WrWord
 .text.VL53L0X_RdByte
                0x0800a69a       0x24 ./Drivers/VL5/platform/src/vl53l0x_platform.o
                0x0800a69a                VL53L0X_RdByte
 .text.VL53L0X_RdWord
                0x0800a6be       0x4a ./Drivers/VL5/platform/src/vl53l0x_platform.o
                0x0800a6be                VL53L0X_RdWord
 .text.VL53L0X_RdDWord
                0x0800a708       0x4c ./Drivers/VL5/platform/src/vl53l0x_platform.o
                0x0800a708                VL53L0X_RdDWord
 .text.VL53L0X_UpdateByte
                0x0800a754       0x60 ./Drivers/VL5/platform/src/vl53l0x_platform.o
                0x0800a754                VL53L0X_UpdateByte
 .text.VL53L0X_PollingDelay
                0x0800a7b4       0x18 ./Drivers/VL5/platform/src/vl53l0x_platform.o
                0x0800a7b4                VL53L0X_PollingDelay
 .text.sprintf  0x0800a7cc       0x44 /Applications/STM32CubeIDE.app/Contents/Eclipse/plugins/com.st.stm32cube.ide.mcu.externaltools.gnu-tools-for-stm32.13.3.rel1.macos64_1.0.0.202411102158/tools/bin/../lib/gcc/arm-none-eabi/13.3.1/../../../../arm-none-eabi/lib/thumb/v7e-m+fp/hard/libc_nano.a(libc_a-sprintf.o)
                0x0800a7cc                sprintf
                0x0800a7cc                siprintf
 .text.memset   0x0800a810       0x10 /Applications/STM32CubeIDE.app/Contents/Eclipse/plugins/com.st.stm32cube.ide.mcu.externaltools.gnu-tools-for-stm32.13.3.rel1.macos64_1.0.0.202411102158/tools/bin/../lib/gcc/arm-none-eabi/13.3.1/../../../../arm-none-eabi/lib/thumb/v7e-m+fp/hard/libc_nano.a(libc_a-memset.o)
                0x0800a810                memset
 .text.__errno  0x0800a820        0xc /Applications/STM32CubeIDE.app/Contents/Eclipse/plugins/com.st.stm32cube.ide.mcu.externaltools.gnu-tools-for-stm32.13.3.rel1.macos64_1.0.0.202411102158/tools/bin/../lib/gcc/arm-none-eabi/13.3.1/../../../../arm-none-eabi/lib/thumb/v7e-m+fp/hard/libc_nano.a(libc_a-errno.o)
                0x0800a820                __errno
 .text.__libc_init_array
                0x0800a82c       0x48 /Applications/STM32CubeIDE.app/Contents/Eclipse/plugins/com.st.stm32cube.ide.mcu.externaltools.gnu-tools-for-stm32.13.3.rel1.macos64_1.0.0.202411102158/tools/bin/../lib/gcc/arm-none-eabi/13.3.1/../../../../arm-none-eabi/lib/thumb/v7e-m+fp/hard/libc_nano.a(libc_a-init.o)
                0x0800a82c                __libc_init_array
 .text.__retarget_lock_acquire_recursive
                0x0800a874        0x2 /Applications/STM32CubeIDE.app/Contents/Eclipse/plugins/com.st.stm32cube.ide.mcu.externaltools.gnu-tools-for-stm32.13.3.rel1.macos64_1.0.0.202411102158/tools/bin/../lib/gcc/arm-none-eabi/13.3.1/../../../../arm-none-eabi/lib/thumb/v7e-m+fp/hard/libc_nano.a(libc_a-lock.o)
                0x0800a874                __retarget_lock_acquire_recursive
 .text.__retarget_lock_release_recursive
                0x0800a876        0x2 /Applications/STM32CubeIDE.app/Contents/Eclipse/plugins/com.st.stm32cube.ide.mcu.externaltools.gnu-tools-for-stm32.13.3.rel1.macos64_1.0.0.202411102158/tools/bin/../lib/gcc/arm-none-eabi/13.3.1/../../../../arm-none-eabi/lib/thumb/v7e-m+fp/hard/libc_nano.a(libc_a-lock.o)
                0x0800a876                __retarget_lock_release_recursive
 .text.strcpy   0x0800a878       0x10 /Applications/STM32CubeIDE.app/Contents/Eclipse/plugins/com.st.stm32cube.ide.mcu.externaltools.gnu-tools-for-stm32.13.3.rel1.macos64_1.0.0.202411102158/tools/bin/../lib/gcc/arm-none-eabi/13.3.1/../../../../arm-none-eabi/lib/thumb/v7e-m+fp/hard/libc_nano.a(libc_a-strcpy.o)
                0x0800a878                strcpy
 .text.memcpy   0x0800a888       0x1c /Applications/STM32CubeIDE.app/Contents/Eclipse/plugins/com.st.stm32cube.ide.mcu.externaltools.gnu-tools-for-stm32.13.3.rel1.macos64_1.0.0.202411102158/tools/bin/../lib/gcc/arm-none-eabi/13.3.1/../../../../arm-none-eabi/lib/thumb/v7e-m+fp/hard/libc_nano.a(libc_a-memcpy-stub.o)
                0x0800a888                memcpy
 .text.__ssputs_r
                0x0800a8a4       0xb6 /Applications/STM32CubeIDE.app/Contents/Eclipse/plugins/com.st.stm32cube.ide.mcu.externaltools.gnu-tools-for-stm32.13.3.rel1.macos64_1.0.0.202411102158/tools/bin/../lib/gcc/arm-none-eabi/13.3.1/../../../../arm-none-eabi/lib/thumb/v7e-m+fp/hard/libc_nano.a(libc_a-nano-svfprintf.o)
                0x0800a8a4                __ssputs_r
 *fill*         0x0800a95a        0x2 
 .text._svfprintf_r
                0x0800a95c      0x1f8 /Applications/STM32CubeIDE.app/Contents/Eclipse/plugins/com.st.stm32cube.ide.mcu.externaltools.gnu-tools-for-stm32.13.3.rel1.macos64_1.0.0.202411102158/tools/bin/../lib/gcc/arm-none-eabi/13.3.1/../../../../arm-none-eabi/lib/thumb/v7e-m+fp/hard/libc_nano.a(libc_a-nano-svfprintf.o)
                0x0800a95c                _svfprintf_r
                0x0800a95c                _svfiprintf_r
 .text.sbrk_aligned
                0x0800ab54       0x44 /Applications/STM32CubeIDE.app/Contents/Eclipse/plugins/com.st.stm32cube.ide.mcu.externaltools.gnu-tools-for-stm32.13.3.rel1.macos64_1.0.0.202411102158/tools/bin/../lib/gcc/arm-none-eabi/13.3.1/../../../../arm-none-eabi/lib/thumb/v7e-m+fp/hard/libc_nano.a(libc_a-mallocr.o)
 .text._malloc_r
                0x0800ab98      0x100 /Applications/STM32CubeIDE.app/Contents/Eclipse/plugins/com.st.stm32cube.ide.mcu.externaltools.gnu-tools-for-stm32.13.3.rel1.macos64_1.0.0.202411102158/tools/bin/../lib/gcc/arm-none-eabi/13.3.1/../../../../arm-none-eabi/lib/thumb/v7e-m+fp/hard/libc_nano.a(libc_a-mallocr.o)
                0x0800ab98                _malloc_r
 .text._printf_common
                0x0800ac98       0xda /Applications/STM32CubeIDE.app/Contents/Eclipse/plugins/com.st.stm32cube.ide.mcu.externaltools.gnu-tools-for-stm32.13.3.rel1.macos64_1.0.0.202411102158/tools/bin/../lib/gcc/arm-none-eabi/13.3.1/../../../../arm-none-eabi/lib/thumb/v7e-m+fp/hard/libc_nano.a(libc_a-nano-vfprintf_i.o)
                0x0800ac98                _printf_common
 *fill*         0x0800ad72        0x2 
 .text._printf_i
                0x0800ad74      0x23c /Applications/STM32CubeIDE.app/Contents/Eclipse/plugins/com.st.stm32cube.ide.mcu.externaltools.gnu-tools-for-stm32.13.3.rel1.macos64_1.0.0.202411102158/tools/bin/../lib/gcc/arm-none-eabi/13.3.1/../../../../arm-none-eabi/lib/thumb/v7e-m+fp/hard/libc_nano.a(libc_a-nano-vfprintf_i.o)
                0x0800ad74                _printf_i
 .text.__malloc_lock
                0x0800afb0        0xc /Applications/STM32CubeIDE.app/Contents/Eclipse/plugins/com.st.stm32cube.ide.mcu.externaltools.gnu-tools-for-stm32.13.3.rel1.macos64_1.0.0.202411102158/tools/bin/../lib/gcc/arm-none-eabi/13.3.1/../../../../arm-none-eabi/lib/thumb/v7e-m+fp/hard/libc_nano.a(libc_a-mlock.o)
                0x0800afb0                __malloc_lock
 .text.__malloc_unlock
                0x0800afbc        0xc /Applications/STM32CubeIDE.app/Contents/Eclipse/plugins/com.st.stm32cube.ide.mcu.externaltools.gnu-tools-for-stm32.13.3.rel1.macos64_1.0.0.202411102158/tools/bin/../lib/gcc/arm-none-eabi/13.3.1/../../../../arm-none-eabi/lib/thumb/v7e-m+fp/hard/libc_nano.a(libc_a-mlock.o)
                0x0800afbc                __malloc_unlock
 .text._realloc_r
                0x0800afc8       0x5c /Applications/STM32CubeIDE.app/Contents/Eclipse/plugins/com.st.stm32cube.ide.mcu.externaltools.gnu-tools-for-stm32.13.3.rel1.macos64_1.0.0.202411102158/tools/bin/../lib/gcc/arm-none-eabi/13.3.1/../../../../arm-none-eabi/lib/thumb/v7e-m+fp/hard/libc_nano.a(libc_a-reallocr.o)
                0x0800afc8                _realloc_r
 .text.memmove  0x0800b024       0x34 /Applications/STM32CubeIDE.app/Contents/Eclipse/plugins/com.st.stm32cube.ide.mcu.externaltools.gnu-tools-for-stm32.13.3.rel1.macos64_1.0.0.202411102158/tools/bin/../lib/gcc/arm-none-eabi/13.3.1/../../../../arm-none-eabi/lib/thumb/v7e-m+fp/hard/libc_nano.a(libc_a-memmove.o)
                0x0800b024                memmove
 .text._sbrk_r  0x0800b058       0x20 /Applications/STM32CubeIDE.app/Contents/Eclipse/plugins/com.st.stm32cube.ide.mcu.externaltools.gnu-tools-for-stm32.13.3.rel1.macos64_1.0.0.202411102158/tools/bin/../lib/gcc/arm-none-eabi/13.3.1/../../../../arm-none-eabi/lib/thumb/v7e-m+fp/hard/libc_nano.a(libc_a-sbrkr.o)
                0x0800b058                _sbrk_r
 .text._free_r  0x0800b078       0x94 /Applications/STM32CubeIDE.app/Contents/Eclipse/plugins/com.st.stm32cube.ide.mcu.externaltools.gnu-tools-for-stm32.13.3.rel1.macos64_1.0.0.202411102158/tools/bin/../lib/gcc/arm-none-eabi/13.3.1/../../../../arm-none-eabi/lib/thumb/v7e-m+fp/hard/libc_nano.a(libc_a-freer.o)
                0x0800b078                _free_r
 .text._malloc_usable_size_r
                0x0800b10c       0x10 /Applications/STM32CubeIDE.app/Contents/Eclipse/plugins/com.st.stm32cube.ide.mcu.externaltools.gnu-tools-for-stm32.13.3.rel1.macos64_1.0.0.202411102158/tools/bin/../lib/gcc/arm-none-eabi/13.3.1/../../../../arm-none-eabi/lib/thumb/v7e-m+fp/hard/libc_nano.a(libc_a-msizer.o)
                0x0800b10c                _malloc_usable_size_r
 *(.glue_7)
 .glue_7        0x0800b11c        0x0 linker stubs
 *(.glue_7t)
 .glue_7t       0x0800b11c        0x0 linker stubs
 *(.eh_frame)
 .eh_frame      0x0800b11c        0x0 /Applications/STM32CubeIDE.app/Contents/Eclipse/plugins/com.st.stm32cube.ide.mcu.externaltools.gnu-tools-for-stm32.13.3.rel1.macos64_1.0.0.202411102158/tools/bin/../lib/gcc/arm-none-eabi/13.3.1/thumb/v7e-m+fp/hard/crtbegin.o
 *(.init)
 .init          0x0800b11c        0x4 /Applications/STM32CubeIDE.app/Contents/Eclipse/plugins/com.st.stm32cube.ide.mcu.externaltools.gnu-tools-for-stm32.13.3.rel1.macos64_1.0.0.202411102158/tools/bin/../lib/gcc/arm-none-eabi/13.3.1/thumb/v7e-m+fp/hard/crti.o
                0x0800b11c                _init
 .init          0x0800b120        0x8 /Applications/STM32CubeIDE.app/Contents/Eclipse/plugins/com.st.stm32cube.ide.mcu.externaltools.gnu-tools-for-stm32.13.3.rel1.macos64_1.0.0.202411102158/tools/bin/../lib/gcc/arm-none-eabi/13.3.1/thumb/v7e-m+fp/hard/crtn.o
 *(.fini)
 .fini          0x0800b128        0x4 /Applications/STM32CubeIDE.app/Contents/Eclipse/plugins/com.st.stm32cube.ide.mcu.externaltools.gnu-tools-for-stm32.13.3.rel1.macos64_1.0.0.202411102158/tools/bin/../lib/gcc/arm-none-eabi/13.3.1/thumb/v7e-m+fp/hard/crti.o
                0x0800b128                _fini
 .fini          0x0800b12c        0x8 /Applications/STM32CubeIDE.app/Contents/Eclipse/plugins/com.st.stm32cube.ide.mcu.externaltools.gnu-tools-for-stm32.13.3.rel1.macos64_1.0.0.202411102158/tools/bin/../lib/gcc/arm-none-eabi/13.3.1/thumb/v7e-m+fp/hard/crtn.o
                0x0800b134                        . = ALIGN (0x4)
                0x0800b134                        _etext = .

.vfp11_veneer   0x0800b134        0x0
 .vfp11_veneer  0x0800b134        0x0 linker stubs

.v4_bx          0x0800b134        0x0
 .v4_bx         0x0800b134        0x0 linker stubs

.iplt           0x0800b134        0x0
 .iplt          0x0800b134        0x0 /Applications/STM32CubeIDE.app/Contents/Eclipse/plugins/com.st.stm32cube.ide.mcu.externaltools.gnu-tools-for-stm32.13.3.rel1.macos64_1.0.0.202411102158/tools/bin/../lib/gcc/arm-none-eabi/13.3.1/thumb/v7e-m+fp/hard/crtbegin.o

.rodata         0x0800b134       0x94
                0x0800b134                        . = ALIGN (0x4)
 *(.rodata)
 .rodata        0x0800b134       0x16 ./Core/Src/main.o
 *(.rodata*)
 *fill*         0x0800b14a        0x2 
 .rodata.AHBPrescTable
                0x0800b14c       0x10 ./Core/Src/system_stm32l4xx.o
                0x0800b14c                AHBPrescTable
 .rodata.APBPrescTable
                0x0800b15c        0x8 ./Core/Src/system_stm32l4xx.o
                0x0800b15c                APBPrescTable
 .rodata.MSIRangeTable
                0x0800b164       0x30 ./Core/Src/system_stm32l4xx.o
                0x0800b164                MSIRangeTable
 .rodata._svfprintf_r.str1.1
                0x0800b194       0x33 /Applications/STM32CubeIDE.app/Contents/Eclipse/plugins/com.st.stm32cube.ide.mcu.externaltools.gnu-tools-for-stm32.13.3.rel1.macos64_1.0.0.202411102158/tools/bin/../lib/gcc/arm-none-eabi/13.3.1/../../../../arm-none-eabi/lib/thumb/v7e-m+fp/hard/libc_nano.a(libc_a-nano-svfprintf.o)
                                 0x11 (size before relaxing)
 .rodata._printf_i.str1.1
                0x0800b1c7       0x22 /Applications/STM32CubeIDE.app/Contents/Eclipse/plugins/com.st.stm32cube.ide.mcu.externaltools.gnu-tools-for-stm32.13.3.rel1.macos64_1.0.0.202411102158/tools/bin/../lib/gcc/arm-none-eabi/13.3.1/../../../../arm-none-eabi/lib/thumb/v7e-m+fp/hard/libc_nano.a(libc_a-nano-vfprintf_i.o)
                0x0800b1ec                        . = ALIGN (0x4)
 *fill*         0x0800b1c7        0x1 

.ARM.extab      0x0800b1c8        0x0
                0x0800b1c8                        . = ALIGN (0x4)
 *(.ARM.extab* .gnu.linkonce.armextab.*)
                0x0800b1c8                        . = ALIGN (0x4)

.ARM            0x0800b1c8        0x8
                0x0800b1c8                        . = ALIGN (0x4)
                0x0800b1c8                        __exidx_start = .
 *(.ARM.exidx*)
 .ARM.exidx     0x0800b1c8        0x8 /Applications/STM32CubeIDE.app/Contents/Eclipse/plugins/com.st.stm32cube.ide.mcu.externaltools.gnu-tools-for-stm32.13.3.rel1.macos64_1.0.0.202411102158/tools/bin/../lib/gcc/arm-none-eabi/13.3.1/../../../../arm-none-eabi/lib/thumb/v7e-m+fp/hard/libc_nano.a(libc_a-strlen.o)
 .ARM.exidx     0x0800b1d0        0x0 /Applications/STM32CubeIDE.app/Contents/Eclipse/plugins/com.st.stm32cube.ide.mcu.externaltools.gnu-tools-for-stm32.13.3.rel1.macos64_1.0.0.202411102158/tools/bin/../lib/gcc/arm-none-eabi/13.3.1/../../../../arm-none-eabi/lib/thumb/v7e-m+fp/hard/libc_nano.a(libc_a-memchr.o)
                                  0x8 (size before relaxing)
 .ARM.exidx     0x0800b1d0        0x0 /Applications/STM32CubeIDE.app/Contents/Eclipse/plugins/com.st.stm32cube.ide.mcu.externaltools.gnu-tools-for-stm32.13.3.rel1.macos64_1.0.0.202411102158/tools/bin/../lib/gcc/arm-none-eabi/13.3.1/thumb/v7e-m+fp/hard/libgcc.a(_udivmoddi4.o)
                                  0x8 (size before relaxing)
                0x0800b1d0                        __exidx_end = .
                0x0800b1d0                        . = ALIGN (0x4)

.preinit_array  0x0800b1d0        0x0
                0x0800b1d0                        . = ALIGN (0x4)
                0x0800b1d0                        PROVIDE (__preinit_array_start = .)
 *(.preinit_array*)
                0x0800b1d0                        PROVIDE (__preinit_array_end = .)
                0x0800b1d0                        . = ALIGN (0x4)

.init_array     0x0800b1d0        0x4
                0x0800b1d0                        . = ALIGN (0x4)
                0x0800b1d0                        PROVIDE (__init_array_start = .)
 *(SORT_BY_NAME(.init_array.*))
 *(.init_array*)
 .init_array    0x0800b1d0        0x4 /Applications/STM32CubeIDE.app/Contents/Eclipse/plugins/com.st.stm32cube.ide.mcu.externaltools.gnu-tools-for-stm32.13.3.rel1.macos64_1.0.0.202411102158/tools/bin/../lib/gcc/arm-none-eabi/13.3.1/thumb/v7e-m+fp/hard/crtbegin.o
                0x0800b1d4                        PROVIDE (__init_array_end = .)
                0x0800b1d4                        . = ALIGN (0x4)

.fini_array     0x0800b1d4        0x4
                0x0800b1d4                        . = ALIGN (0x4)
                [!provide]                        PROVIDE (__fini_array_start = .)
 *(SORT_BY_NAME(.fini_array.*))
 *(.fini_array*)
 .fini_array    0x0800b1d4        0x4 /Applications/STM32CubeIDE.app/Contents/Eclipse/plugins/com.st.stm32cube.ide.mcu.externaltools.gnu-tools-for-stm32.13.3.rel1.macos64_1.0.0.202411102158/tools/bin/../lib/gcc/arm-none-eabi/13.3.1/thumb/v7e-m+fp/hard/crtbegin.o
                [!provide]                        PROVIDE (__fini_array_end = .)
                0x0800b1d8                        . = ALIGN (0x4)
                0x0800b1d8                        _sidata = LOADADDR (.data)

.rel.dyn        0x0800b1d8        0x0
 .rel.iplt      0x0800b1d8        0x0 /Applications/STM32CubeIDE.app/Contents/Eclipse/plugins/com.st.stm32cube.ide.mcu.externaltools.gnu-tools-for-stm32.13.3.rel1.macos64_1.0.0.202411102158/tools/bin/../lib/gcc/arm-none-eabi/13.3.1/thumb/v7e-m+fp/hard/crtbegin.o

.data           0x20000000      0x31c load address 0x0800b1d8
                0x20000000                        . = ALIGN (0x4)
                0x20000000                        _sdata = .
 *(.data)
 *(.data*)
 .data.rhSensor
                0x20000000        0x4 ./Core/Src/main.o
                0x20000000                rhSensor
 .data.SystemCoreClock
                0x20000004        0x4 ./Core/Src/system_stm32l4xx.o
                0x20000004                SystemCoreClock
 .data.uwTickPrio
                0x20000008        0x4 ./Drivers/STM32L4xx_HAL_Driver/Src/stm32l4xx_hal.o
                0x20000008                uwTickPrio
 .data.uwTickFreq
                0x2000000c        0x1 ./Drivers/STM32L4xx_HAL_Driver/Src/stm32l4xx_hal.o
                0x2000000c                uwTickFreq
 *fill*         0x2000000d        0x3 
 .data.InterruptThresholdSettings
                0x20000010      0x1b6 ./Drivers/VL5/core/src/vl53l0x_api.o
                0x20000010                InterruptThresholdSettings
 *fill*         0x200001c6        0x2 
 .data.DefaultTuningSettings
                0x200001c8       0xf3 ./Drivers/VL5/core/src/vl53l0x_api.o
                0x200001c8                DefaultTuningSettings
 *fill*         0x200002bb        0x1 
 .data.refArrayQuadrants
                0x200002bc       0x10 ./Drivers/VL5/core/src/vl53l0x_api_calibration.o
                0x200002bc                refArrayQuadrants
 .data._impure_ptr
                0x200002cc        0x4 /Applications/STM32CubeIDE.app/Contents/Eclipse/plugins/com.st.stm32cube.ide.mcu.externaltools.gnu-tools-for-stm32.13.3.rel1.macos64_1.0.0.202411102158/tools/bin/../lib/gcc/arm-none-eabi/13.3.1/../../../../arm-none-eabi/lib/thumb/v7e-m+fp/hard/libc_nano.a(libc_a-impure.o)
                0x200002cc                _impure_ptr
 .data._impure_data
                0x200002d0       0x4c /Applications/STM32CubeIDE.app/Contents/Eclipse/plugins/com.st.stm32cube.ide.mcu.externaltools.gnu-tools-for-stm32.13.3.rel1.macos64_1.0.0.202411102158/tools/bin/../lib/gcc/arm-none-eabi/13.3.1/../../../../arm-none-eabi/lib/thumb/v7e-m+fp/hard/libc_nano.a(libc_a-impure.o)
                0x200002d0                _impure_data
 *(.RamFunc)
 *(.RamFunc*)
                0x2000031c                        . = ALIGN (0x4)
                0x2000031c                        _edata = .

.igot.plt       0x2000031c        0x0 load address 0x0800b4f4
 .igot.plt      0x2000031c        0x0 /Applications/STM32CubeIDE.app/Contents/Eclipse/plugins/com.st.stm32cube.ide.mcu.externaltools.gnu-tools-for-stm32.13.3.rel1.macos64_1.0.0.202411102158/tools/bin/../lib/gcc/arm-none-eabi/13.3.1/thumb/v7e-m+fp/hard/crtbegin.o
                0x2000031c                        . = ALIGN (0x4)

.bss            0x2000031c      0x4ac load address 0x0800b4f4
                0x2000031c                        _sbss = .
                0x2000031c                        __bss_start__ = _sbss
 *(.bss)
 .bss           0x2000031c       0x1c /Applications/STM32CubeIDE.app/Contents/Eclipse/plugins/com.st.stm32cube.ide.mcu.externaltools.gnu-tools-for-stm32.13.3.rel1.macos64_1.0.0.202411102158/tools/bin/../lib/gcc/arm-none-eabi/13.3.1/thumb/v7e-m+fp/hard/crtbegin.o
 *(.bss*)
 .bss.hadc1     0x20000338       0x64 ./Core/Src/main.o
                0x20000338                hadc1
 .bss.hcan1     0x2000039c       0x28 ./Core/Src/main.o
                0x2000039c                hcan1
 .bss.hi2c1     0x200003c4       0x54 ./Core/Src/main.o
                0x200003c4                hi2c1
 .bss.htim2     0x20000418       0x4c ./Core/Src/main.o
                0x20000418                htim2
 .bss.huart1    0x20000464       0x88 ./Core/Src/main.o
                0x20000464                huart1
 .bss.vlDevice  0x200004ec      0x184 ./Core/Src/main.o
                0x200004ec                vlDevice
 .bss.currentRideHeight
                0x20000670        0x4 ./Core/Src/main.o
                0x20000670                currentRideHeight
 .bss.sensorStatus
                0x20000674        0x1 ./Core/Src/main.o
                0x20000674                sensorStatus
 *fill*         0x20000675        0x3 
 .bss.__sbrk_heap_end
                0x20000678        0x4 ./Core/Src/sysmem.o
 .bss.uwTick    0x2000067c        0x4 ./Drivers/STM32L4xx_HAL_Driver/Src/stm32l4xx_hal.o
                0x2000067c                uwTick
 .bss.__sf      0x20000680      0x138 /Applications/STM32CubeIDE.app/Contents/Eclipse/plugins/com.st.stm32cube.ide.mcu.externaltools.gnu-tools-for-stm32.13.3.rel1.macos64_1.0.0.202411102158/tools/bin/../lib/gcc/arm-none-eabi/13.3.1/../../../../arm-none-eabi/lib/thumb/v7e-m+fp/hard/libc_nano.a(libc_a-findfp.o)
                0x20000680                __sf
 .bss.__lock___malloc_recursive_mutex
                0x200007b8        0x1 /Applications/STM32CubeIDE.app/Contents/Eclipse/plugins/com.st.stm32cube.ide.mcu.externaltools.gnu-tools-for-stm32.13.3.rel1.macos64_1.0.0.202411102158/tools/bin/../lib/gcc/arm-none-eabi/13.3.1/../../../../arm-none-eabi/lib/thumb/v7e-m+fp/hard/libc_nano.a(libc_a-lock.o)
                0x200007b8                __lock___malloc_recursive_mutex
 *fill*         0x200007b9        0x3 
 .bss.__malloc_sbrk_start
                0x200007bc        0x4 /Applications/STM32CubeIDE.app/Contents/Eclipse/plugins/com.st.stm32cube.ide.mcu.externaltools.gnu-tools-for-stm32.13.3.rel1.macos64_1.0.0.202411102158/tools/bin/../lib/gcc/arm-none-eabi/13.3.1/../../../../arm-none-eabi/lib/thumb/v7e-m+fp/hard/libc_nano.a(libc_a-mallocr.o)
                0x200007bc                __malloc_sbrk_start
 .bss.__malloc_free_list
                0x200007c0        0x4 /Applications/STM32CubeIDE.app/Contents/Eclipse/plugins/com.st.stm32cube.ide.mcu.externaltools.gnu-tools-for-stm32.13.3.rel1.macos64_1.0.0.202411102158/tools/bin/../lib/gcc/arm-none-eabi/13.3.1/../../../../arm-none-eabi/lib/thumb/v7e-m+fp/hard/libc_nano.a(libc_a-mallocr.o)
                0x200007c0                __malloc_free_list
 .bss.errno     0x200007c4        0x4 /Applications/STM32CubeIDE.app/Contents/Eclipse/plugins/com.st.stm32cube.ide.mcu.externaltools.gnu-tools-for-stm32.13.3.rel1.macos64_1.0.0.202411102158/tools/bin/../lib/gcc/arm-none-eabi/13.3.1/../../../../arm-none-eabi/lib/thumb/v7e-m+fp/hard/libc_nano.a(libc_a-reent.o)
                0x200007c4                errno
 *(COMMON)
                0x200007c8                        . = ALIGN (0x4)
                0x200007c8                        _ebss = .
                0x200007c8                        __bss_end__ = _ebss

._user_heap_stack
                0x200007c8      0x600 load address 0x0800b4f4
                0x200007c8                        . = ALIGN (0x8)
                [!provide]                        PROVIDE (end = .)
                0x200007c8                        PROVIDE (_end = .)
                0x200009c8                        . = (. + _Min_Heap_Size)
 *fill*         0x200007c8      0x200 
                0x20000dc8                        . = (. + _Min_Stack_Size)
 *fill*         0x200009c8      0x400 
                0x20000dc8                        . = ALIGN (0x8)

/DISCARD/
 libc.a(*)
 libm.a(*)
 libgcc.a(*)

.ARM.attributes
                0x00000000       0x30
 *(.ARM.attributes)
 .ARM.attributes
                0x00000000       0x22 /Applications/STM32CubeIDE.app/Contents/Eclipse/plugins/com.st.stm32cube.ide.mcu.externaltools.gnu-tools-for-stm32.13.3.rel1.macos64_1.0.0.202411102158/tools/bin/../lib/gcc/arm-none-eabi/13.3.1/thumb/v7e-m+fp/hard/crti.o
 .ARM.attributes
                0x00000022       0x34 /Applications/STM32CubeIDE.app/Contents/Eclipse/plugins/com.st.stm32cube.ide.mcu.externaltools.gnu-tools-for-stm32.13.3.rel1.macos64_1.0.0.202411102158/tools/bin/../lib/gcc/arm-none-eabi/13.3.1/thumb/v7e-m+fp/hard/crtbegin.o
 .ARM.attributes
                0x00000056       0x34 ./Core/Src/main.o
 .ARM.attributes
                0x0000008a       0x34 ./Core/Src/stm32l4xx_hal_msp.o
 .ARM.attributes
                0x000000be       0x34 ./Core/Src/stm32l4xx_it.o
 .ARM.attributes
                0x000000f2       0x34 ./Core/Src/sysmem.o
 .ARM.attributes
                0x00000126       0x34 ./Core/Src/system_stm32l4xx.o
 .ARM.attributes
                0x0000015a       0x21 ./Core/Startup/startup_stm32l431cbtx.o
 .ARM.attributes
                0x0000017b       0x34 ./Drivers/STM32L4xx_HAL_Driver/Src/stm32l4xx_hal.o
 .ARM.attributes
                0x000001af       0x34 ./Drivers/STM32L4xx_HAL_Driver/Src/stm32l4xx_hal_adc.o
 .ARM.attributes
                0x000001e3       0x34 ./Drivers/STM32L4xx_HAL_Driver/Src/stm32l4xx_hal_can.o
 .ARM.attributes
                0x00000217       0x34 ./Drivers/STM32L4xx_HAL_Driver/Src/stm32l4xx_hal_cortex.o
 .ARM.attributes
                0x0000024b       0x34 ./Drivers/STM32L4xx_HAL_Driver/Src/stm32l4xx_hal_gpio.o
 .ARM.attributes
                0x0000027f       0x34 ./Drivers/STM32L4xx_HAL_Driver/Src/stm32l4xx_hal_i2c.o
 .ARM.attributes
                0x000002b3       0x34 ./Drivers/STM32L4xx_HAL_Driver/Src/stm32l4xx_hal_i2c_ex.o
 .ARM.attributes
                0x000002e7       0x34 ./Drivers/STM32L4xx_HAL_Driver/Src/stm32l4xx_hal_pwr_ex.o
 .ARM.attributes
                0x0000031b       0x34 ./Drivers/STM32L4xx_HAL_Driver/Src/stm32l4xx_hal_rcc.o
 .ARM.attributes
                0x0000034f       0x34 ./Drivers/STM32L4xx_HAL_Driver/Src/stm32l4xx_hal_rcc_ex.o
 .ARM.attributes
                0x00000383       0x34 ./Drivers/STM32L4xx_HAL_Driver/Src/stm32l4xx_hal_tim.o
 .ARM.attributes
                0x000003b7       0x34 ./Drivers/STM32L4xx_HAL_Driver/Src/stm32l4xx_hal_tim_ex.o
 .ARM.attributes
                0x000003eb       0x34 ./Drivers/STM32L4xx_HAL_Driver/Src/stm32l4xx_hal_uart.o
 .ARM.attributes
                0x0000041f       0x34 ./Drivers/VL5/core/src/vl53l0x_api.o
 .ARM.attributes
                0x00000453       0x34 ./Drivers/VL5/core/src/vl53l0x_api_calibration.o
 .ARM.attributes
                0x00000487       0x34 ./Drivers/VL5/core/src/vl53l0x_api_core.o
 .ARM.attributes
                0x000004bb       0x34 ./Drivers/VL5/platform/src/vl53l0x_platform.o
 .ARM.attributes
                0x000004ef       0x34 /Applications/STM32CubeIDE.app/Contents/Eclipse/plugins/com.st.stm32cube.ide.mcu.externaltools.gnu-tools-for-stm32.13.3.rel1.macos64_1.0.0.202411102158/tools/bin/../lib/gcc/arm-none-eabi/13.3.1/../../../../arm-none-eabi/lib/thumb/v7e-m+fp/hard/libc_nano.a(libc_a-sprintf.o)
 .ARM.attributes
                0x00000523       0x34 /Applications/STM32CubeIDE.app/Contents/Eclipse/plugins/com.st.stm32cube.ide.mcu.externaltools.gnu-tools-for-stm32.13.3.rel1.macos64_1.0.0.202411102158/tools/bin/../lib/gcc/arm-none-eabi/13.3.1/../../../../arm-none-eabi/lib/thumb/v7e-m+fp/hard/libc_nano.a(libc_a-findfp.o)
 .ARM.attributes
                0x00000557       0x34 /Applications/STM32CubeIDE.app/Contents/Eclipse/plugins/com.st.stm32cube.ide.mcu.externaltools.gnu-tools-for-stm32.13.3.rel1.macos64_1.0.0.202411102158/tools/bin/../lib/gcc/arm-none-eabi/13.3.1/../../../../arm-none-eabi/lib/thumb/v7e-m+fp/hard/libc_nano.a(libc_a-memset.o)
 .ARM.attributes
                0x0000058b       0x34 /Applications/STM32CubeIDE.app/Contents/Eclipse/plugins/com.st.stm32cube.ide.mcu.externaltools.gnu-tools-for-stm32.13.3.rel1.macos64_1.0.0.202411102158/tools/bin/../lib/gcc/arm-none-eabi/13.3.1/../../../../arm-none-eabi/lib/thumb/v7e-m+fp/hard/libc_nano.a(libc_a-errno.o)
 .ARM.attributes
                0x000005bf       0x34 /Applications/STM32CubeIDE.app/Contents/Eclipse/plugins/com.st.stm32cube.ide.mcu.externaltools.gnu-tools-for-stm32.13.3.rel1.macos64_1.0.0.202411102158/tools/bin/../lib/gcc/arm-none-eabi/13.3.1/../../../../arm-none-eabi/lib/thumb/v7e-m+fp/hard/libc_nano.a(libc_a-init.o)
 .ARM.attributes
                0x000005f3       0x34 /Applications/STM32CubeIDE.app/Contents/Eclipse/plugins/com.st.stm32cube.ide.mcu.externaltools.gnu-tools-for-stm32.13.3.rel1.macos64_1.0.0.202411102158/tools/bin/../lib/gcc/arm-none-eabi/13.3.1/../../../../arm-none-eabi/lib/thumb/v7e-m+fp/hard/libc_nano.a(libc_a-lock.o)
 .ARM.attributes
                0x00000627       0x34 /Applications/STM32CubeIDE.app/Contents/Eclipse/plugins/com.st.stm32cube.ide.mcu.externaltools.gnu-tools-for-stm32.13.3.rel1.macos64_1.0.0.202411102158/tools/bin/../lib/gcc/arm-none-eabi/13.3.1/../../../../arm-none-eabi/lib/thumb/v7e-m+fp/hard/libc_nano.a(libc_a-impure.o)
 .ARM.attributes
                0x0000065b       0x34 /Applications/STM32CubeIDE.app/Contents/Eclipse/plugins/com.st.stm32cube.ide.mcu.externaltools.gnu-tools-for-stm32.13.3.rel1.macos64_1.0.0.202411102158/tools/bin/../lib/gcc/arm-none-eabi/13.3.1/../../../../arm-none-eabi/lib/thumb/v7e-m+fp/hard/libc_nano.a(libc_a-strcpy.o)
 .ARM.attributes
                0x0000068f       0x34 /Applications/STM32CubeIDE.app/Contents/Eclipse/plugins/com.st.stm32cube.ide.mcu.externaltools.gnu-tools-for-stm32.13.3.rel1.macos64_1.0.0.202411102158/tools/bin/../lib/gcc/arm-none-eabi/13.3.1/../../../../arm-none-eabi/lib/thumb/v7e-m+fp/hard/libc_nano.a(libc_a-memcpy-stub.o)
 .ARM.attributes
                0x000006c3       0x17 /Applications/STM32CubeIDE.app/Contents/Eclipse/plugins/com.st.stm32cube.ide.mcu.externaltools.gnu-tools-for-stm32.13.3.rel1.macos64_1.0.0.202411102158/tools/bin/../lib/gcc/arm-none-eabi/13.3.1/../../../../arm-none-eabi/lib/thumb/v7e-m+fp/hard/libc_nano.a(libc_a-strlen.o)
 .ARM.attributes
                0x000006da       0x34 /Applications/STM32CubeIDE.app/Contents/Eclipse/plugins/com.st.stm32cube.ide.mcu.externaltools.gnu-tools-for-stm32.13.3.rel1.macos64_1.0.0.202411102158/tools/bin/../lib/gcc/arm-none-eabi/13.3.1/../../../../arm-none-eabi/lib/thumb/v7e-m+fp/hard/libc_nano.a(libc_a-nano-svfprintf.o)
 .ARM.attributes
                0x0000070e       0x34 /Applications/STM32CubeIDE.app/Contents/Eclipse/plugins/com.st.stm32cube.ide.mcu.externaltools.gnu-tools-for-stm32.13.3.rel1.macos64_1.0.0.202411102158/tools/bin/../lib/gcc/arm-none-eabi/13.3.1/../../../../arm-none-eabi/lib/thumb/v7e-m+fp/hard/libc_nano.a(libc_a-mallocr.o)
 .ARM.attributes
                0x00000742       0x34 /Applications/STM32CubeIDE.app/Contents/Eclipse/plugins/com.st.stm32cube.ide.mcu.externaltools.gnu-tools-for-stm32.13.3.rel1.macos64_1.0.0.202411102158/tools/bin/../lib/gcc/arm-none-eabi/13.3.1/../../../../arm-none-eabi/lib/thumb/v7e-m+fp/hard/libc_nano.a(libc_a-nano-vfprintf_i.o)
 .ARM.attributes
                0x00000776       0x34 /Applications/STM32CubeIDE.app/Contents/Eclipse/plugins/com.st.stm32cube.ide.mcu.externaltools.gnu-tools-for-stm32.13.3.rel1.macos64_1.0.0.202411102158/tools/bin/../lib/gcc/arm-none-eabi/13.3.1/../../../../arm-none-eabi/lib/thumb/v7e-m+fp/hard/libc_nano.a(libc_a-mlock.o)
 .ARM.attributes
                0x000007aa       0x34 /Applications/STM32CubeIDE.app/Contents/Eclipse/plugins/com.st.stm32cube.ide.mcu.externaltools.gnu-tools-for-stm32.13.3.rel1.macos64_1.0.0.202411102158/tools/bin/../lib/gcc/arm-none-eabi/13.3.1/../../../../arm-none-eabi/lib/thumb/v7e-m+fp/hard/libc_nano.a(libc_a-reallocr.o)
 .ARM.attributes
                0x000007de       0x34 /Applications/STM32CubeIDE.app/Contents/Eclipse/plugins/com.st.stm32cube.ide.mcu.externaltools.gnu-tools-for-stm32.13.3.rel1.macos64_1.0.0.202411102158/tools/bin/../lib/gcc/arm-none-eabi/13.3.1/../../../../arm-none-eabi/lib/thumb/v7e-m+fp/hard/libc_nano.a(libc_a-memmove.o)
 .ARM.attributes
                0x00000812       0x34 /Applications/STM32CubeIDE.app/Contents/Eclipse/plugins/com.st.stm32cube.ide.mcu.externaltools.gnu-tools-for-stm32.13.3.rel1.macos64_1.0.0.202411102158/tools/bin/../lib/gcc/arm-none-eabi/13.3.1/../../../../arm-none-eabi/lib/thumb/v7e-m+fp/hard/libc_nano.a(libc_a-sbrkr.o)
 .ARM.attributes
                0x00000846       0x34 /Applications/STM32CubeIDE.app/Contents/Eclipse/plugins/com.st.stm32cube.ide.mcu.externaltools.gnu-tools-for-stm32.13.3.rel1.macos64_1.0.0.202411102158/tools/bin/../lib/gcc/arm-none-eabi/13.3.1/../../../../arm-none-eabi/lib/thumb/v7e-m+fp/hard/libc_nano.a(libc_a-reent.o)
 .ARM.attributes
                0x0000087a       0x1c /Applications/STM32CubeIDE.app/Contents/Eclipse/plugins/com.st.stm32cube.ide.mcu.externaltools.gnu-tools-for-stm32.13.3.rel1.macos64_1.0.0.202411102158/tools/bin/../lib/gcc/arm-none-eabi/13.3.1/../../../../arm-none-eabi/lib/thumb/v7e-m+fp/hard/libc_nano.a(libc_a-memchr.o)
 .ARM.attributes
                0x00000896       0x34 /Applications/STM32CubeIDE.app/Contents/Eclipse/plugins/com.st.stm32cube.ide.mcu.externaltools.gnu-tools-for-stm32.13.3.rel1.macos64_1.0.0.202411102158/tools/bin/../lib/gcc/arm-none-eabi/13.3.1/../../../../arm-none-eabi/lib/thumb/v7e-m+fp/hard/libc_nano.a(libc_a-freer.o)
 .ARM.attributes
                0x000008ca       0x34 /Applications/STM32CubeIDE.app/Contents/Eclipse/plugins/com.st.stm32cube.ide.mcu.externaltools.gnu-tools-for-stm32.13.3.rel1.macos64_1.0.0.202411102158/tools/bin/../lib/gcc/arm-none-eabi/13.3.1/../../../../arm-none-eabi/lib/thumb/v7e-m+fp/hard/libc_nano.a(libc_a-msizer.o)
 .ARM.attributes
                0x000008fe       0x22 /Applications/STM32CubeIDE.app/Contents/Eclipse/plugins/com.st.stm32cube.ide.mcu.externaltools.gnu-tools-for-stm32.13.3.rel1.macos64_1.0.0.202411102158/tools/bin/../lib/gcc/arm-none-eabi/13.3.1/thumb/v7e-m+fp/hard/libgcc.a(_aeabi_uldivmod.o)
 .ARM.attributes
                0x00000920       0x34 /Applications/STM32CubeIDE.app/Contents/Eclipse/plugins/com.st.stm32cube.ide.mcu.externaltools.gnu-tools-for-stm32.13.3.rel1.macos64_1.0.0.202411102158/tools/bin/../lib/gcc/arm-none-eabi/13.3.1/thumb/v7e-m+fp/hard/libgcc.a(_udivmoddi4.o)
 .ARM.attributes
                0x00000954       0x22 /Applications/STM32CubeIDE.app/Contents/Eclipse/plugins/com.st.stm32cube.ide.mcu.externaltools.gnu-tools-for-stm32.13.3.rel1.macos64_1.0.0.202411102158/tools/bin/../lib/gcc/arm-none-eabi/13.3.1/thumb/v7e-m+fp/hard/libgcc.a(_dvmd_tls.o)
 .ARM.attributes
                0x00000976       0x22 /Applications/STM32CubeIDE.app/Contents/Eclipse/plugins/com.st.stm32cube.ide.mcu.externaltools.gnu-tools-for-stm32.13.3.rel1.macos64_1.0.0.202411102158/tools/bin/../lib/gcc/arm-none-eabi/13.3.1/thumb/v7e-m+fp/hard/crtn.o
OUTPUT(RH.elf elf32-littlearm)
LOAD linker stubs
LOAD /Applications/STM32CubeIDE.app/Contents/Eclipse/plugins/com.st.stm32cube.ide.mcu.externaltools.gnu-tools-for-stm32.13.3.rel1.macos64_1.0.0.202411102158/tools/bin/../lib/gcc/arm-none-eabi/13.3.1/../../../../arm-none-eabi/lib/thumb/v7e-m+fp/hard/libc.a
LOAD /Applications/STM32CubeIDE.app/Contents/Eclipse/plugins/com.st.stm32cube.ide.mcu.externaltools.gnu-tools-for-stm32.13.3.rel1.macos64_1.0.0.202411102158/tools/bin/../lib/gcc/arm-none-eabi/13.3.1/../../../../arm-none-eabi/lib/thumb/v7e-m+fp/hard/libm.a
LOAD /Applications/STM32CubeIDE.app/Contents/Eclipse/plugins/com.st.stm32cube.ide.mcu.externaltools.gnu-tools-for-stm32.13.3.rel1.macos64_1.0.0.202411102158/tools/bin/../lib/gcc/arm-none-eabi/13.3.1/thumb/v7e-m+fp/hard/libgcc.a

.debug_info     0x00000000    0x1e39f
 .debug_info    0x00000000     0x2891 ./Core/Src/main.o
 .debug_info    0x00002891     0x1ecb ./Core/Src/stm32l4xx_hal_msp.o
 .debug_info    0x0000475c      0xba2 ./Core/Src/stm32l4xx_it.o
 .debug_info    0x000052fe      0x168 ./Core/Src/sysmem.o
 .debug_info    0x00005466      0x5f0 ./Core/Src/system_stm32l4xx.o
 .debug_info    0x00005a56       0x30 ./Core/Startup/startup_stm32l431cbtx.o
 .debug_info    0x00005a86      0xad5 ./Drivers/STM32L4xx_HAL_Driver/Src/stm32l4xx_hal.o
 .debug_info    0x0000655b     0x1cf0 ./Drivers/STM32L4xx_HAL_Driver/Src/stm32l4xx_hal_adc.o
 .debug_info    0x0000824b      0xf71 ./Drivers/STM32L4xx_HAL_Driver/Src/stm32l4xx_hal_can.o
 .debug_info    0x000091bc      0xd47 ./Drivers/STM32L4xx_HAL_Driver/Src/stm32l4xx_hal_cortex.o
 .debug_info    0x00009f03      0x79f ./Drivers/STM32L4xx_HAL_Driver/Src/stm32l4xx_hal_gpio.o
 .debug_info    0x0000a6a2     0x20fc ./Drivers/STM32L4xx_HAL_Driver/Src/stm32l4xx_hal_i2c.o
 .debug_info    0x0000c79e      0x9ab ./Drivers/STM32L4xx_HAL_Driver/Src/stm32l4xx_hal_i2c_ex.o
 .debug_info    0x0000d149      0x8f2 ./Drivers/STM32L4xx_HAL_Driver/Src/stm32l4xx_hal_pwr_ex.o
 .debug_info    0x0000da3b      0xbf4 ./Drivers/STM32L4xx_HAL_Driver/Src/stm32l4xx_hal_rcc.o
 .debug_info    0x0000e62f      0xf46 ./Drivers/STM32L4xx_HAL_Driver/Src/stm32l4xx_hal_rcc_ex.o
 .debug_info    0x0000f575     0x2ade ./Drivers/STM32L4xx_HAL_Driver/Src/stm32l4xx_hal_tim.o
 .debug_info    0x00012053     0x16e0 ./Drivers/STM32L4xx_HAL_Driver/Src/stm32l4xx_hal_tim_ex.o
 .debug_info    0x00013733     0x3b9c ./Drivers/STM32L4xx_HAL_Driver/Src/stm32l4xx_hal_uart.o
 .debug_info    0x000172cf     0x2e7c ./Drivers/VL5/core/src/vl53l0x_api.o
 .debug_info    0x0001a14b     0x170c ./Drivers/VL5/core/src/vl53l0x_api_calibration.o
 .debug_info    0x0001b857     0x1b4d ./Drivers/VL5/core/src/vl53l0x_api_core.o
 .debug_info    0x0001d3a4      0xffb ./Drivers/VL5/platform/src/vl53l0x_platform.o

.debug_abbrev   0x00000000     0x32b0
 .debug_abbrev  0x00000000      0x303 ./Core/Src/main.o
 .debug_abbrev  0x00000303      0x26b ./Core/Src/stm32l4xx_hal_msp.o
 .debug_abbrev  0x0000056e      0x20b ./Core/Src/stm32l4xx_it.o
 .debug_abbrev  0x00000779       0xbc ./Core/Src/sysmem.o
 .debug_abbrev  0x00000835      0x117 ./Core/Src/system_stm32l4xx.o
 .debug_abbrev  0x0000094c       0x24 ./Core/Startup/startup_stm32l431cbtx.o
 .debug_abbrev  0x00000970      0x243 ./Drivers/STM32L4xx_HAL_Driver/Src/stm32l4xx_hal.o
 .debug_abbrev  0x00000bb3      0x2e8 ./Drivers/STM32L4xx_HAL_Driver/Src/stm32l4xx_hal_adc.o
 .debug_abbrev  0x00000e9b      0x269 ./Drivers/STM32L4xx_HAL_Driver/Src/stm32l4xx_hal_can.o
 .debug_abbrev  0x00001104      0x31c ./Drivers/STM32L4xx_HAL_Driver/Src/stm32l4xx_hal_cortex.o
 .debug_abbrev  0x00001420      0x1d1 ./Drivers/STM32L4xx_HAL_Driver/Src/stm32l4xx_hal_gpio.o
 .debug_abbrev  0x000015f1      0x285 ./Drivers/STM32L4xx_HAL_Driver/Src/stm32l4xx_hal_i2c.o
 .debug_abbrev  0x00001876      0x1cb ./Drivers/STM32L4xx_HAL_Driver/Src/stm32l4xx_hal_i2c_ex.o
 .debug_abbrev  0x00001a41      0x1f9 ./Drivers/STM32L4xx_HAL_Driver/Src/stm32l4xx_hal_pwr_ex.o
 .debug_abbrev  0x00001c3a      0x2dc ./Drivers/STM32L4xx_HAL_Driver/Src/stm32l4xx_hal_rcc.o
 .debug_abbrev  0x00001f16      0x2a0 ./Drivers/STM32L4xx_HAL_Driver/Src/stm32l4xx_hal_rcc_ex.o
 .debug_abbrev  0x000021b6      0x289 ./Drivers/STM32L4xx_HAL_Driver/Src/stm32l4xx_hal_tim.o
 .debug_abbrev  0x0000243f      0x284 ./Drivers/STM32L4xx_HAL_Driver/Src/stm32l4xx_hal_tim_ex.o
 .debug_abbrev  0x000026c3      0x2f3 ./Drivers/STM32L4xx_HAL_Driver/Src/stm32l4xx_hal_uart.o
 .debug_abbrev  0x000029b6      0x248 ./Drivers/VL5/core/src/vl53l0x_api.o
 .debug_abbrev  0x00002bfe      0x240 ./Drivers/VL5/core/src/vl53l0x_api_calibration.o
 .debug_abbrev  0x00002e3e      0x250 ./Drivers/VL5/core/src/vl53l0x_api_core.o
 .debug_abbrev  0x0000308e      0x222 ./Drivers/VL5/platform/src/vl53l0x_platform.o

.debug_aranges  0x00000000     0x1a00
 .debug_aranges
                0x00000000       0x68 ./Core/Src/main.o
 .debug_aranges
                0x00000068       0x70 ./Core/Src/stm32l4xx_hal_msp.o
 .debug_aranges
                0x000000d8       0x90 ./Core/Src/stm32l4xx_it.o
 .debug_aranges
                0x00000168       0x20 ./Core/Src/sysmem.o
 .debug_aranges
                0x00000188       0x28 ./Core/Src/system_stm32l4xx.o
 .debug_aranges
                0x000001b0       0x28 ./Core/Startup/startup_stm32l431cbtx.o
 .debug_aranges
                0x000001d8      0x130 ./Drivers/STM32L4xx_HAL_Driver/Src/stm32l4xx_hal.o
 .debug_aranges
                0x00000308      0x210 ./Drivers/STM32L4xx_HAL_Driver/Src/stm32l4xx_hal_adc.o
 .debug_aranges
                0x00000518      0x138 ./Drivers/STM32L4xx_HAL_Driver/Src/stm32l4xx_hal_can.o
 .debug_aranges
                0x00000650      0x128 ./Drivers/STM32L4xx_HAL_Driver/Src/stm32l4xx_hal_cortex.o
 .debug_aranges
                0x00000778       0x58 ./Drivers/STM32L4xx_HAL_Driver/Src/stm32l4xx_hal_gpio.o
 .debug_aranges
                0x000007d0      0x2a0 ./Drivers/STM32L4xx_HAL_Driver/Src/stm32l4xx_hal_i2c.o
 .debug_aranges
                0x00000a70       0x48 ./Drivers/STM32L4xx_HAL_Driver/Src/stm32l4xx_hal_i2c_ex.o
 .debug_aranges
                0x00000ab8      0x100 ./Drivers/STM32L4xx_HAL_Driver/Src/stm32l4xx_hal_pwr_ex.o
 .debug_aranges
                0x00000bb8       0x90 ./Drivers/STM32L4xx_HAL_Driver/Src/stm32l4xx_hal_rcc.o
 .debug_aranges
                0x00000c48       0xf0 ./Drivers/STM32L4xx_HAL_Driver/Src/stm32l4xx_hal_rcc_ex.o
 .debug_aranges
                0x00000d38      0x3e0 ./Drivers/STM32L4xx_HAL_Driver/Src/stm32l4xx_hal_tim.o
 .debug_aranges
                0x00001118      0x180 ./Drivers/STM32L4xx_HAL_Driver/Src/stm32l4xx_hal_tim_ex.o
 .debug_aranges
                0x00001298      0x228 ./Drivers/STM32L4xx_HAL_Driver/Src/stm32l4xx_hal_uart.o
 .debug_aranges
                0x000014c0      0x320 ./Drivers/VL5/core/src/vl53l0x_api.o
 .debug_aranges
                0x000017e0       0xd0 ./Drivers/VL5/core/src/vl53l0x_api_calibration.o
 .debug_aranges
                0x000018b0       0xe8 ./Drivers/VL5/core/src/vl53l0x_api_core.o
 .debug_aranges
                0x00001998       0x68 ./Drivers/VL5/platform/src/vl53l0x_platform.o

.debug_rnglists
                0x00000000     0x145a
 .debug_rnglists
                0x00000000       0x4f ./Core/Src/main.o
 .debug_rnglists
                0x0000004f       0x53 ./Core/Src/stm32l4xx_hal_msp.o
 .debug_rnglists
                0x000000a2       0x67 ./Core/Src/stm32l4xx_it.o
 .debug_rnglists
                0x00000109       0x13 ./Core/Src/sysmem.o
 .debug_rnglists
                0x0000011c       0x1a ./Core/Src/system_stm32l4xx.o
 .debug_rnglists
                0x00000136       0x19 ./Core/Startup/startup_stm32l431cbtx.o
 .debug_rnglists
                0x0000014f       0xdf ./Drivers/STM32L4xx_HAL_Driver/Src/stm32l4xx_hal.o
 .debug_rnglists
                0x0000022e      0x196 ./Drivers/STM32L4xx_HAL_Driver/Src/stm32l4xx_hal_adc.o
 .debug_rnglists
                0x000003c4       0xee ./Drivers/STM32L4xx_HAL_Driver/Src/stm32l4xx_hal_can.o
 .debug_rnglists
                0x000004b2       0xda ./Drivers/STM32L4xx_HAL_Driver/Src/stm32l4xx_hal_cortex.o
 .debug_rnglists
                0x0000058c       0x3f ./Drivers/STM32L4xx_HAL_Driver/Src/stm32l4xx_hal_gpio.o
 .debug_rnglists
                0x000005cb      0x228 ./Drivers/STM32L4xx_HAL_Driver/Src/stm32l4xx_hal_i2c.o
 .debug_rnglists
                0x000007f3       0x35 ./Drivers/STM32L4xx_HAL_Driver/Src/stm32l4xx_hal_i2c_ex.o
 .debug_rnglists
                0x00000828       0xc1 ./Drivers/STM32L4xx_HAL_Driver/Src/stm32l4xx_hal_pwr_ex.o
 .debug_rnglists
                0x000008e9       0x6d ./Drivers/STM32L4xx_HAL_Driver/Src/stm32l4xx_hal_rcc.o
 .debug_rnglists
                0x00000956       0xba ./Drivers/STM32L4xx_HAL_Driver/Src/stm32l4xx_hal_rcc_ex.o
 .debug_rnglists
                0x00000a10      0x32b ./Drivers/STM32L4xx_HAL_Driver/Src/stm32l4xx_hal_tim.o
 .debug_rnglists
                0x00000d3b      0x139 ./Drivers/STM32L4xx_HAL_Driver/Src/stm32l4xx_hal_tim_ex.o
 .debug_rnglists
                0x00000e74      0x1da ./Drivers/STM32L4xx_HAL_Driver/Src/stm32l4xx_hal_uart.o
 .debug_rnglists
                0x0000104e      0x26a ./Drivers/VL5/core/src/vl53l0x_api.o
 .debug_rnglists
                0x000012b8       0xa4 ./Drivers/VL5/core/src/vl53l0x_api_calibration.o
 .debug_rnglists
                0x0000135c       0xb5 ./Drivers/VL5/core/src/vl53l0x_api_core.o
 .debug_rnglists
                0x00001411       0x49 ./Drivers/VL5/platform/src/vl53l0x_platform.o

.debug_macro    0x00000000    0x2547b
 .debug_macro   0x00000000      0x38e ./Core/Src/main.o
 .debug_macro   0x0000038e      0xad8 ./Core/Src/main.o
 .debug_macro   0x00000e66      0x1b9 ./Core/Src/main.o
 .debug_macro   0x0000101f       0x2e ./Core/Src/main.o
 .debug_macro   0x0000104d       0x28 ./Core/Src/main.o
 .debug_macro   0x00001075       0x22 ./Core/Src/main.o
 .debug_macro   0x00001097       0x8e ./Core/Src/main.o
 .debug_macro   0x00001125       0x51 ./Core/Src/main.o
 .debug_macro   0x00001176      0x103 ./Core/Src/main.o
 .debug_macro   0x00001279       0x6a ./Core/Src/main.o
 .debug_macro   0x000012e3      0x1df ./Core/Src/main.o
 .debug_macro   0x000014c2       0x1c ./Core/Src/main.o
 .debug_macro   0x000014de       0x22 ./Core/Src/main.o
 .debug_macro   0x00001500       0xfb ./Core/Src/main.o
 .debug_macro   0x000015fb     0x1011 ./Core/Src/main.o
 .debug_macro   0x0000260c      0x11f ./Core/Src/main.o
 .debug_macro   0x0000272b    0x1511c ./Core/Src/main.o
 .debug_macro   0x00017847       0x6d ./Core/Src/main.o
 .debug_macro   0x000178b4     0x38fb ./Core/Src/main.o
 .debug_macro   0x0001b1af      0x190 ./Core/Src/main.o
 .debug_macro   0x0001b33f       0x5c ./Core/Src/main.o
 .debug_macro   0x0001b39b     0x1328 ./Core/Src/main.o
 .debug_macro   0x0001c6c3      0x5a5 ./Core/Src/main.o
 .debug_macro   0x0001cc68      0x1b9 ./Core/Src/main.o
 .debug_macro   0x0001ce21      0x11b ./Core/Src/main.o
 .debug_macro   0x0001cf3c      0x2c4 ./Core/Src/main.o
 .debug_macro   0x0001d200      0x27a ./Core/Src/main.o
 .debug_macro   0x0001d47a      0x23d ./Core/Src/main.o
 .debug_macro   0x0001d6b7      0xde5 ./Core/Src/main.o
 .debug_macro   0x0001e49c      0x61d ./Core/Src/main.o
 .debug_macro   0x0001eab9      0x241 ./Core/Src/main.o
 .debug_macro   0x0001ecfa      0x408 ./Core/Src/main.o
 .debug_macro   0x0001f102      0x241 ./Core/Src/main.o
 .debug_macro   0x0001f343      0x375 ./Core/Src/main.o
 .debug_macro   0x0001f6b8       0xd6 ./Core/Src/main.o
 .debug_macro   0x0001f78e      0x22c ./Core/Src/main.o
 .debug_macro   0x0001f9ba       0x61 ./Core/Src/main.o
 .debug_macro   0x0001fa1b       0xa5 ./Core/Src/main.o
 .debug_macro   0x0001fac0      0x122 ./Core/Src/main.o
 .debug_macro   0x0001fbe2      0x2ee ./Core/Src/main.o
 .debug_macro   0x0001fed0      0xa98 ./Core/Src/main.o
 .debug_macro   0x00020968      0x12d ./Core/Src/main.o
 .debug_macro   0x00020a95      0x5cf ./Core/Src/main.o
 .debug_macro   0x00021064       0x44 ./Core/Src/main.o
 .debug_macro   0x000210a8      0x26d ./Core/Src/main.o
 .debug_macro   0x00021315       0x16 ./Core/Src/main.o
 .debug_macro   0x0002132b       0x76 ./Core/Src/main.o
 .debug_macro   0x000213a1      0x29c ./Core/Src/main.o