2025-11-15 11:52:42,803 [INFO] Activator:176 - 


2025-11-15 11:52:42,812 [INFO] Activator:177 - !SESSION log4j initialized
2025-11-15 11:52:45,781 [INFO] LogOutputStream:77 - [STDOUT_REDIRECT] 
2025-11-15 11:52:47,605 [ERROR] LogOutputStream:75 - [STDERR_REDIRECT] 
2025-11-15 11:52:50,578 [INFO] LogOutputStream:77 - [STDOUT_REDIRECT] 
2025-11-15 11:52:55,043 [INFO] ApplicationProperties:184 - Using Application install path: /Applications/STM32CubeIDE.app/Contents/Eclipse/plugins/com.st.stm32cube.common.mx_6.15.0.202507011659
2025-11-15 11:52:55,064 [INFO] DbMcusXml:78 - Set database path to: /Applications/STM32CubeIDE.app/Contents/Eclipse/plugins/com.st.stm32cube.common.mx_6.15.0.202507011659//db//mcu/
2025-11-15 11:52:55,064 [INFO] ApiDb:274 - Set plugin database path to: /Applications/STM32CubeIDE.app/Contents/Eclipse/plugins/com.st.stm32cube.common.mx_6.15.0.202507011659//db//plugins/boardmanager/
2025-11-15 11:52:55,066 [WARN] ApiDb:259 - Overriding images path with different value:  => /Applications/STM32CubeIDE.app/Contents/Eclipse/plugins/com.st.stm32cube.common.mx_6.15.0.202507011659//db//plugins/mcufinder/images/
2025-11-15 11:52:55,078 [INFO] ApiDb:250 - Set database path to: /Users/karthikkurapati/.stmcufinder/plugins/mcufinder//mcu/
2025-11-15 11:52:55,080 [INFO] DbMcusAds:125 - Set database path to: /Users/karthikkurapati/.stmcufinder/plugins/mcufinder//mcu/
2025-11-15 11:52:55,083 [INFO] CrossReferenceDbSqlite:203 - Set database path to: /Users/karthikkurapati/.stmcufinder/plugins/mcufinder//mcu/cs/
2025-11-15 11:52:55,310 [INFO] RulesReader:64 - Compatibility file has been processed (317 Rules)
2025-11-15 11:52:55,417 [INFO] DbMcusXml:78 - Set database path to: /Applications/STM32CubeIDE.app/Contents/Eclipse/plugins/com.st.stm32cube.common.mx_6.15.0.202507011659//db//mcu/
2025-11-15 11:52:55,417 [INFO] ApiDb:274 - Set plugin database path to: /Applications/STM32CubeIDE.app/Contents/Eclipse/plugins/com.st.stm32cube.common.mx_6.15.0.202507011659//db//plugins/boardmanager/
2025-11-15 11:52:55,418 [INFO] ApiDb:261 - Set plugin images path to: /Applications/STM32CubeIDE.app/Contents/Eclipse/plugins/com.st.stm32cube.common.mx_6.15.0.202507011659//db//plugins/mcufinder/images/
2025-11-15 11:52:55,418 [WARN] DbFile:41 - Overriding database path with different value: /Users/karthikkurapati/.stmcufinder/plugins/mcufinder/ => /Users/karthikkurapati/.stmcufinder/plugins/mcufinder
2025-11-15 11:52:55,418 [INFO] ApiDb:250 - Set database path to: /Users/karthikkurapati/.stmcufinder/plugins/mcufinder//mcu/
2025-11-15 11:52:55,419 [WARN] DbFile:41 - Overriding database path with different value: /Users/karthikkurapati/.stmcufinder/plugins/mcufinder/ => /Users/karthikkurapati/.stmcufinder/plugins/mcufinder
2025-11-15 11:52:55,419 [INFO] DbMcusAds:125 - Set database path to: /Users/karthikkurapati/.stmcufinder/plugins/mcufinder//mcu/
2025-11-15 11:52:55,419 [WARN] DbFile:41 - Overriding database path with different value: /Users/karthikkurapati/.stmcufinder/plugins/mcufinder/ => /Users/karthikkurapati/.stmcufinder/plugins/mcufinder
2025-11-15 11:52:55,419 [WARN] DbFile:41 - Overriding database path with different value: /Users/karthikkurapati/.stmcufinder/plugins/mcufinder/ => /Users/karthikkurapati/.stmcufinder/plugins/mcufinder
2025-11-15 11:52:55,419 [INFO] CrossReferenceDbSqlite:203 - Set database path to: /Users/karthikkurapati/.stmcufinder/plugins/mcufinder//mcu/cs/
2025-11-15 11:52:55,567 [INFO] MainPanel:274 - HeapMemory: 268435456
2025-11-15 11:52:56,352 [INFO] DbMcusXml:78 - Set database path to: /Applications/STM32CubeIDE.app/Contents/Eclipse/plugins/com.st.stm32cube.common.mx_6.15.0.202507011659//db//mcu/
2025-11-15 11:52:56,353 [INFO] ApiDb:274 - Set plugin database path to: /Applications/STM32CubeIDE.app/Contents/Eclipse/plugins/com.st.stm32cube.common.mx_6.15.0.202507011659//db//plugins/boardmanager/
2025-11-15 11:52:56,353 [INFO] ApiDb:261 - Set plugin images path to: /Applications/STM32CubeIDE.app/Contents/Eclipse/plugins/com.st.stm32cube.common.mx_6.15.0.202507011659//db//plugins/mcufinder/images/
2025-11-15 11:52:56,354 [WARN] DbFile:41 - Overriding database path with different value: /Users/karthikkurapati/.stmcufinder/plugins/mcufinder/ => /Users/karthikkurapati/.stmcufinder/plugins/mcufinder
2025-11-15 11:52:56,354 [INFO] ApiDb:250 - Set database path to: /Users/karthikkurapati/.stmcufinder/plugins/mcufinder//mcu/
2025-11-15 11:52:56,355 [WARN] DbFile:41 - Overriding database path with different value: /Users/karthikkurapati/.stmcufinder/plugins/mcufinder/ => /Users/karthikkurapati/.stmcufinder/plugins/mcufinder
2025-11-15 11:52:56,355 [INFO] DbMcusAds:125 - Set database path to: /Users/karthikkurapati/.stmcufinder/plugins/mcufinder//mcu/
2025-11-15 11:52:56,355 [WARN] DbFile:41 - Overriding database path with different value: /Users/karthikkurapati/.stmcufinder/plugins/mcufinder/ => /Users/karthikkurapati/.stmcufinder/plugins/mcufinder
2025-11-15 11:52:56,355 [WARN] DbFile:41 - Overriding database path with different value: /Users/karthikkurapati/.stmcufinder/plugins/mcufinder/ => /Users/karthikkurapati/.stmcufinder/plugins/mcufinder
2025-11-15 11:52:56,356 [INFO] CrossReferenceDbSqlite:203 - Set database path to: /Users/karthikkurapati/.stmcufinder/plugins/mcufinder//mcu/cs/
2025-11-15 11:52:56,546 [INFO] ApplicationProperties:184 - Using Application install path: /Applications/STM32CubeIDE.app/Contents/Eclipse/plugins/com.st.stm32cube.common.mx_6.15.0.202507011659
2025-11-15 11:52:56,550 [INFO] PluginManage:196 - Search for loadable plugins [exclusion list=, ]
2025-11-15 11:52:56,555 [INFO] PluginManage:310 - Check plugin analytics
2025-11-15 11:52:57,001 [INFO] AnalyticsPlugin:253 - Accepted Software Licenses: 
2025-11-15 11:52:57,002 [INFO] AnalyticsPlugin:255 - Accepted CMSIS Pack Licenses: 
2025-11-15 11:52:57,002 [INFO] AnalyticsPlugin:257 - Accepted Firmware Licenses: 
2025-11-15 11:52:57,020 [INFO] PluginManage:359 - Loaded plugin analytics (category:tool,tabindex:-1)
2025-11-15 11:52:57,023 [INFO] PluginManage:310 - Check plugin cadmodel
2025-11-15 11:52:57,042 [INFO] CADModel:105 - Init CAD model plugin
2025-11-15 11:52:57,042 [INFO] PluginManage:359 - Loaded plugin cadmodel (category:power,tabindex:5)
2025-11-15 11:52:57,043 [INFO] PluginManage:310 - Check plugin clock
2025-11-15 11:52:57,067 [INFO] PluginManage:359 - Loaded plugin clock (category:base,tabindex:2)
2025-11-15 11:52:57,067 [INFO] PluginManage:310 - Check plugin ddr
2025-11-15 11:52:57,070 [INFO] PluginManage:359 - Loaded plugin ddr (category:tool,tabindex:6)
2025-11-15 11:52:57,071 [INFO] PluginManage:310 - Check plugin filemanager
2025-11-15 11:52:58,226 [INFO] PluginManage:359 - Loaded plugin filemanager (category:base,tabindex:10)
2025-11-15 11:52:58,233 [INFO] PluginManage:310 - Check plugin ipmanager
2025-11-15 11:52:58,284 [INFO] PluginManage:359 - Loaded plugin ipmanager (category:base,tabindex:5)
2025-11-15 11:52:58,288 [INFO] PluginManage:310 - Check plugin lpbam
2025-11-15 11:52:58,338 [INFO] PluginManage:359 - Loaded plugin lpbam (category:base,tabindex:0)
2025-11-15 11:52:58,338 [INFO] PluginManage:310 - Check plugin memorymap
2025-11-15 11:52:58,363 [INFO] PluginManage:359 - Loaded plugin memorymap (category:base,tabindex:4)
2025-11-15 11:52:58,363 [INFO] PluginManage:310 - Check plugin pinoutandconfiguration
2025-11-15 11:52:58,376 [INFO] PluginManage:359 - Loaded plugin pinoutandconfiguration (category:base,tabindex:1)
2025-11-15 11:52:58,376 [INFO] PluginManage:310 - Check plugin pinoutconfig
2025-11-15 11:52:58,718 [WARN] SupportedApi:132 - Cannot load RTOS API schema: s4s-elt-must-match.1: The content of 'definitions' must match (annotation?, (simpleType | complexType)?, (unique | key | keyref)*)). A problem was found starting at: attribute.
2025-11-15 11:52:58,753 [INFO] McuFinderGlobals:63 - Set McuFinder mode to 2 (CubeIDE integrated)
2025-11-15 11:52:59,053 [INFO] PluginManage:359 - Loaded plugin pinoutconfig (category:base,tabindex:0)
2025-11-15 11:52:59,054 [INFO] PluginManage:310 - Check plugin power
2025-11-15 11:52:59,077 [INFO] PluginManage:359 - Loaded plugin power (category:power,tabindex:4)
2025-11-15 11:52:59,077 [INFO] PluginManage:310 - Check plugin projectmanager
2025-11-15 11:52:59,115 [INFO] PluginManage:359 - Loaded plugin projectmanager (category:projectmanager,tabindex:4)
2025-11-15 11:52:59,115 [INFO] PluginManage:310 - Check plugin rif
2025-11-15 11:52:59,126 [INFO] PluginManage:359 - Loaded plugin rif (category:base,tabindex:3)
2025-11-15 11:52:59,127 [INFO] PluginManage:310 - Check plugin thirdparty
2025-11-15 11:52:59,532 [WARN] IntegrityCheckThread:84 - waiting for thirdparty lock release [integrity check]
2025-11-15 11:52:59,532 [INFO] PluginManage:359 - Loaded plugin thirdparty (category:base,tabindex:-1)
2025-11-15 11:52:59,533 [INFO] IntegrityCheckThread:86 - entering critical section [integrity check]
2025-11-15 11:52:59,533 [INFO] PluginManage:310 - Check plugin tools
2025-11-15 11:52:59,535 [INFO] ThirdPartyUpdaterWithRetryManager:70 - Updater plugin not ready yet. [1/15]
2025-11-15 11:52:59,538 [INFO] PluginManage:359 - Loaded plugin tools (category:base,tabindex:7)
2025-11-15 11:52:59,538 [INFO] PluginManage:310 - Check plugin tutovideos
2025-11-15 11:52:59,829 [INFO] PluginManage:359 - Loaded plugin tutovideos (category:base,tabindex:-1)
2025-11-15 11:52:59,830 [INFO] PluginManage:310 - Check plugin updater
2025-11-15 11:52:59,874 [INFO] PluginManage:359 - Loaded plugin updater (category:base,tabindex:12)
2025-11-15 11:52:59,875 [INFO] PluginManage:310 - Check plugin userauth
2025-11-15 11:52:59,880 [INFO] UserAuth:118 - Init User Auth plugin
2025-11-15 11:52:59,882 [INFO] PluginManage:359 - Loaded plugin userauth (category:base,tabindex:14)
2025-11-15 11:52:59,884 [INFO] PluginManage:283 - PluginManage : Loaded plugins [18]
2025-11-15 11:53:02,542 [INFO] ThirdPartyUpdaterWithRetryManager:70 - Updater plugin not ready yet. [2/15]
2025-11-15 11:53:05,549 [INFO] ThirdPartyUpdaterWithRetryManager:70 - Updater plugin not ready yet. [3/15]
2025-11-15 11:53:08,556 [INFO] ThirdPartyUpdaterWithRetryManager:70 - Updater plugin not ready yet. [4/15]
2025-11-15 11:53:11,562 [INFO] ThirdPartyUpdaterWithRetryManager:70 - Updater plugin not ready yet. [5/15]
2025-11-15 11:53:14,567 [INFO] ThirdPartyUpdaterWithRetryManager:70 - Updater plugin not ready yet. [6/15]
2025-11-15 11:53:17,572 [INFO] ThirdPartyUpdaterWithRetryManager:70 - Updater plugin not ready yet. [7/15]
2025-11-15 11:53:20,578 [INFO] ThirdPartyUpdaterWithRetryManager:70 - Updater plugin not ready yet. [8/15]
2025-11-15 11:53:23,587 [INFO] ThirdPartyUpdaterWithRetryManager:70 - Updater plugin not ready yet. [9/15]
2025-11-15 11:53:26,594 [INFO] ThirdPartyUpdaterWithRetryManager:70 - Updater plugin not ready yet. [10/15]
2025-11-15 11:53:29,601 [INFO] ThirdPartyUpdaterWithRetryManager:70 - Updater plugin not ready yet. [11/15]
2025-11-15 11:53:32,603 [INFO] ThirdPartyUpdaterWithRetryManager:70 - Updater plugin not ready yet. [12/15]
2025-11-15 11:53:35,609 [INFO] ThirdPartyUpdaterWithRetryManager:70 - Updater plugin not ready yet. [13/15]
2025-11-15 11:53:38,615 [INFO] ThirdPartyUpdaterWithRetryManager:70 - Updater plugin not ready yet. [14/15]
2025-11-15 11:53:41,619 [INFO] ThirdPartyUpdaterWithRetryManager:70 - Updater plugin not ready yet. [15/15]
2025-11-15 11:53:41,620 [ERROR] AbstractThirdPartyUpdaterManager:170 - Updater plugin not retrieved
2025-11-15 11:53:41,621 [ERROR] IntegrityCheckThread:130 - Cannot retrieve database content from updater: error -1
2025-11-15 11:53:41,622 [INFO] ThirdParty:978 - Integrity check success = false
2025-11-15 11:53:41,622 [INFO] IntegrityCheckThread:100 - exiting critical section [integrity check]
2025-11-15 11:53:41,622 [INFO] IntegrityCheckThread:103 - End integrity checks thread
2025-11-15 11:55:58,226 [INFO] Activator:176 - 


2025-11-15 11:55:58,229 [INFO] Activator:177 - !SESSION log4j initialized
2025-11-15 11:56:01,073 [INFO] LogOutputStream:77 - [STDOUT_REDIRECT] 
2025-11-15 11:56:02,582 [ERROR] LogOutputStream:75 - [STDERR_REDIRECT] 
2025-11-15 11:56:05,620 [INFO] LogOutputStream:77 - [STDOUT_REDIRECT] 
2025-11-15 11:56:05,790 [ERROR] ApiDbMcu:1760 - Can't use Application install path:
2025-11-15 11:56:05,795 [WARN] RulesReader:66 - Compatibility file://mcu/compatibility.xml not found
2025-11-15 11:56:09,637 [INFO] ApplicationProperties:184 - Using Application install path: /Applications/STM32CubeIDE.app/Contents/Eclipse/plugins/com.st.stm32cube.common.mx_6.15.0.202507011659
2025-11-15 11:56:09,652 [INFO] DbMcusXml:78 - Set database path to: /Applications/STM32CubeIDE.app/Contents/Eclipse/plugins/com.st.stm32cube.common.mx_6.15.0.202507011659//db//mcu/
2025-11-15 11:56:09,653 [INFO] ApiDb:274 - Set plugin database path to: /Applications/STM32CubeIDE.app/Contents/Eclipse/plugins/com.st.stm32cube.common.mx_6.15.0.202507011659//db//plugins/boardmanager/
2025-11-15 11:56:09,653 [WARN] ApiDb:259 - Overriding images path with different value:  => /Applications/STM32CubeIDE.app/Contents/Eclipse/plugins/com.st.stm32cube.common.mx_6.15.0.202507011659//db//plugins/mcufinder/images/
2025-11-15 11:56:09,663 [INFO] ApiDb:250 - Set database path to: /Users/karthikkurapati/.stmcufinder/plugins/mcufinder//mcu/
2025-11-15 11:56:09,665 [INFO] DbMcusAds:125 - Set database path to: /Users/karthikkurapati/.stmcufinder/plugins/mcufinder//mcu/
2025-11-15 11:56:09,668 [INFO] CrossReferenceDbSqlite:203 - Set database path to: /Users/karthikkurapati/.stmcufinder/plugins/mcufinder//mcu/cs/
2025-11-15 11:56:09,721 [INFO] McuFinderGlobals:63 - Set McuFinder mode to 2 (CubeIDE integrated)
2025-11-15 11:56:09,758 [INFO] DbMcusXml:78 - Set database path to: /Applications/STM32CubeIDE.app/Contents/Eclipse/plugins/com.st.stm32cube.common.mx_6.15.0.202507011659//db//mcu/
2025-11-15 11:56:09,764 [INFO] ApiDb:274 - Set plugin database path to: /Applications/STM32CubeIDE.app/Contents/Eclipse/plugins/com.st.stm32cube.common.mx_6.15.0.202507011659//db//plugins/boardmanager/
2025-11-15 11:56:09,765 [INFO] ApiDb:261 - Set plugin images path to: /Applications/STM32CubeIDE.app/Contents/Eclipse/plugins/com.st.stm32cube.common.mx_6.15.0.202507011659//db//plugins/mcufinder/images/
2025-11-15 11:56:09,766 [WARN] DbFile:41 - Overriding database path with different value: /Users/karthikkurapati/.stmcufinder/plugins/mcufinder/ => /Users/karthikkurapati/.stmcufinder/plugins/mcufinder
2025-11-15 11:56:09,766 [INFO] ApiDb:250 - Set database path to: /Users/karthikkurapati/.stmcufinder/plugins/mcufinder//mcu/
2025-11-15 11:56:09,767 [WARN] DbFile:41 - Overriding database path with different value: /Users/karthikkurapati/.stmcufinder/plugins/mcufinder/ => /Users/karthikkurapati/.stmcufinder/plugins/mcufinder
2025-11-15 11:56:09,767 [INFO] DbMcusAds:125 - Set database path to: /Users/karthikkurapati/.stmcufinder/plugins/mcufinder//mcu/
2025-11-15 11:56:09,767 [WARN] DbFile:41 - Overriding database path with different value: /Users/karthikkurapati/.stmcufinder/plugins/mcufinder/ => /Users/karthikkurapati/.stmcufinder/plugins/mcufinder
2025-11-15 11:56:09,767 [WARN] DbFile:41 - Overriding database path with different value: /Users/karthikkurapati/.stmcufinder/plugins/mcufinder/ => /Users/karthikkurapati/.stmcufinder/plugins/mcufinder
2025-11-15 11:56:09,767 [INFO] CrossReferenceDbSqlite:203 - Set database path to: /Users/karthikkurapati/.stmcufinder/plugins/mcufinder//mcu/cs/
2025-11-15 11:56:09,885 [INFO] MainPanel:274 - HeapMemory: 268435456
