16:46:56 **** Incremental Build of configuration Debug for project rideheight ****
make -j7 all 
arm-none-eabi-gcc "../Core/Src/main.c" -mcpu=cortex-m4 -std=gnu11 -g3 -DDEBUG -DUSE_HAL_DRIVER -DSTM32L431xx -c -I../Core/Inc -I../Drivers/STM32L4xx_HAL_Driver/Inc -I../Drivers/STM32L4xx_HAL_Driver/Inc/Legacy -I../Drivers/CMSIS/Device/ST/STM32L4xx/Include -I../Drivers/CMSIS/Include -O0 -ffunction-sections -fdata-sections -Wall -fstack-usage -fcyclomatic-complexity -MMD -MP -MF"Core/Src/main.d" -MT"Core/Src/main.o" --specs=nano.specs -mfpu=fpv4-sp-d16 -mfloat-abi=hard -mthumb -o "Core/Src/main.o"
arm-none-eabi-gcc -o "rideheight.elf" @"objects.list"   -mcpu=cortex-m4 -T"/Users/karthikkurapati/LHR/VCAT-Air-Sus/CubeMX/Sus-RHBoard/rideheight/STM32L431CBTX_FLASH.ld" --specs=nosys.specs -Wl,-Map="rideheight.map" -Wl,--gc-sections -static --specs=nano.specs -mfpu=fpv4-sp-d16 -mfloat-abi=hard -mthumb -Wl,--start-group -lc -lm -Wl,--end-group
Finished building target: rideheight.elf
 
arm-none-eabi-size  rideheight.elf 
arm-none-eabi-objdump -h -S rideheight.elf  > "rideheight.list"
   text	   data	    bss	    dec	    hex	filename
  20412	     92	   2220	  22724	   58c4	rideheight.elf
Finished building: default.size.stdout
 
Finished building: rideheight.list
 

16:46:56 Build Finished. 0 errors, 0 warnings. (took 790ms)

